[1.072s] Invoking command in '/home/abc/ws01_plumbing/src/py04_param': PYTHONPATH=/home/abc/ws01_plumbing/build/py04_param/prefix_override:/usr/lib/python3/dist-packages/colcon_core/task/python/colcon_distutils_commands:/home/abc/ws01_plumbing/install/py04_param/lib/python3.10/site-packages:${PYTHONPATH} /usr/bin/python3 -W ignore:setup.py install is deprecated -W ignore:easy_install command is deprecated setup.py egg_info --egg-base ../../build/py04_param build --build-base /home/abc/ws01_plumbing/build/py04_param/build install --record /home/abc/ws01_plumbing/build/py04_param/install.log --single-version-externally-managed install_data
[1.397s] running egg_info
[1.397s] creating ../../build/py04_param/py04_param.egg-info
[1.397s] writing ../../build/py04_param/py04_param.egg-info/PKG-INFO
[1.398s] writing dependency_links to ../../build/py04_param/py04_param.egg-info/dependency_links.txt
[1.398s] writing entry points to ../../build/py04_param/py04_param.egg-info/entry_points.txt
[1.398s] writing requirements to ../../build/py04_param/py04_param.egg-info/requires.txt
[1.399s] writing top-level names to ../../build/py04_param/py04_param.egg-info/top_level.txt
[1.399s] writing manifest file '../../build/py04_param/py04_param.egg-info/SOURCES.txt'
[1.401s] reading manifest file '../../build/py04_param/py04_param.egg-info/SOURCES.txt'
[1.401s] writing manifest file '../../build/py04_param/py04_param.egg-info/SOURCES.txt'
[1.401s] running build
[1.402s] running build_py
[1.402s] creating /home/abc/ws01_plumbing/build/py04_param/build
[1.402s] creating /home/abc/ws01_plumbing/build/py04_param/build/lib
[1.402s] creating /home/abc/ws01_plumbing/build/py04_param/build/lib/py04_param
[1.402s] copying py04_param/demo01_param_server_py.py -> /home/abc/ws01_plumbing/build/py04_param/build/lib/py04_param
[1.403s] copying py04_param/__init__.py -> /home/abc/ws01_plumbing/build/py04_param/build/lib/py04_param
[1.403s] copying py04_param/demo00_param_py.py -> /home/abc/ws01_plumbing/build/py04_param/build/lib/py04_param
[1.404s] running install
[1.405s] running install_lib
[1.405s] creating /home/abc/ws01_plumbing/install/py04_param/lib/python3.10/site-packages/py04_param
[1.405s] copying /home/abc/ws01_plumbing/build/py04_param/build/lib/py04_param/demo01_param_server_py.py -> /home/abc/ws01_plumbing/install/py04_param/lib/python3.10/site-packages/py04_param
[1.405s] copying /home/abc/ws01_plumbing/build/py04_param/build/lib/py04_param/__init__.py -> /home/abc/ws01_plumbing/install/py04_param/lib/python3.10/site-packages/py04_param
[1.405s] copying /home/abc/ws01_plumbing/build/py04_param/build/lib/py04_param/demo00_param_py.py -> /home/abc/ws01_plumbing/install/py04_param/lib/python3.10/site-packages/py04_param
[1.407s] byte-compiling /home/abc/ws01_plumbing/install/py04_param/lib/python3.10/site-packages/py04_param/demo01_param_server_py.py to demo01_param_server_py.cpython-310.pyc
[1.407s] byte-compiling /home/abc/ws01_plumbing/install/py04_param/lib/python3.10/site-packages/py04_param/__init__.py to __init__.cpython-310.pyc
[1.407s] byte-compiling /home/abc/ws01_plumbing/install/py04_param/lib/python3.10/site-packages/py04_param/demo00_param_py.py to demo00_param_py.cpython-310.pyc
[1.408s] running install_data
[1.408s] creating /home/abc/ws01_plumbing/install/py04_param/share/ament_index
[1.408s] creating /home/abc/ws01_plumbing/install/py04_param/share/ament_index/resource_index
[1.408s] creating /home/abc/ws01_plumbing/install/py04_param/share/ament_index/resource_index/packages
[1.408s] copying resource/py04_param -> /home/abc/ws01_plumbing/install/py04_param/share/ament_index/resource_index/packages
[1.408s] copying package.xml -> /home/abc/ws01_plumbing/install/py04_param/share/py04_param
[1.408s] running install_egg_info
[1.412s] Copying ../../build/py04_param/py04_param.egg-info to /home/abc/ws01_plumbing/install/py04_param/lib/python3.10/site-packages/py04_param-0.0.0-py3.10.egg-info
[1.415s] running install_scripts
[1.437s] Installing demo00_param_py script to /home/abc/ws01_plumbing/install/py04_param/lib/py04_param
[1.438s] Installing demo01_param_server_py script to /home/abc/ws01_plumbing/install/py04_param/lib/py04_param
[1.441s] writing list of installed files to '/home/abc/ws01_plumbing/build/py04_param/install.log'
[1.479s] Invoked command in '/home/abc/ws01_plumbing/src/py04_param' returned '0': PYTHONPATH=/home/abc/ws01_plumbing/build/py04_param/prefix_override:/usr/lib/python3/dist-packages/colcon_core/task/python/colcon_distutils_commands:/home/abc/ws01_plumbing/install/py04_param/lib/python3.10/site-packages:${PYTHONPATH} /usr/bin/python3 -W ignore:setup.py install is deprecated -W ignore:easy_install command is deprecated setup.py egg_info --egg-base ../../build/py04_param build --build-base /home/abc/ws01_plumbing/build/py04_param/build install --record /home/abc/ws01_plumbing/build/py04_param/install.log --single-version-externally-managed install_data
