-- Install configuration: ""
-- Up-to-date: /home/abc/ROS2_SIM_WS/install/mycar_description/share/mycar_description/launch
-- Up-to-date: /home/abc/ROS2_SIM_WS/install/mycar_description/share/mycar_description/launch/mycar_desc_sim.launch.py
-- Up-to-date: /home/abc/ROS2_SIM_WS/install/mycar_description/share/mycar_description/launch/mycar_desc.launch.py
-- Up-to-date: /home/abc/ROS2_SIM_WS/install/mycar_description/share/mycar_description/urdf
-- Up-to-date: /home/abc/ROS2_SIM_WS/install/mycar_description/share/mycar_description/urdf/arduino.urdf
-- Up-to-date: /home/abc/ROS2_SIM_WS/install/mycar_description/share/mycar_description/urdf/stm32_4w.urdf
-- Up-to-date: /home/abc/ROS2_SIM_WS/install/mycar_description/share/mycar_description/urdf/stm32_2w.urdf
-- Up-to-date: /home/abc/ROS2_SIM_WS/install/mycar_description/share/mycar_description/mesh
-- Up-to-date: /home/abc/ROS2_SIM_WS/install/mycar_description/share/mycar_description/mesh/mycar_4w.stl
-- Up-to-date: /home/abc/ROS2_SIM_WS/install/mycar_description/share/mycar_description/mesh/mycar_2w.stl
-- Up-to-date: /home/abc/ROS2_SIM_WS/install/mycar_description/share/ament_index/resource_index/package_run_dependencies/mycar_description
-- Up-to-date: /home/abc/ROS2_SIM_WS/install/mycar_description/share/ament_index/resource_index/parent_prefix_path/mycar_description
-- Up-to-date: /home/abc/ROS2_SIM_WS/install/mycar_description/share/mycar_description/environment/ament_prefix_path.sh
-- Up-to-date: /home/abc/ROS2_SIM_WS/install/mycar_description/share/mycar_description/environment/ament_prefix_path.dsv
-- Up-to-date: /home/abc/ROS2_SIM_WS/install/mycar_description/share/mycar_description/environment/path.sh
-- Up-to-date: /home/abc/ROS2_SIM_WS/install/mycar_description/share/mycar_description/environment/path.dsv
-- Up-to-date: /home/abc/ROS2_SIM_WS/install/mycar_description/share/mycar_description/local_setup.bash
-- Up-to-date: /home/abc/ROS2_SIM_WS/install/mycar_description/share/mycar_description/local_setup.sh
-- Up-to-date: /home/abc/ROS2_SIM_WS/install/mycar_description/share/mycar_description/local_setup.zsh
-- Up-to-date: /home/abc/ROS2_SIM_WS/install/mycar_description/share/mycar_description/local_setup.dsv
-- Up-to-date: /home/abc/ROS2_SIM_WS/install/mycar_description/share/mycar_description/package.dsv
-- Up-to-date: /home/abc/ROS2_SIM_WS/install/mycar_description/share/ament_index/resource_index/packages/mycar_description
-- Up-to-date: /home/abc/ROS2_SIM_WS/install/mycar_description/share/mycar_description/cmake/mycar_descriptionConfig.cmake
-- Up-to-date: /home/abc/ROS2_SIM_WS/install/mycar_description/share/mycar_description/cmake/mycar_descriptionConfig-version.cmake
-- Up-to-date: /home/abc/ROS2_SIM_WS/install/mycar_description/share/mycar_description/package.xml
