[0.017s] Invoking command in '/home/abc/ws01_plumbing/build/cpp07_exercise': CMAKE_PREFIX_PATH=/home/abc/ws01_plumbing/install/turtlesim:/home/abc/ws01_plumbing/install/base_interfaces_demo:/home/abc/ws01_plumbing/install/cpp07_exercise:/opt/ros/humble /usr/bin/cmake --build /home/abc/ws01_plumbing/build/cpp07_exercise -- -j4 -l4
[0.056s] [ 50%] Built target exer02_server
[0.056s] [ 66%] Built target exer03_client
[0.056s] [100%] Built target exer01_pub_sub
[0.064s] Invoked command in '/home/abc/ws01_plumbing/build/cpp07_exercise' returned '0': CMAKE_PREFIX_PATH=/home/abc/ws01_plumbing/install/turtlesim:/home/abc/ws01_plumbing/install/base_interfaces_demo:/home/abc/ws01_plumbing/install/cpp07_exercise:/opt/ros/humble /usr/bin/cmake --build /home/abc/ws01_plumbing/build/cpp07_exercise -- -j4 -l4
[0.071s] Invoking command in '/home/abc/ws01_plumbing/build/cpp07_exercise': CMAKE_PREFIX_PATH=/home/abc/ws01_plumbing/install/turtlesim:/home/abc/ws01_plumbing/install/base_interfaces_demo:/home/abc/ws01_plumbing/install/cpp07_exercise:/opt/ros/humble /usr/bin/cmake --install /home/abc/ws01_plumbing/build/cpp07_exercise
[0.076s] -- Install configuration: ""
[0.076s] -- Up-to-date: /home/abc/ws01_plumbing/install/cpp07_exercise/lib/cpp07_exercise/exer01_pub_sub
[0.076s] -- Up-to-date: /home/abc/ws01_plumbing/install/cpp07_exercise/lib/cpp07_exercise/exer02_server
[0.076s] -- Up-to-date: /home/abc/ws01_plumbing/install/cpp07_exercise/lib/cpp07_exercise/exer03_client
[0.076s] -- Up-to-date: /home/abc/ws01_plumbing/install/cpp07_exercise/share/cpp07_exercise/launch
[0.076s] -- Up-to-date: /home/abc/ws01_plumbing/install/cpp07_exercise/share/cpp07_exercise/launch/exer01_pub_sub_launch.py
[0.076s] -- Up-to-date: /home/abc/ws01_plumbing/install/cpp07_exercise/share/cpp07_exercise/launch/exer02_server_launch.py
[0.076s] -- Installing: /home/abc/ws01_plumbing/install/cpp07_exercise/share/cpp07_exercise/launch/exer03_client_launch.py
[0.077s] -- Up-to-date: /home/abc/ws01_plumbing/install/cpp07_exercise/share/ament_index/resource_index/package_run_dependencies/cpp07_exercise
[0.077s] -- Up-to-date: /home/abc/ws01_plumbing/install/cpp07_exercise/share/ament_index/resource_index/parent_prefix_path/cpp07_exercise
[0.077s] -- Up-to-date: /home/abc/ws01_plumbing/install/cpp07_exercise/share/cpp07_exercise/environment/ament_prefix_path.sh
[0.077s] -- Up-to-date: /home/abc/ws01_plumbing/install/cpp07_exercise/share/cpp07_exercise/environment/ament_prefix_path.dsv
[0.077s] -- Up-to-date: /home/abc/ws01_plumbing/install/cpp07_exercise/share/cpp07_exercise/environment/path.sh
[0.077s] -- Up-to-date: /home/abc/ws01_plumbing/install/cpp07_exercise/share/cpp07_exercise/environment/path.dsv
[0.077s] -- Up-to-date: /home/abc/ws01_plumbing/install/cpp07_exercise/share/cpp07_exercise/local_setup.bash
[0.077s] -- Up-to-date: /home/abc/ws01_plumbing/install/cpp07_exercise/share/cpp07_exercise/local_setup.sh
[0.077s] -- Up-to-date: /home/abc/ws01_plumbing/install/cpp07_exercise/share/cpp07_exercise/local_setup.zsh
[0.078s] -- Up-to-date: /home/abc/ws01_plumbing/install/cpp07_exercise/share/cpp07_exercise/local_setup.dsv
[0.078s] -- Installing: /home/abc/ws01_plumbing/install/cpp07_exercise/share/cpp07_exercise/package.dsv
[0.078s] -- Up-to-date: /home/abc/ws01_plumbing/install/cpp07_exercise/share/ament_index/resource_index/packages/cpp07_exercise
[0.078s] -- Up-to-date: /home/abc/ws01_plumbing/install/cpp07_exercise/share/cpp07_exercise/cmake/cpp07_exerciseConfig.cmake
[0.078s] -- Up-to-date: /home/abc/ws01_plumbing/install/cpp07_exercise/share/cpp07_exercise/cmake/cpp07_exerciseConfig-version.cmake
[0.078s] -- Up-to-date: /home/abc/ws01_plumbing/install/cpp07_exercise/share/cpp07_exercise/package.xml
[0.079s] Invoked command in '/home/abc/ws01_plumbing/build/cpp07_exercise' returned '0': CMAKE_PREFIX_PATH=/home/abc/ws01_plumbing/install/turtlesim:/home/abc/ws01_plumbing/install/base_interfaces_demo:/home/abc/ws01_plumbing/install/cpp07_exercise:/opt/ros/humble /usr/bin/cmake --install /home/abc/ws01_plumbing/build/cpp07_exercise
