[35m[1mConsolidate compiler generated dependencies of target stage[0m
[ 57%] Built target stage
[35m[1mConsolidate compiler generated dependencies of target source[0m
[35m[1mConsolidate compiler generated dependencies of target stagebinary[0m
[35m[1mConsolidate compiler generated dependencies of target fasr[0m
[35m[1mConsolidate compiler generated dependencies of target sink[0m
[ 61%] Built target source
[ 64%] Built target fasr
[ 67%] Built target sink
[ 71%] Built target stagebinary
[35m[1mConsolidate compiler generated dependencies of target wander[0m
[35m[1mConsolidate compiler generated dependencies of target pioneer_flocking[0m
[ 74%] Built target wander
[ 77%] Built target pioneer_flocking
[35m[1mConsolidate compiler generated dependencies of target rasterize[0m
[35m[1mConsolidate compiler generated dependencies of target lasernoise[0m
[ 81%] Built target rasterize
[35m[1mConsolidate compiler generated dependencies of target fasr2[0m
[35m[1mConsolidate compiler generated dependencies of target dynamic[0m
[ 84%] Built target lasernoise
[35m[1mConsolidate compiler generated dependencies of target expand_swarm[0m
[35m[1mConsolidate compiler generated dependencies of target expand_pioneer[0m
[ 89%] Built target fasr2
[ 93%] Built target expand_swarm
[ 96%] Built target dynamic
[100%] Built target expand_pioneer
