-- Install configuration: ""
-- Up-to-date: /home/abc/ROS2_SIM_WS/install/demo_stage_sim/share/demo_stage_sim/launch
-- Up-to-date: /home/abc/ROS2_SIM_WS/install/demo_stage_sim/share/demo_stage_sim/launch/sim.launch.py
-- Up-to-date: /home/abc/ROS2_SIM_WS/install/demo_stage_sim/share/demo_stage_sim/world
-- Installing: /home/abc/ROS2_SIM_WS/install/demo_stage_sim/share/demo_stage_sim/world/sim_world
-- Up-to-date: /home/abc/ROS2_SIM_WS/install/demo_stage_sim/share/demo_stage_sim/world/maps
-- Up-to-date: /home/abc/ROS2_SIM_WS/install/demo_stage_sim/share/demo_stage_sim/world/maps/cave.png
-- Up-to-date: /home/abc/ROS2_SIM_WS/install/demo_stage_sim/share/demo_stage_sim/world/maps/autolab.png
-- Up-to-date: /home/abc/ROS2_SIM_WS/install/demo_stage_sim/share/demo_stage_sim/world/maps/space_invader.png
-- Up-to-date: /home/abc/ROS2_SIM_WS/install/demo_stage_sim/share/demo_stage_sim/world/maps/frieburg.png
-- Up-to-date: /home/abc/ROS2_SIM_WS/install/demo_stage_sim/share/demo_stage_sim/world/maps/line.png
-- Up-to-date: /home/abc/ROS2_SIM_WS/install/demo_stage_sim/share/demo_stage_sim/world/maps/ghost.png
-- Up-to-date: /home/abc/ROS2_SIM_WS/install/demo_stage_sim/share/demo_stage_sim/world/maps/simple_rooms.png
-- Up-to-date: /home/abc/ROS2_SIM_WS/install/demo_stage_sim/share/demo_stage_sim/world/maps/hospital_section.png
-- Up-to-date: /home/abc/ROS2_SIM_WS/install/demo_stage_sim/share/demo_stage_sim/world/maps/my_house.jpg
-- Up-to-date: /home/abc/ROS2_SIM_WS/install/demo_stage_sim/share/demo_stage_sim/world/maps/human_outline.png
-- Up-to-date: /home/abc/ROS2_SIM_WS/install/demo_stage_sim/share/demo_stage_sim/world/maps/uoa_robotics_lab.png
-- Up-to-date: /home/abc/ROS2_SIM_WS/install/demo_stage_sim/share/demo_stage_sim/world/robot
-- Up-to-date: /home/abc/ROS2_SIM_WS/install/demo_stage_sim/share/demo_stage_sim/world/robot/laser.inc
-- Up-to-date: /home/abc/ROS2_SIM_WS/install/demo_stage_sim/share/demo_stage_sim/world/robot/car_base.inc
-- Up-to-date: /home/abc/ROS2_SIM_WS/install/demo_stage_sim/share/demo_stage_sim/world/robot/camera.inc
-- Up-to-date: /home/abc/ROS2_SIM_WS/install/demo_stage_sim/share/demo_stage_sim/world/robot/mycar.inc
-- Up-to-date: /home/abc/ROS2_SIM_WS/install/demo_stage_sim/share/ament_index/resource_index/package_run_dependencies/demo_stage_sim
-- Up-to-date: /home/abc/ROS2_SIM_WS/install/demo_stage_sim/share/ament_index/resource_index/parent_prefix_path/demo_stage_sim
-- Up-to-date: /home/abc/ROS2_SIM_WS/install/demo_stage_sim/share/demo_stage_sim/environment/ament_prefix_path.sh
-- Up-to-date: /home/abc/ROS2_SIM_WS/install/demo_stage_sim/share/demo_stage_sim/environment/ament_prefix_path.dsv
-- Up-to-date: /home/abc/ROS2_SIM_WS/install/demo_stage_sim/share/demo_stage_sim/environment/path.sh
-- Up-to-date: /home/abc/ROS2_SIM_WS/install/demo_stage_sim/share/demo_stage_sim/environment/path.dsv
-- Up-to-date: /home/abc/ROS2_SIM_WS/install/demo_stage_sim/share/demo_stage_sim/local_setup.bash
-- Up-to-date: /home/abc/ROS2_SIM_WS/install/demo_stage_sim/share/demo_stage_sim/local_setup.sh
-- Up-to-date: /home/abc/ROS2_SIM_WS/install/demo_stage_sim/share/demo_stage_sim/local_setup.zsh
-- Up-to-date: /home/abc/ROS2_SIM_WS/install/demo_stage_sim/share/demo_stage_sim/local_setup.dsv
-- Up-to-date: /home/abc/ROS2_SIM_WS/install/demo_stage_sim/share/demo_stage_sim/package.dsv
-- Up-to-date: /home/abc/ROS2_SIM_WS/install/demo_stage_sim/share/ament_index/resource_index/packages/demo_stage_sim
-- Up-to-date: /home/abc/ROS2_SIM_WS/install/demo_stage_sim/share/demo_stage_sim/cmake/demo_stage_simConfig.cmake
-- Up-to-date: /home/abc/ROS2_SIM_WS/install/demo_stage_sim/share/demo_stage_sim/cmake/demo_stage_simConfig-version.cmake
-- Up-to-date: /home/abc/ROS2_SIM_WS/install/demo_stage_sim/share/demo_stage_sim/package.xml
