[0.009s] Invoking command in '/home/abc/ROS2_VOICE_WS/src/build/voice_case': CMAKE_PREFIX_PATH=/opt/ros/humble /usr/bin/cmake --build /home/abc/ROS2_VOICE_WS/src/build/voice_case -- -j4 -l4
[0.047s] [ 50%] [32mBuilding CXX object CMakeFiles/voice_control.dir/src/voice_control.cpp.o[0m
[7.253s] [100%] [32m[1mLinking CXX executable voice_control[0m
[7.651s] [100%] Built target voice_control
[7.661s] Invoked command in '/home/abc/ROS2_VOICE_WS/src/build/voice_case' returned '0': CMAKE_PREFIX_PATH=/opt/ros/humble /usr/bin/cmake --build /home/abc/ROS2_VOICE_WS/src/build/voice_case -- -j4 -l4
[7.663s] Invoking command in '/home/abc/ROS2_VOICE_WS/src/build/voice_case': CMAKE_PREFIX_PATH=/opt/ros/humble /usr/bin/cmake --install /home/abc/ROS2_VOICE_WS/src/build/voice_case
[7.672s] -- Install configuration: ""
[7.672s] -- Installing: /home/abc/ROS2_VOICE_WS/src/install/voice_case/lib/voice_case/voice_control
[7.676s] -- Set runtime path of "/home/abc/ROS2_VOICE_WS/src/install/voice_case/lib/voice_case/voice_control" to ""
[7.676s] -- Installing: /home/abc/ROS2_VOICE_WS/src/install/voice_case/share/ament_index/resource_index/package_run_dependencies/voice_case
[7.677s] -- Installing: /home/abc/ROS2_VOICE_WS/src/install/voice_case/share/ament_index/resource_index/parent_prefix_path/voice_case
[7.677s] -- Installing: /home/abc/ROS2_VOICE_WS/src/install/voice_case/share/voice_case/environment/ament_prefix_path.sh
[7.677s] -- Installing: /home/abc/ROS2_VOICE_WS/src/install/voice_case/share/voice_case/environment/ament_prefix_path.dsv
[7.678s] -- Installing: /home/abc/ROS2_VOICE_WS/src/install/voice_case/share/voice_case/environment/path.sh
[7.678s] -- Installing: /home/abc/ROS2_VOICE_WS/src/install/voice_case/share/voice_case/environment/path.dsv
[7.678s] -- Installing: /home/abc/ROS2_VOICE_WS/src/install/voice_case/share/voice_case/local_setup.bash
[7.679s] -- Installing: /home/abc/ROS2_VOICE_WS/src/install/voice_case/share/voice_case/local_setup.sh
[7.679s] -- Installing: /home/abc/ROS2_VOICE_WS/src/install/voice_case/share/voice_case/local_setup.zsh
[7.679s] -- Installing: /home/abc/ROS2_VOICE_WS/src/install/voice_case/share/voice_case/local_setup.dsv
[7.679s] -- Installing: /home/abc/ROS2_VOICE_WS/src/install/voice_case/share/voice_case/package.dsv
[7.680s] -- Installing: /home/abc/ROS2_VOICE_WS/src/install/voice_case/share/ament_index/resource_index/packages/voice_case
[7.680s] -- Installing: /home/abc/ROS2_VOICE_WS/src/install/voice_case/share/voice_case/cmake/voice_caseConfig.cmake
[7.680s] -- Installing: /home/abc/ROS2_VOICE_WS/src/install/voice_case/share/voice_case/cmake/voice_caseConfig-version.cmake
[7.682s] -- Installing: /home/abc/ROS2_VOICE_WS/src/install/voice_case/share/voice_case/package.xml
[7.683s] Invoked command in '/home/abc/ROS2_VOICE_WS/src/build/voice_case' returned '0': CMAKE_PREFIX_PATH=/opt/ros/humble /usr/bin/cmake --install /home/abc/ROS2_VOICE_WS/src/build/voice_case
