[0.010s] Invoking command in '/home/abc/ROS2_SIM_WS/build/demo_gazebo_sim': CMAKE_PREFIX_PATH=${CMAKE_PREFIX_PATH}:/opt/ros/humble /usr/bin/cmake /home/abc/ROS2_SIM_WS/src/demo_gazebo_sim -DCMAKE_INSTALL_PREFIX=/home/abc/ROS2_SIM_WS/install/demo_gazebo_sim
[0.143s] -- The C compiler identification is GNU 11.4.0
[0.256s] -- The CXX compiler identification is GNU 11.4.0
[0.268s] -- Detecting C compiler ABI info
[0.336s] -- Detecting C compiler ABI info - done
[0.341s] -- Check for working C compiler: /usr/bin/cc - skipped
[0.343s] -- Detecting C compile features
[0.344s] -- Detecting C compile features - done
[0.348s] -- Detecting CXX compiler ABI info
[0.435s] -- Detecting CXX compiler ABI info - done
[0.445s] -- Check for working CXX compiler: /usr/bin/c++ - skipped
[0.445s] -- Detecting CXX compile features
[0.446s] -- Detecting CXX compile features - done
[0.467s] -- Found ament_cmake: 1.3.11 (/opt/ros/humble/share/ament_cmake/cmake)
[0.584s] -- Found Python3: /usr/bin/python3 (found version "3.10.12") found components: Interpreter 
[0.686s] -- Found ament_lint_auto: 0.12.11 (/opt/ros/humble/share/ament_lint_auto/cmake)
[0.763s] -- Added test 'flake8' to check Python code syntax and style conventions
[0.764s] -- Added test 'lint_cmake' to check CMake code style
[0.765s] -- Added test 'pep257' to check Python code against some of the docstring style conventions in PEP 257
[0.766s] -- Added test 'xmllint' to check XML markup files
[0.768s] -- Configuring done
[0.769s] -- Generating done
[0.772s] -- Build files have been written to: /home/abc/ROS2_SIM_WS/build/demo_gazebo_sim
[0.775s] Invoked command in '/home/abc/ROS2_SIM_WS/build/demo_gazebo_sim' returned '0': CMAKE_PREFIX_PATH=${CMAKE_PREFIX_PATH}:/opt/ros/humble /usr/bin/cmake /home/abc/ROS2_SIM_WS/src/demo_gazebo_sim -DCMAKE_INSTALL_PREFIX=/home/abc/ROS2_SIM_WS/install/demo_gazebo_sim
[0.775s] Invoking command in '/home/abc/ROS2_SIM_WS/build/demo_gazebo_sim': CMAKE_PREFIX_PATH=${CMAKE_PREFIX_PATH}:/opt/ros/humble /usr/bin/cmake --build /home/abc/ROS2_SIM_WS/build/demo_gazebo_sim -- -j4 -l4
[0.800s] Invoked command in '/home/abc/ROS2_SIM_WS/build/demo_gazebo_sim' returned '0': CMAKE_PREFIX_PATH=${CMAKE_PREFIX_PATH}:/opt/ros/humble /usr/bin/cmake --build /home/abc/ROS2_SIM_WS/build/demo_gazebo_sim -- -j4 -l4
[0.808s] Invoking command in '/home/abc/ROS2_SIM_WS/build/demo_gazebo_sim': CMAKE_PREFIX_PATH=${CMAKE_PREFIX_PATH}:/opt/ros/humble /usr/bin/cmake --install /home/abc/ROS2_SIM_WS/build/demo_gazebo_sim
[0.812s] -- Install configuration: ""
[0.812s] -- Installing: /home/abc/ROS2_SIM_WS/install/demo_gazebo_sim/share/demo_gazebo_sim/launch
[0.812s] -- Installing: /home/abc/ROS2_SIM_WS/install/demo_gazebo_sim/share/demo_gazebo_sim/launch/gazebo_sim_car.launch.py
[0.812s] -- Installing: /home/abc/ROS2_SIM_WS/install/demo_gazebo_sim/share/demo_gazebo_sim/launch/gazebo_sim_demo.launch.py
[0.812s] -- Installing: /home/abc/ROS2_SIM_WS/install/demo_gazebo_sim/share/demo_gazebo_sim/launch/gazebo_sim_world.launch.py
[0.812s] -- Installing: /home/abc/ROS2_SIM_WS/install/demo_gazebo_sim/share/demo_gazebo_sim/world
[0.814s] -- Installing: /home/abc/ROS2_SIM_WS/install/demo_gazebo_sim/share/demo_gazebo_sim/world/house_add.sdf
[0.814s] -- Installing: /home/abc/ROS2_SIM_WS/install/demo_gazebo_sim/share/demo_gazebo_sim/world/visualize_lidar.sdf
[0.814s] -- Installing: /home/abc/ROS2_SIM_WS/install/demo_gazebo_sim/share/demo_gazebo_sim/world/house.sdf
[0.814s] -- Installing: /home/abc/ROS2_SIM_WS/install/demo_gazebo_sim/share/demo_gazebo_sim/rviz
[0.814s] -- Installing: /home/abc/ROS2_SIM_WS/install/demo_gazebo_sim/share/demo_gazebo_sim/rviz/visualize.rviz
[0.814s] -- Installing: /home/abc/ROS2_SIM_WS/install/demo_gazebo_sim/share/demo_gazebo_sim/rviz/ign_sim_car.rviz
[0.814s] -- Installing: /home/abc/ROS2_SIM_WS/install/demo_gazebo_sim/share/ament_index/resource_index/package_run_dependencies/demo_gazebo_sim
[0.814s] -- Installing: /home/abc/ROS2_SIM_WS/install/demo_gazebo_sim/share/ament_index/resource_index/parent_prefix_path/demo_gazebo_sim
[0.814s] -- Installing: /home/abc/ROS2_SIM_WS/install/demo_gazebo_sim/share/demo_gazebo_sim/environment/ament_prefix_path.sh
[0.814s] -- Installing: /home/abc/ROS2_SIM_WS/install/demo_gazebo_sim/share/demo_gazebo_sim/environment/ament_prefix_path.dsv
[0.814s] -- Installing: /home/abc/ROS2_SIM_WS/install/demo_gazebo_sim/share/demo_gazebo_sim/environment/path.sh
[0.814s] -- Installing: /home/abc/ROS2_SIM_WS/install/demo_gazebo_sim/share/demo_gazebo_sim/environment/path.dsv
[0.814s] -- Installing: /home/abc/ROS2_SIM_WS/install/demo_gazebo_sim/share/demo_gazebo_sim/local_setup.bash
[0.814s] -- Installing: /home/abc/ROS2_SIM_WS/install/demo_gazebo_sim/share/demo_gazebo_sim/local_setup.sh
[0.814s] -- Installing: /home/abc/ROS2_SIM_WS/install/demo_gazebo_sim/share/demo_gazebo_sim/local_setup.zsh
[0.814s] -- Installing: /home/abc/ROS2_SIM_WS/install/demo_gazebo_sim/share/demo_gazebo_sim/local_setup.dsv
[0.814s] -- Installing: /home/abc/ROS2_SIM_WS/install/demo_gazebo_sim/share/demo_gazebo_sim/package.dsv
[0.814s] -- Installing: /home/abc/ROS2_SIM_WS/install/demo_gazebo_sim/share/ament_index/resource_index/packages/demo_gazebo_sim
[0.814s] -- Installing: /home/abc/ROS2_SIM_WS/install/demo_gazebo_sim/share/demo_gazebo_sim/cmake/demo_gazebo_simConfig.cmake
[0.814s] -- Installing: /home/abc/ROS2_SIM_WS/install/demo_gazebo_sim/share/demo_gazebo_sim/cmake/demo_gazebo_simConfig-version.cmake
[0.814s] -- Installing: /home/abc/ROS2_SIM_WS/install/demo_gazebo_sim/share/demo_gazebo_sim/package.xml
[0.821s] Invoked command in '/home/abc/ROS2_SIM_WS/build/demo_gazebo_sim' returned '0': CMAKE_PREFIX_PATH=${CMAKE_PREFIX_PATH}:/opt/ros/humble /usr/bin/cmake --install /home/abc/ROS2_SIM_WS/build/demo_gazebo_sim
