[0.035s] Invoking command in '/home/abc/ws01_plumbing/build/cpp06_time': CMAKE_PREFIX_PATH=/opt/ros/humble /usr/bin/cmake /home/abc/ws01_plumbing/src/cpp06_time -DCMAKE_INSTALL_PREFIX=/home/abc/ws01_plumbing/install/cpp06_time
[0.251s] -- The C compiler identification is GNU 11.4.0
[0.374s] -- The CXX compiler identification is GNU 11.4.0
[0.392s] -- Detecting C compiler ABI info
[0.530s] -- Detecting C compiler ABI info - done
[0.542s] -- Check for working C compiler: /usr/bin/cc - skipped
[0.545s] -- Detecting C compile features
[0.545s] -- Detecting C compile features - done
[0.556s] -- Detecting CXX compiler ABI info
[0.668s] -- Detecting CXX compiler ABI info - done
[0.675s] -- Check for working CXX compiler: /usr/bin/c++ - skipped
[0.675s] -- Detecting CXX compile features
[0.675s] -- Detecting CXX compile features - done
[0.687s] -- Found ament_cmake: 1.3.11 (/opt/ros/humble/share/ament_cmake/cmake)
[1.019s] -- Found Python3: /usr/bin/python3 (found version "3.10.12") found components: Interpreter 
[1.234s] -- Found rclcpp: 16.0.11 (/opt/ros/humble/share/rclcpp/cmake)
[1.306s] -- Found rosidl_generator_c: 3.1.6 (/opt/ros/humble/share/rosidl_generator_c/cmake)
[1.314s] -- Found rosidl_adapter: 3.1.6 (/opt/ros/humble/share/rosidl_adapter/cmake)
[1.324s] -- Found rosidl_generator_cpp: 3.1.6 (/opt/ros/humble/share/rosidl_generator_cpp/cmake)
[1.343s] -- Using all available rosidl_typesupport_c: rosidl_typesupport_fastrtps_c;rosidl_typesupport_introspection_c
[1.360s] -- Using all available rosidl_typesupport_cpp: rosidl_typesupport_fastrtps_cpp;rosidl_typesupport_introspection_cpp
[1.413s] -- Found rmw_implementation_cmake: 6.1.2 (/opt/ros/humble/share/rmw_implementation_cmake/cmake)
[1.416s] -- Found rmw_fastrtps_cpp: 6.2.7 (/opt/ros/humble/share/rmw_fastrtps_cpp/cmake)
[1.514s] -- Found OpenSSL: /usr/lib/x86_64-linux-gnu/libcrypto.so (found version "3.0.2")  
[1.557s] -- Found FastRTPS: /opt/ros/humble/include  
[1.599s] -- Using RMW implementation 'rmw_fastrtps_cpp' as default
[1.620s] -- Looking for pthread.h
[1.721s] -- Looking for pthread.h - found
[1.722s] -- Performing Test CMAKE_HAVE_LIBC_PTHREAD
[1.787s] -- Performing Test CMAKE_HAVE_LIBC_PTHREAD - Success
[1.789s] -- Found Threads: TRUE  
[1.893s] -- Found ament_lint_auto: 0.12.11 (/opt/ros/humble/share/ament_lint_auto/cmake)
[2.032s] -- Added test 'cppcheck' to perform static code analysis on C / C++ code
[2.032s] -- Configured cppcheck include dirs: $<BUILD_INTERFACE:/home/abc/ws01_plumbing/src/cpp06_time/include>
[2.032s] -- Configured cppcheck exclude dirs and/or files: 
[2.035s] -- Added test 'lint_cmake' to check CMake code style
[2.036s] -- Added test 'uncrustify' to check C / C++ code style
[2.036s] -- Configured uncrustify additional arguments: 
[2.038s] -- Added test 'xmllint' to check XML markup files
[2.041s] -- Configuring done
[2.061s] -- Generating done
[2.068s] -- Build files have been written to: /home/abc/ws01_plumbing/build/cpp06_time
[2.107s] Invoked command in '/home/abc/ws01_plumbing/build/cpp06_time' returned '0': CMAKE_PREFIX_PATH=/opt/ros/humble /usr/bin/cmake /home/abc/ws01_plumbing/src/cpp06_time -DCMAKE_INSTALL_PREFIX=/home/abc/ws01_plumbing/install/cpp06_time
[2.108s] Invoking command in '/home/abc/ws01_plumbing/build/cpp06_time': CMAKE_PREFIX_PATH=/opt/ros/humble /usr/bin/cmake --build /home/abc/ws01_plumbing/build/cpp06_time -- -j4 -l4
[2.174s] [ 50%] [32mBuilding CXX object CMakeFiles/demo01_time.dir/src/demo01_time.cpp.o[0m
[5.842s] [100%] [32m[1mLinking CXX executable demo01_time[0m
[5.933s] [100%] Built target demo01_time
[5.944s] Invoked command in '/home/abc/ws01_plumbing/build/cpp06_time' returned '0': CMAKE_PREFIX_PATH=/opt/ros/humble /usr/bin/cmake --build /home/abc/ws01_plumbing/build/cpp06_time -- -j4 -l4
[5.945s] Invoking command in '/home/abc/ws01_plumbing/build/cpp06_time': CMAKE_PREFIX_PATH=/opt/ros/humble /usr/bin/cmake --install /home/abc/ws01_plumbing/build/cpp06_time
[5.952s] -- Install configuration: ""
[5.953s] -- Installing: /home/abc/ws01_plumbing/install/cpp06_time/lib/cpp06_time/demo01_time
[5.954s] -- Set runtime path of "/home/abc/ws01_plumbing/install/cpp06_time/lib/cpp06_time/demo01_time" to ""
[5.955s] -- Installing: /home/abc/ws01_plumbing/install/cpp06_time/share/ament_index/resource_index/package_run_dependencies/cpp06_time
[5.955s] -- Installing: /home/abc/ws01_plumbing/install/cpp06_time/share/ament_index/resource_index/parent_prefix_path/cpp06_time
[5.956s] -- Installing: /home/abc/ws01_plumbing/install/cpp06_time/share/cpp06_time/environment/ament_prefix_path.sh
[5.957s] -- Installing: /home/abc/ws01_plumbing/install/cpp06_time/share/cpp06_time/environment/ament_prefix_path.dsv
[5.957s] -- Installing: /home/abc/ws01_plumbing/install/cpp06_time/share/cpp06_time/environment/path.sh
[5.958s] -- Installing: /home/abc/ws01_plumbing/install/cpp06_time/share/cpp06_time/environment/path.dsv
[5.958s] -- Installing: /home/abc/ws01_plumbing/install/cpp06_time/share/cpp06_time/local_setup.bash
[5.958s] -- Installing: /home/abc/ws01_plumbing/install/cpp06_time/share/cpp06_time/local_setup.sh
[5.959s] -- Installing: /home/abc/ws01_plumbing/install/cpp06_time/share/cpp06_time/local_setup.zsh
[5.959s] -- Installing: /home/abc/ws01_plumbing/install/cpp06_time/share/cpp06_time/local_setup.dsv
[5.960s] -- Installing: /home/abc/ws01_plumbing/install/cpp06_time/share/cpp06_time/package.dsv
[5.960s] -- Installing: /home/abc/ws01_plumbing/install/cpp06_time/share/ament_index/resource_index/packages/cpp06_time
[5.961s] -- Installing: /home/abc/ws01_plumbing/install/cpp06_time/share/cpp06_time/cmake/cpp06_timeConfig.cmake
[5.961s] -- Installing: /home/abc/ws01_plumbing/install/cpp06_time/share/cpp06_time/cmake/cpp06_timeConfig-version.cmake
[5.962s] -- Installing: /home/abc/ws01_plumbing/install/cpp06_time/share/cpp06_time/package.xml
[5.965s] Invoked command in '/home/abc/ws01_plumbing/build/cpp06_time' returned '0': CMAKE_PREFIX_PATH=/opt/ros/humble /usr/bin/cmake --install /home/abc/ws01_plumbing/build/cpp06_time
