[0.012s] Invoking command in '/home/abc/ROS2_SIM_WS/build/Stage': /usr/bin/cmake /home/abc/ROS2_SIM_WS/src/sim_stage/Stage/Stage -DCMAKE_INSTALL_PREFIX=/home/abc/ROS2_SIM_WS/install/Stage
[0.021s] [0mCMake Deprecation Warning at CMakeLists.txt:1 (cmake_minimum_required):
[0.021s]   Compatibility with CMake < 2.8.12 will be removed from a future version of
[0.021s]   CMake.
[0.021s] 
[0.021s]   Update the VERSION argument <min> value or use a ...<max> suffix to tell
[0.022s]   CMake that the project does not need compatibility with older versions.
[0.022s] 
[0.022s] [0m
[0.150s] -- The C compiler identification is GNU 11.4.0
[0.263s] -- The CXX compiler identification is GNU 11.4.0
[0.273s] -- Detecting C compiler ABI info
[0.350s] -- Detecting C compiler ABI info - done
[0.356s] -- Check for working C compiler: /usr/bin/cc - skipped
[0.356s] -- Detecting C compile features
[0.356s] -- Detecting C compile features - done
[0.360s] -- Detecting CXX compiler ABI info
[0.451s] -- Detecting CXX compiler ABI info - done
[0.457s] -- Check for working CXX compiler: /usr/bin/c++ - skipped
[0.458s] -- Detecting CXX compile features
[0.458s] -- Detecting CXX compile features - done
[0.459s] -- Stage version 4.3.0
[0.459s] -- Operating system is Linux
[0.459s] -- Installing Libraries to /home/abc/ROS2_SIM_WS/install/Stage/lib
[0.459s] -- Installing Plugins to /home/abc/ROS2_SIM_WS/install/Stage/lib/Stage-4.3
[0.460s] -- Build type RELEASE
[0.462s] -- Checking for libtool
[0.466s] -- Checking for required libraries...
[0.539s] -- Found JPEG: /usr/lib/x86_64-linux-gnu/libjpeg.so (found version "80") 
[0.547s] -- Found ZLIB: /usr/lib/x86_64-linux-gnu/libz.so (found version "1.2.11") 
[0.560s] -- Found PNG: /usr/lib/x86_64-linux-gnu/libpng.so (found version "1.6.37") 
[0.565s] [33mCMake Warning (dev) at /usr/share/cmake-3.22/Modules/FindOpenGL.cmake:315 (message):
[0.565s]   Policy CMP0072 is not set: FindOpenGL prefers GLVND by default when
[0.565s]   available.  Run "cmake --help-policy CMP0072" for policy details.  Use the
[0.565s]   cmake_policy command to set the policy and suppress this warning.
[0.565s] 
[0.565s]   FindOpenGL found both a legacy GL library:
[0.565s] 
[0.565s]     OPENGL_gl_LIBRARY: /usr/lib/x86_64-linux-gnu/libGL.so
[0.565s] 
[0.565s]   and GLVND libraries for OpenGL and GLX:
[0.565s] 
[0.565s]     OPENGL_opengl_LIBRARY: /usr/lib/x86_64-linux-gnu/libOpenGL.so
[0.565s]     OPENGL_glx_LIBRARY: /usr/lib/x86_64-linux-gnu/libGLX.so
[0.565s] 
[0.565s]   OpenGL_GL_PREFERENCE has not been set to "GLVND" or "LEGACY", so for
[0.565s]   compatibility with CMake 3.10 and below the legacy GL library will be used.
[0.565s] Call Stack (most recent call first):
[0.565s]   /usr/share/cmake-3.22/Modules/FindFLTK.cmake:87 (find_package)
[0.565s]   CMakeLists.txt:100 (find_package)
[0.565s] This warning is for project developers.  Use -Wno-dev to suppress it.
[0.565s] [0m
[0.567s] -- Found OpenGL: /usr/lib/x86_64-linux-gnu/libOpenGL.so   
[0.639s] -- Found X11: /usr/include   
[0.640s] -- Looking for XOpenDisplay in /usr/lib/x86_64-linux-gnu/libX11.so;/usr/lib/x86_64-linux-gnu/libXext.so
[0.704s] -- Looking for XOpenDisplay in /usr/lib/x86_64-linux-gnu/libX11.so;/usr/lib/x86_64-linux-gnu/libXext.so - found
[0.704s] -- Looking for gethostbyname
[0.759s] -- Looking for gethostbyname - found
[0.759s] -- Looking for connect
[0.815s] -- Looking for connect - found
[0.815s] -- Looking for remove
[0.877s] -- Looking for remove - found
[0.877s] -- Looking for shmat
[0.972s] -- Looking for shmat - found
[0.973s] -- Looking for IceConnectionNumber in ICE
[1.038s] -- Looking for IceConnectionNumber in ICE - found
[1.043s] -- Found FLTK: fltk_images;fltk_forms;fltk_gl;/usr/lib/x86_64-linux-gnu/libGL.so;fltk  
[1.046s] -- Checking for optional libraries...
[1.047s] -- Installation path CMAKE_INSTALL_PREFIX=/home/abc/ROS2_SIM_WS/install/Stage
[1.047s] -- Configuring libstage
[1.056s] -- Found PkgConfig: /usr/bin/pkg-config (found version "0.29.2") 
[1.056s] -- Checking for one of the modules 'playercore>=2.1.0'
[1.059s] --   * Player not detected. If Player is installed but not detected, check your PKG_CONFIG_PATH.
[1.069s] -- Configuring done
[1.096s] -- Generating done
[1.100s] -- Build files have been written to: /home/abc/ROS2_SIM_WS/build/Stage
[1.108s] Invoked command in '/home/abc/ROS2_SIM_WS/build/Stage' returned '0': /usr/bin/cmake /home/abc/ROS2_SIM_WS/src/sim_stage/Stage/Stage -DCMAKE_INSTALL_PREFIX=/home/abc/ROS2_SIM_WS/install/Stage
[1.109s] Invoking command in '/home/abc/ROS2_SIM_WS/build/Stage': /usr/bin/cmake --build /home/abc/ROS2_SIM_WS/build/Stage -- -j4 -l4
[1.147s] [  1%] [32mBuilding CXX object libstage/CMakeFiles/stage.dir/color.cc.o[0m
[1.151s] [  5%] [32mBuilding CXX object libstage/CMakeFiles/stage.dir/camera.cc.o[0m
[1.151s] [  5%] [32mBuilding CXX object libstage/CMakeFiles/stage.dir/blockgroup.cc.o[0m
[1.154s] [  6%] [32mBuilding CXX object libstage/CMakeFiles/stage.dir/block.cc.o[0m
[2.254s] [  8%] [32mBuilding CXX object libstage/CMakeFiles/stage.dir/file_manager.cc.o[0m
[2.328s] [ 10%] [32mBuilding CXX object libstage/CMakeFiles/stage.dir/gl.cc.o[0m
[2.404s] [ 11%] [32mBuilding CXX object libstage/CMakeFiles/stage.dir/logentry.cc.o[0m
[2.449s] [ 13%] [32mBuilding CXX object libstage/CMakeFiles/stage.dir/model.cc.o[0m
[3.199s] [ 15%] [32mBuilding CXX object libstage/CMakeFiles/stage.dir/model_actuator.cc.o[0m
[3.311s] [ 16%] [32mBuilding CXX object libstage/CMakeFiles/stage.dir/model_blobfinder.cc.o[0m
[3.315s] [ 18%] [32mBuilding CXX object libstage/CMakeFiles/stage.dir/model_blinkenlight.cc.o[0m
[4.077s] [ 20%] [32mBuilding CXX object libstage/CMakeFiles/stage.dir/model_bumper.cc.o[0m
[4.116s] [ 22%] [32mBuilding CXX object libstage/CMakeFiles/stage.dir/model_callbacks.cc.o[0m
[4.206s] [ 23%] [32mBuilding CXX object libstage/CMakeFiles/stage.dir/model_camera.cc.o[0m
[4.535s] [ 25%] [32mBuilding CXX object libstage/CMakeFiles/stage.dir/model_draw.cc.o[0m
[4.914s] [ 27%] [32mBuilding CXX object libstage/CMakeFiles/stage.dir/model_fiducial.cc.o[0m
[5.085s] [ 28%] [32mBuilding CXX object libstage/CMakeFiles/stage.dir/model_gripper.cc.o[0m
[5.124s] [ 30%] [32mBuilding CXX object libstage/CMakeFiles/stage.dir/model_lightindicator.cc.o[0m
[5.779s] [ 32%] [32mBuilding CXX object libstage/CMakeFiles/stage.dir/model_position.cc.o[0m
[5.961s] [ 33%] [32mBuilding CXX object libstage/CMakeFiles/stage.dir/model_ranger.cc.o[0m
[6.006s] [ 35%] [32mBuilding CXX object libstage/CMakeFiles/stage.dir/option.cc.o[0m
[6.081s] [ 37%] [32mBuilding CXX object libstage/CMakeFiles/stage.dir/powerpack.cc.o[0m
[6.779s] [ 38%] [32mBuilding CXX object libstage/CMakeFiles/stage.dir/region.cc.o[0m
[6.914s] [ 40%] [32mBuilding CXX object libstage/CMakeFiles/stage.dir/stage.cc.o[0m
[7.059s] [ 42%] [32mBuilding CXX object libstage/CMakeFiles/stage.dir/texture_manager.cc.o[0m
[7.433s] [ 44%] [32mBuilding CXX object libstage/CMakeFiles/stage.dir/typetable.cc.o[0m
[7.904s] [ 45%] [32mBuilding CXX object libstage/CMakeFiles/stage.dir/world.cc.o[0m
[8.035s] [ 47%] [32mBuilding CXX object libstage/CMakeFiles/stage.dir/worldfile.cc.o[0m
[8.236s] [ 49%] [32mBuilding CXX object libstage/CMakeFiles/stage.dir/canvas.cc.o[0m
[8.251s] [ 50%] [32mBuilding CXX object libstage/CMakeFiles/stage.dir/options_dlg.cc.o[0m
[9.243s] [ 52%] [32mBuilding CXX object libstage/CMakeFiles/stage.dir/vis_strip.cc.o[0m
[9.534s] [ 54%] [32mBuilding CXX object libstage/CMakeFiles/stage.dir/worldgui.cc.o[0m
[9.761s] [ 55%] [32mBuilding CXX object libstage/CMakeFiles/stage.dir/ancestor.cc.o[0m
[10.605s] [ 57%] [32m[1mLinking CXX shared library libstage.so[0m
[10.755s] [ 57%] Built target stage
[10.779s] [ 59%] [32mBuilding CXX object examples/ctrl/CMakeFiles/source.dir/source.cc.o[0m
[10.779s] [ 61%] [32mBuilding CXX object libstage/CMakeFiles/stagebinary.dir/main.cc.o[0m
[10.782s] [ 62%] [32mBuilding CXX object examples/ctrl/CMakeFiles/sink.dir/sink.cc.o[0m
[10.783s] [ 64%] [32mBuilding CXX object examples/ctrl/CMakeFiles/fasr.dir/fasr.cc.o[0m
[11.698s] [ 66%] [32m[1mLinking CXX executable stage[0m
[11.714s] [ 67%] [32m[1mLinking CXX shared module fasr.so[0m
[11.786s] [ 69%] [32m[1mLinking CXX shared module sink.so[0m
[11.800s] [ 71%] [32m[1mLinking CXX shared module source.so[0m
[11.884s] [ 71%] Built target fasr
[11.895s] [ 71%] Built target source
[11.907s] [ 72%] [32mBuilding CXX object examples/ctrl/CMakeFiles/wander.dir/wander.cc.o[0m
[11.917s] [ 72%] Built target stagebinary
[11.927s] [ 74%] [32mBuilding CXX object examples/ctrl/CMakeFiles/pioneer_flocking.dir/pioneer_flocking.cc.o[0m
[11.930s] [ 74%] Built target sink
[11.944s] [ 76%] [32mBuilding CXX object examples/ctrl/CMakeFiles/rasterize.dir/rasterize.cc.o[0m
[11.965s] [ 77%] [32mBuilding CXX object examples/ctrl/CMakeFiles/lasernoise.dir/lasernoise.cc.o[0m
[12.863s] [ 79%] [32m[1mLinking CXX shared module wander.so[0m
[12.954s] [ 79%] Built target wander
[12.999s] [ 81%] [32mBuilding CXX object examples/ctrl/CMakeFiles/dynamic.dir/dynamic.cc.o[0m
[13.013s] [ 83%] [32m[1mLinking CXX shared module pioneer_flocking.so[0m
[13.065s] [ 84%] [32m[1mLinking CXX shared module rasterize.so[0m
[13.102s] [ 84%] Built target pioneer_flocking
[13.119s] [ 86%] [32mBuilding CXX object examples/ctrl/CMakeFiles/fasr2.dir/fasr2.cc.o[0m
[13.164s] [ 86%] Built target rasterize
[13.201s] [ 88%] [32mBuilding CXX object worlds/benchmark/CMakeFiles/expand_swarm.dir/expand_swarm.cc.o[0m
[13.204s] [ 89%] [32m[1mLinking CXX shared module lasernoise.so[0m
[13.288s] [ 89%] Built target lasernoise
[13.329s] [ 91%] [32mBuilding CXX object worlds/benchmark/CMakeFiles/expand_pioneer.dir/expand_pioneer.cc.o[0m
[14.103s] [ 93%] [32m[1mLinking CXX shared module dynamic.so[0m
[14.258s] [ 93%] Built target dynamic
[14.275s] [ 94%] [32mBuilding CXX object examples/ctrl/CMakeFiles/fasr2.dir/astar/findpath.cpp.o[0m
[14.292s] [ 96%] [32m[1mLinking CXX shared module expand_swarm.so[0m
[14.421s] [ 98%] [32m[1mLinking CXX shared module expand_pioneer.so[0m
[14.455s] [ 98%] Built target expand_swarm
[14.607s] [ 98%] Built target expand_pioneer
[14.953s] [100%] [32m[1mLinking CXX shared module fasr2.so[0m
[15.026s] [100%] Built target fasr2
[15.034s] Invoked command in '/home/abc/ROS2_SIM_WS/build/Stage' returned '0': /usr/bin/cmake --build /home/abc/ROS2_SIM_WS/build/Stage -- -j4 -l4
[15.036s] Invoking command in '/home/abc/ROS2_SIM_WS/build/Stage': /usr/bin/cmake --install /home/abc/ROS2_SIM_WS/build/Stage
[15.041s] -- Install configuration: "RELEASE"
[15.041s] -- Installing: /home/abc/ROS2_SIM_WS/install/Stage/lib/pkgconfig/stage.pc
[15.041s] -- Installing: /home/abc/ROS2_SIM_WS/install/Stage/lib/cmake/Stage/stage-config.cmake
[15.041s] -- Installing: /home/abc/ROS2_SIM_WS/install/Stage/lib/cmake/Stage/stage-config-version.cmake
[15.041s] -- Installing: /home/abc/ROS2_SIM_WS/install/Stage/bin/stage
[15.042s] -- Set runtime path of "/home/abc/ROS2_SIM_WS/install/Stage/bin/stage" to ""
[15.042s] -- Installing: /home/abc/ROS2_SIM_WS/install/Stage/lib/libstage.so.4.3.0
[15.042s] -- Installing: /home/abc/ROS2_SIM_WS/install/Stage/lib/libstage.so
[15.042s] -- Installing: /home/abc/ROS2_SIM_WS/install/Stage/include/Stage-4.3/stage.hh
[15.043s] -- Installing: /home/abc/ROS2_SIM_WS/install/Stage/lib/Stage-4.3/fasr.so
[15.043s] -- Set runtime path of "/home/abc/ROS2_SIM_WS/install/Stage/lib/Stage-4.3/fasr.so" to ""
[15.043s] -- Installing: /home/abc/ROS2_SIM_WS/install/Stage/lib/Stage-4.3/sink.so
[15.043s] -- Set runtime path of "/home/abc/ROS2_SIM_WS/install/Stage/lib/Stage-4.3/sink.so" to ""
[15.043s] -- Installing: /home/abc/ROS2_SIM_WS/install/Stage/lib/Stage-4.3/source.so
[15.043s] -- Set runtime path of "/home/abc/ROS2_SIM_WS/install/Stage/lib/Stage-4.3/source.so" to ""
[15.043s] -- Installing: /home/abc/ROS2_SIM_WS/install/Stage/lib/Stage-4.3/wander.so
[15.043s] -- Set runtime path of "/home/abc/ROS2_SIM_WS/install/Stage/lib/Stage-4.3/wander.so" to ""
[15.043s] -- Installing: /home/abc/ROS2_SIM_WS/install/Stage/lib/Stage-4.3/pioneer_flocking.so
[15.044s] -- Set runtime path of "/home/abc/ROS2_SIM_WS/install/Stage/lib/Stage-4.3/pioneer_flocking.so" to ""
[15.044s] -- Installing: /home/abc/ROS2_SIM_WS/install/Stage/lib/Stage-4.3/rasterize.so
[15.044s] -- Set runtime path of "/home/abc/ROS2_SIM_WS/install/Stage/lib/Stage-4.3/rasterize.so" to ""
[15.044s] -- Installing: /home/abc/ROS2_SIM_WS/install/Stage/lib/Stage-4.3/lasernoise.so
[15.044s] -- Set runtime path of "/home/abc/ROS2_SIM_WS/install/Stage/lib/Stage-4.3/lasernoise.so" to ""
[15.044s] -- Installing: /home/abc/ROS2_SIM_WS/install/Stage/lib/Stage-4.3/dynamic.so
[15.044s] -- Set runtime path of "/home/abc/ROS2_SIM_WS/install/Stage/lib/Stage-4.3/dynamic.so" to ""
[15.044s] -- Installing: /home/abc/ROS2_SIM_WS/install/Stage/lib/Stage-4.3/fasr2.so
[15.045s] -- Set runtime path of "/home/abc/ROS2_SIM_WS/install/Stage/lib/Stage-4.3/fasr2.so" to ""
[15.045s] -- Installing: /home/abc/ROS2_SIM_WS/install/Stage/share/stage/assets/blue.png
[15.046s] -- Installing: /home/abc/ROS2_SIM_WS/install/Stage/share/stage/assets/death.png
[15.047s] -- Installing: /home/abc/ROS2_SIM_WS/install/Stage/share/stage/assets/green.png
[15.047s] -- Installing: /home/abc/ROS2_SIM_WS/install/Stage/share/stage/assets/logo.png
[15.047s] -- Installing: /home/abc/ROS2_SIM_WS/install/Stage/share/stage/assets/mains.png
[15.048s] -- Installing: /home/abc/ROS2_SIM_WS/install/Stage/share/stage/assets/mainspower.png
[15.049s] -- Installing: /home/abc/ROS2_SIM_WS/install/Stage/share/stage/assets/question_mark.png
[15.050s] -- Installing: /home/abc/ROS2_SIM_WS/install/Stage/share/stage/assets/red.png
[15.051s] -- Installing: /home/abc/ROS2_SIM_WS/install/Stage/share/stage/assets/stagelogo.png
[15.051s] -- Installing: /home/abc/ROS2_SIM_WS/install/Stage/share/stage/assets/stall-old.png
[15.052s] -- Installing: /home/abc/ROS2_SIM_WS/install/Stage/share/stage/assets/stall.png
[15.052s] -- Installing: /home/abc/ROS2_SIM_WS/install/Stage/share/stage/assets/rgb.txt
[15.053s] -- Installing: /home/abc/ROS2_SIM_WS/install/Stage/share/stage/rgb.txt
[15.053s] -- Installing: /home/abc/ROS2_SIM_WS/install/Stage/share/stage/worlds/amcl-sonar.cfg
[15.054s] -- Installing: /home/abc/ROS2_SIM_WS/install/Stage/share/stage/worlds/autolab.cfg
[15.054s] -- Installing: /home/abc/ROS2_SIM_WS/install/Stage/share/stage/worlds/camera.cfg
[15.054s] -- Installing: /home/abc/ROS2_SIM_WS/install/Stage/share/stage/worlds/everything.cfg
[15.055s] -- Installing: /home/abc/ROS2_SIM_WS/install/Stage/share/stage/worlds/lsp_test.cfg
[15.055s] -- Installing: /home/abc/ROS2_SIM_WS/install/Stage/share/stage/worlds/mbicp.cfg
[15.055s] -- Installing: /home/abc/ROS2_SIM_WS/install/Stage/share/stage/worlds/nd.cfg
[15.056s] -- Installing: /home/abc/ROS2_SIM_WS/install/Stage/share/stage/worlds/roomba.cfg
[15.056s] -- Installing: /home/abc/ROS2_SIM_WS/install/Stage/share/stage/worlds/simple.cfg
[15.056s] -- Installing: /home/abc/ROS2_SIM_WS/install/Stage/share/stage/worlds/test.cfg
[15.057s] -- Installing: /home/abc/ROS2_SIM_WS/install/Stage/share/stage/worlds/uoa_robotics_lab.cfg
[15.057s] -- Installing: /home/abc/ROS2_SIM_WS/install/Stage/share/stage/worlds/vfh.cfg
[15.057s] -- Installing: /home/abc/ROS2_SIM_WS/install/Stage/share/stage/worlds/wavefront-remote.cfg
[15.057s] -- Installing: /home/abc/ROS2_SIM_WS/install/Stage/share/stage/worlds/wavefront.cfg
[15.058s] -- Installing: /home/abc/ROS2_SIM_WS/install/Stage/share/stage/worlds/wifi.cfg
[15.058s] -- Installing: /home/abc/ROS2_SIM_WS/install/Stage/share/stage/worlds/SFU.world
[15.058s] -- Installing: /home/abc/ROS2_SIM_WS/install/Stage/share/stage/worlds/autolab.world
[15.059s] -- Installing: /home/abc/ROS2_SIM_WS/install/Stage/share/stage/worlds/camera.world
[15.059s] -- Installing: /home/abc/ROS2_SIM_WS/install/Stage/share/stage/worlds/circuit.world
[15.059s] -- Installing: /home/abc/ROS2_SIM_WS/install/Stage/share/stage/worlds/everything.world
[15.059s] -- Installing: /home/abc/ROS2_SIM_WS/install/Stage/share/stage/worlds/fasr.world
[15.060s] -- Installing: /home/abc/ROS2_SIM_WS/install/Stage/share/stage/worlds/fasr2.world
[15.060s] -- Installing: /home/abc/ROS2_SIM_WS/install/Stage/share/stage/worlds/fasr_plan.world
[15.061s] -- Installing: /home/abc/ROS2_SIM_WS/install/Stage/share/stage/worlds/large.world
[15.061s] -- Installing: /home/abc/ROS2_SIM_WS/install/Stage/share/stage/worlds/lsp_test.world
[15.061s] -- Installing: /home/abc/ROS2_SIM_WS/install/Stage/share/stage/worlds/mbicp.world
[15.061s] -- Installing: /home/abc/ROS2_SIM_WS/install/Stage/share/stage/worlds/pioneer_flocking.world
[15.061s] -- Installing: /home/abc/ROS2_SIM_WS/install/Stage/share/stage/worlds/pioneer_follow.world
[15.062s] -- Installing: /home/abc/ROS2_SIM_WS/install/Stage/share/stage/worlds/pioneer_walle.world
[15.062s] -- Installing: /home/abc/ROS2_SIM_WS/install/Stage/share/stage/worlds/roomba.world
[15.062s] -- Installing: /home/abc/ROS2_SIM_WS/install/Stage/share/stage/worlds/sensor_noise_demo.world
[15.062s] -- Installing: /home/abc/ROS2_SIM_WS/install/Stage/share/stage/worlds/sensor_noise_module_demo.world
[15.063s] -- Installing: /home/abc/ROS2_SIM_WS/install/Stage/share/stage/worlds/simple.world
[15.063s] -- Installing: /home/abc/ROS2_SIM_WS/install/Stage/share/stage/worlds/uoa_robotics_lab.world
[15.063s] -- Installing: /home/abc/ROS2_SIM_WS/install/Stage/share/stage/worlds/wifi.world
[15.064s] -- Installing: /home/abc/ROS2_SIM_WS/install/Stage/share/stage/worlds/beacons.inc
[15.064s] -- Installing: /home/abc/ROS2_SIM_WS/install/Stage/share/stage/worlds/chatterbox.inc
[15.064s] -- Installing: /home/abc/ROS2_SIM_WS/install/Stage/share/stage/worlds/hokuyo.inc
[15.065s] -- Installing: /home/abc/ROS2_SIM_WS/install/Stage/share/stage/worlds/irobot.inc
[15.065s] -- Installing: /home/abc/ROS2_SIM_WS/install/Stage/share/stage/worlds/map.inc
[15.066s] -- Installing: /home/abc/ROS2_SIM_WS/install/Stage/share/stage/worlds/objects.inc
[15.066s] -- Installing: /home/abc/ROS2_SIM_WS/install/Stage/share/stage/worlds/pantilt.inc
[15.066s] -- Installing: /home/abc/ROS2_SIM_WS/install/Stage/share/stage/worlds/pioneer.inc
[15.066s] -- Installing: /home/abc/ROS2_SIM_WS/install/Stage/share/stage/worlds/sick.inc
[15.066s] -- Installing: /home/abc/ROS2_SIM_WS/install/Stage/share/stage/worlds/ubot.inc
[15.067s] -- Installing: /home/abc/ROS2_SIM_WS/install/Stage/share/stage/worlds/uoa_robotics_lab_models.inc
[15.067s] -- Installing: /home/abc/ROS2_SIM_WS/install/Stage/share/stage/worlds/walle.inc
[15.067s] -- Installing: /home/abc/ROS2_SIM_WS/install/Stage/share/stage/worlds/cfggen.sh
[15.068s] -- Installing: /home/abc/ROS2_SIM_WS/install/Stage/share/stage/worlds/test.sh
[15.068s] -- Installing: /home/abc/ROS2_SIM_WS/install/Stage/share/stage/worlds/worldgen.sh
[15.070s] -- Installing: /home/abc/ROS2_SIM_WS/install/Stage/lib/Stage-4.3/expand_swarm.so
[15.070s] -- Set runtime path of "/home/abc/ROS2_SIM_WS/install/Stage/lib/Stage-4.3/expand_swarm.so" to ""
[15.070s] -- Installing: /home/abc/ROS2_SIM_WS/install/Stage/lib/Stage-4.3/expand_pioneer.so
[15.070s] -- Set runtime path of "/home/abc/ROS2_SIM_WS/install/Stage/lib/Stage-4.3/expand_pioneer.so" to ""
[15.070s] -- Installing: /home/abc/ROS2_SIM_WS/install/Stage/share/stage/worlds/bitmaps/889_05.png
[15.070s] -- Installing: /home/abc/ROS2_SIM_WS/install/Stage/share/stage/worlds/bitmaps/SFU_1200x615.png
[15.070s] -- Installing: /home/abc/ROS2_SIM_WS/install/Stage/share/stage/worlds/bitmaps/SRI-AIC-kwing.png
[15.072s] -- Installing: /home/abc/ROS2_SIM_WS/install/Stage/share/stage/worlds/bitmaps/autolab.png
[15.072s] -- Installing: /home/abc/ROS2_SIM_WS/install/Stage/share/stage/worlds/bitmaps/cave.png
[15.072s] -- Installing: /home/abc/ROS2_SIM_WS/install/Stage/share/stage/worlds/bitmaps/cave_compact.png
[15.072s] -- Installing: /home/abc/ROS2_SIM_WS/install/Stage/share/stage/worlds/bitmaps/cave_filled.png
[15.072s] -- Installing: /home/abc/ROS2_SIM_WS/install/Stage/share/stage/worlds/bitmaps/frieburg.png
[15.073s] -- Installing: /home/abc/ROS2_SIM_WS/install/Stage/share/stage/worlds/bitmaps/ghost.png
[15.073s] -- Installing: /home/abc/ROS2_SIM_WS/install/Stage/share/stage/worlds/bitmaps/hospital.png
[15.073s] -- Installing: /home/abc/ROS2_SIM_WS/install/Stage/share/stage/worlds/bitmaps/hospital_section.png
[15.073s] -- Installing: /home/abc/ROS2_SIM_WS/install/Stage/share/stage/worlds/bitmaps/human_outline.png
[15.073s] -- Installing: /home/abc/ROS2_SIM_WS/install/Stage/share/stage/worlds/bitmaps/mbicp.png
[15.074s] -- Installing: /home/abc/ROS2_SIM_WS/install/Stage/share/stage/worlds/bitmaps/rink.png
[15.074s] -- Installing: /home/abc/ROS2_SIM_WS/install/Stage/share/stage/worlds/bitmaps/sal2.png
[15.074s] -- Installing: /home/abc/ROS2_SIM_WS/install/Stage/share/stage/worlds/bitmaps/simple_rooms.png
[15.074s] -- Installing: /home/abc/ROS2_SIM_WS/install/Stage/share/stage/worlds/bitmaps/space_invader.png
[15.074s] -- Installing: /home/abc/ROS2_SIM_WS/install/Stage/share/stage/worlds/bitmaps/submarine.png
[15.075s] -- Installing: /home/abc/ROS2_SIM_WS/install/Stage/share/stage/worlds/bitmaps/submarine_small.png
[15.075s] -- Installing: /home/abc/ROS2_SIM_WS/install/Stage/share/stage/worlds/bitmaps/table.png
[15.075s] -- Installing: /home/abc/ROS2_SIM_WS/install/Stage/share/stage/worlds/bitmaps/uoa_robotics_lab.png
[15.075s] -- Installing: /home/abc/ROS2_SIM_WS/install/Stage/share/stage/worlds/wifi/commando.world
[15.075s] -- Installing: /home/abc/ROS2_SIM_WS/install/Stage/share/stage/worlds/wifi/hosp_wifi.world
[15.076s] -- Installing: /home/abc/ROS2_SIM_WS/install/Stage/share/stage/worlds/wifi/hosp_wifi_5.world
[15.076s] -- Installing: /home/abc/ROS2_SIM_WS/install/Stage/share/stage/worlds/wifi/wifi.world
[15.076s] -- Installing: /home/abc/ROS2_SIM_WS/install/Stage/share/stage/worlds/wifi/wifi_itu.world
[15.076s] -- Installing: /home/abc/ROS2_SIM_WS/install/Stage/share/stage/worlds/wifi/wifi_logdistance.world
[15.076s] -- Installing: /home/abc/ROS2_SIM_WS/install/Stage/share/stage/worlds/wifi/wifi_ray.world
[15.077s] -- Installing: /home/abc/ROS2_SIM_WS/install/Stage/share/stage/worlds/wifi/wifi_simple.world
[15.077s] -- Installing: /home/abc/ROS2_SIM_WS/install/Stage/share/stage/worlds/wifi/map.inc
[15.081s] Invoked command in '/home/abc/ROS2_SIM_WS/build/Stage' returned '0': /usr/bin/cmake --install /home/abc/ROS2_SIM_WS/build/Stage
