[0.017s] Invoking command in '/home/abc/ROS2_VOICE_WS/src/build/ros2_xf_bridge': CMAKE_PREFIX_PATH=/opt/ros/humble /usr/bin/cmake --build /home/abc/ROS2_VOICE_WS/src/build/ros2_xf_bridge -- -j4 -l4
[0.083s] [ 66%] Built target v2t
[0.086s] [100%] Built target t2v
[0.105s] Invoked command in '/home/abc/ROS2_VOICE_WS/src/build/ros2_xf_bridge' returned '0': CMAKE_PREFIX_PATH=/opt/ros/humble /usr/bin/cmake --build /home/abc/ROS2_VOICE_WS/src/build/ros2_xf_bridge -- -j4 -l4
[0.114s] Invoking command in '/home/abc/ROS2_VOICE_WS/src/build/ros2_xf_bridge': CMAKE_PREFIX_PATH=/opt/ros/humble /usr/bin/cmake --install /home/abc/ROS2_VOICE_WS/src/build/ros2_xf_bridge
[0.123s] -- Install configuration: ""
[0.124s] -- Up-to-date: /home/abc/ROS2_VOICE_WS/src/install/ros2_xf_bridge/lib/ros2_xf_bridge/v2t
[0.127s] -- Up-to-date: /home/abc/ROS2_VOICE_WS/src/install/ros2_xf_bridge/include
[0.127s] -- Up-to-date: /home/abc/ROS2_VOICE_WS/src/install/ros2_xf_bridge/include/ros2_xf_bridge
[0.127s] -- Up-to-date: /home/abc/ROS2_VOICE_WS/src/install/ros2_xf_bridge/include/ros2_xf_bridge/msp_cmn.h
[0.127s] -- Up-to-date: /home/abc/ROS2_VOICE_WS/src/install/ros2_xf_bridge/include/ros2_xf_bridge/qisr.h
[0.127s] -- Up-to-date: /home/abc/ROS2_VOICE_WS/src/install/ros2_xf_bridge/include/ros2_xf_bridge/msp_errors.h
[0.127s] -- Up-to-date: /home/abc/ROS2_VOICE_WS/src/install/ros2_xf_bridge/include/ros2_xf_bridge/msp_types.h
[0.127s] -- Up-to-date: /home/abc/ROS2_VOICE_WS/src/install/ros2_xf_bridge/include/ros2_xf_bridge/qtts.h
[0.127s] -- Up-to-date: /home/abc/ROS2_VOICE_WS/src/install/ros2_xf_bridge/include/ros2_xf_bridge/formats.h
[0.127s] -- Up-to-date: /home/abc/ROS2_VOICE_WS/src/install/ros2_xf_bridge/include/ros2_xf_bridge/speech_recognizer.h
[0.127s] -- Up-to-date: /home/abc/ROS2_VOICE_WS/src/install/ros2_xf_bridge/include/ros2_xf_bridge/linuxrec.h
[0.127s] -- Up-to-date: /home/abc/ROS2_VOICE_WS/src/install/ros2_xf_bridge/include/ros2_xf_bridge/qise.h
[0.130s] -- Up-to-date: /home/abc/ROS2_VOICE_WS/src/install/ros2_xf_bridge/lib/ros2_xf_bridge/t2v
[0.130s] -- Up-to-date: /home/abc/ROS2_VOICE_WS/src/install/ros2_xf_bridge/share/ament_index/resource_index/package_run_dependencies/ros2_xf_bridge
[0.130s] -- Up-to-date: /home/abc/ROS2_VOICE_WS/src/install/ros2_xf_bridge/share/ament_index/resource_index/parent_prefix_path/ros2_xf_bridge
[0.130s] -- Up-to-date: /home/abc/ROS2_VOICE_WS/src/install/ros2_xf_bridge/share/ros2_xf_bridge/environment/ament_prefix_path.sh
[0.130s] -- Up-to-date: /home/abc/ROS2_VOICE_WS/src/install/ros2_xf_bridge/share/ros2_xf_bridge/environment/ament_prefix_path.dsv
[0.130s] -- Up-to-date: /home/abc/ROS2_VOICE_WS/src/install/ros2_xf_bridge/share/ros2_xf_bridge/environment/path.sh
[0.130s] -- Up-to-date: /home/abc/ROS2_VOICE_WS/src/install/ros2_xf_bridge/share/ros2_xf_bridge/environment/path.dsv
[0.130s] -- Up-to-date: /home/abc/ROS2_VOICE_WS/src/install/ros2_xf_bridge/share/ros2_xf_bridge/local_setup.bash
[0.130s] -- Up-to-date: /home/abc/ROS2_VOICE_WS/src/install/ros2_xf_bridge/share/ros2_xf_bridge/local_setup.sh
[0.130s] -- Up-to-date: /home/abc/ROS2_VOICE_WS/src/install/ros2_xf_bridge/share/ros2_xf_bridge/local_setup.zsh
[0.130s] -- Up-to-date: /home/abc/ROS2_VOICE_WS/src/install/ros2_xf_bridge/share/ros2_xf_bridge/local_setup.dsv
[0.130s] -- Installing: /home/abc/ROS2_VOICE_WS/src/install/ros2_xf_bridge/share/ros2_xf_bridge/package.dsv
[0.130s] -- Up-to-date: /home/abc/ROS2_VOICE_WS/src/install/ros2_xf_bridge/share/ament_index/resource_index/packages/ros2_xf_bridge
[0.130s] -- Up-to-date: /home/abc/ROS2_VOICE_WS/src/install/ros2_xf_bridge/share/ros2_xf_bridge/cmake/ros2_xf_bridgeConfig.cmake
[0.130s] -- Up-to-date: /home/abc/ROS2_VOICE_WS/src/install/ros2_xf_bridge/share/ros2_xf_bridge/cmake/ros2_xf_bridgeConfig-version.cmake
[0.130s] -- Up-to-date: /home/abc/ROS2_VOICE_WS/src/install/ros2_xf_bridge/share/ros2_xf_bridge/package.xml
[0.135s] Invoked command in '/home/abc/ROS2_VOICE_WS/src/build/ros2_xf_bridge' returned '0': CMAKE_PREFIX_PATH=/opt/ros/humble /usr/bin/cmake --install /home/abc/ROS2_VOICE_WS/src/build/ros2_xf_bridge
