[0.019s] Invoking command in '/home/abc/ROS2_SIM_WS/build/bridge_ign': CMAKE_PREFIX_PATH=/opt/ros/humble /usr/bin/cmake --build /home/abc/ROS2_SIM_WS/build/bridge_ign -- -j4 -l4
[0.065s] -- Found ament_cmake: 1.3.13 (/opt/ros/humble/share/ament_cmake/cmake)
[0.295s] [31mCMake Error at CMakeLists.txt:10 (find_package):
[0.295s]   By not providing "Findros_gz_bridge.cmake" in CMAKE_MODULE_PATH this
[0.295s]   project has asked CMake to find a package configuration file provided by
[0.295s]   "ros_gz_bridge", but CMake did not find one.
[0.295s] 
[0.295s]   Could not find a package configuration file provided by "ros_gz_bridge"
[0.295s]   with any of the following names:
[0.295s] 
[0.295s]     ros_gz_bridgeConfig.cmake
[0.295s]     ros_gz_bridge-config.cmake
[0.295s] 
[0.295s]   Add the installation prefix of "ros_gz_bridge" to CMAKE_PREFIX_PATH or set
[0.295s]   "ros_gz_bridge_DIR" to a directory containing one of the above files.  If
[0.295s]   "ros_gz_bridge" provides a separate development package or SDK, be sure it
[0.295s]   has been installed.
[0.295s] 
[0.295s] [0m
[0.295s] -- Configuring incomplete, errors occurred!
[0.295s] See also "/home/abc/ROS2_SIM_WS/build/bridge_ign/CMakeFiles/CMakeOutput.log".
[0.297s] gmake: *** [Makefile:226：cmake_check_build_system] 错误 1
