[0.027s] Invoking command in '/home/abc/ROS2_SIM_WS/build/demo_stage_sim': CMAKE_PREFIX_PATH=/home/abc/ROS2_SIM_WS/install/stage_ros2:/home/abc/ROS2_SIM_WS/install/Stage:/home/abc/ROS2_SIM_WS/install/demo_stage_sim:/home/abc/ROS2_SIM_WS/install/mycar_description:/home/abc/ROS2_SIM_WS/install/demo_gazebo_sim:/opt/ros/humble /usr/bin/cmake --build /home/abc/ROS2_SIM_WS/build/demo_stage_sim -- -j4 -l4
[0.249s] Invoked command in '/home/abc/ROS2_SIM_WS/build/demo_stage_sim' returned '0': CMAKE_PREFIX_PATH=/home/abc/ROS2_SIM_WS/install/stage_ros2:/home/abc/ROS2_SIM_WS/install/Stage:/home/abc/ROS2_SIM_WS/install/demo_stage_sim:/home/abc/ROS2_SIM_WS/install/mycar_description:/home/abc/ROS2_SIM_WS/install/demo_gazebo_sim:/opt/ros/humble /usr/bin/cmake --build /home/abc/ROS2_SIM_WS/build/demo_stage_sim -- -j4 -l4
[0.272s] Invoking command in '/home/abc/ROS2_SIM_WS/build/demo_stage_sim': CMAKE_PREFIX_PATH=/home/abc/ROS2_SIM_WS/install/stage_ros2:/home/abc/ROS2_SIM_WS/install/Stage:/home/abc/ROS2_SIM_WS/install/demo_stage_sim:/home/abc/ROS2_SIM_WS/install/mycar_description:/home/abc/ROS2_SIM_WS/install/demo_gazebo_sim:/opt/ros/humble /usr/bin/cmake --install /home/abc/ROS2_SIM_WS/build/demo_stage_sim
[0.284s] -- Install configuration: ""
[0.284s] -- Up-to-date: /home/abc/ROS2_SIM_WS/install/demo_stage_sim/share/demo_stage_sim/launch
[0.288s] -- Installing: /home/abc/ROS2_SIM_WS/install/demo_stage_sim/share/demo_stage_sim/launch/sim.launch.py
[0.288s] -- Up-to-date: /home/abc/ROS2_SIM_WS/install/demo_stage_sim/share/demo_stage_sim/world
[0.288s] -- Up-to-date: /home/abc/ROS2_SIM_WS/install/demo_stage_sim/share/demo_stage_sim/world/sim_world
[0.288s] -- Up-to-date: /home/abc/ROS2_SIM_WS/install/demo_stage_sim/share/demo_stage_sim/world/maps
[0.289s] -- Up-to-date: /home/abc/ROS2_SIM_WS/install/demo_stage_sim/share/demo_stage_sim/world/robot
[0.291s] -- Up-to-date: /home/abc/ROS2_SIM_WS/install/demo_stage_sim/share/demo_stage_sim/world/robot/laser.inc
[0.291s] -- Up-to-date: /home/abc/ROS2_SIM_WS/install/demo_stage_sim/share/demo_stage_sim/world/robot/car_base.inc
[0.291s] -- Up-to-date: /home/abc/ROS2_SIM_WS/install/demo_stage_sim/share/demo_stage_sim/world/robot/camera.inc
[0.291s] -- Up-to-date: /home/abc/ROS2_SIM_WS/install/demo_stage_sim/share/demo_stage_sim/world/robot/mycar.inc
[0.292s] -- Up-to-date: /home/abc/ROS2_SIM_WS/install/demo_stage_sim/share/ament_index/resource_index/package_run_dependencies/demo_stage_sim
[0.292s] -- Up-to-date: /home/abc/ROS2_SIM_WS/install/demo_stage_sim/share/ament_index/resource_index/parent_prefix_path/demo_stage_sim
[0.293s] -- Up-to-date: /home/abc/ROS2_SIM_WS/install/demo_stage_sim/share/demo_stage_sim/environment/ament_prefix_path.sh
[0.293s] -- Up-to-date: /home/abc/ROS2_SIM_WS/install/demo_stage_sim/share/demo_stage_sim/environment/ament_prefix_path.dsv
[0.293s] -- Up-to-date: /home/abc/ROS2_SIM_WS/install/demo_stage_sim/share/demo_stage_sim/environment/path.sh
[0.293s] -- Up-to-date: /home/abc/ROS2_SIM_WS/install/demo_stage_sim/share/demo_stage_sim/environment/path.dsv
[0.293s] -- Up-to-date: /home/abc/ROS2_SIM_WS/install/demo_stage_sim/share/demo_stage_sim/local_setup.bash
[0.293s] -- Up-to-date: /home/abc/ROS2_SIM_WS/install/demo_stage_sim/share/demo_stage_sim/local_setup.sh
[0.293s] -- Up-to-date: /home/abc/ROS2_SIM_WS/install/demo_stage_sim/share/demo_stage_sim/local_setup.zsh
[0.293s] -- Up-to-date: /home/abc/ROS2_SIM_WS/install/demo_stage_sim/share/demo_stage_sim/local_setup.dsv
[0.294s] -- Installing: /home/abc/ROS2_SIM_WS/install/demo_stage_sim/share/demo_stage_sim/package.dsv
[0.297s] -- Up-to-date: /home/abc/ROS2_SIM_WS/install/demo_stage_sim/share/ament_index/resource_index/packages/demo_stage_sim
[0.298s] -- Up-to-date: /home/abc/ROS2_SIM_WS/install/demo_stage_sim/share/demo_stage_sim/cmake/demo_stage_simConfig.cmake
[0.298s] -- Up-to-date: /home/abc/ROS2_SIM_WS/install/demo_stage_sim/share/demo_stage_sim/cmake/demo_stage_simConfig-version.cmake
[0.298s] -- Up-to-date: /home/abc/ROS2_SIM_WS/install/demo_stage_sim/share/demo_stage_sim/package.xml
[0.305s] Invoked command in '/home/abc/ROS2_SIM_WS/build/demo_stage_sim' returned '0': CMAKE_PREFIX_PATH=/home/abc/ROS2_SIM_WS/install/stage_ros2:/home/abc/ROS2_SIM_WS/install/Stage:/home/abc/ROS2_SIM_WS/install/demo_stage_sim:/home/abc/ROS2_SIM_WS/install/mycar_description:/home/abc/ROS2_SIM_WS/install/demo_gazebo_sim:/opt/ros/humble /usr/bin/cmake --install /home/abc/ROS2_SIM_WS/build/demo_stage_sim
