[0.140s] DEBUG:colcon:Command line arguments: ['/usr/bin/colcon', 'build']
[0.140s] DEBUG:colcon:Parsed command line arguments: Namespace(log_base=None, log_level=None, verb_name='build', build_base='build', install_base='install', merge_install=False, symlink_install=False, test_result_base=None, continue_on_error=False, executor='parallel', parallel_workers=4, event_handlers=None, ignore_user_meta=False, metas=['./colcon.meta'], base_paths=['.'], packages_ignore=None, packages_ignore_regex=None, paths=None, packages_up_to=None, packages_up_to_regex=None, packages_above=None, packages_above_and_dependencies=None, packages_above_depth=None, packages_select_by_dep=None, packages_skip_by_dep=None, packages_skip_up_to=None, packages_select_build_failed=False, packages_skip_build_finished=False, packages_select_test_failures=False, packages_skip_test_passed=False, packages_select=None, packages_skip=None, packages_select_regex=None, packages_skip_regex=None, packages_start=None, packages_end=None, allow_overriding=[], cmake_args=None, cmake_target=None, cmake_target_skip_unavailable=False, cmake_clean_cache=False, cmake_clean_first=False, cmake_force_configure=False, ament_cmake_args=None, catkin_cmake_args=None, catkin_skip_building_tests=False, verb_parser=<colcon_defaults.argument_parser.defaults.DefaultArgumentsDecorator object at 0x70af026d67d0>, verb_extension=<colcon_core.verb.build.BuildVerb object at 0x70af02823d00>, main=<bound method BuildVerb.main of <colcon_core.verb.build.BuildVerb object at 0x70af02823d00>>)
[0.322s] Level 1:colcon.colcon_core.package_discovery:discover_packages(colcon_meta) check parameters
[0.322s] Level 1:colcon.colcon_core.package_discovery:discover_packages(recursive) check parameters
[0.322s] Level 1:colcon.colcon_core.package_discovery:discover_packages(ignore) check parameters
[0.322s] Level 1:colcon.colcon_core.package_discovery:discover_packages(path) check parameters
[0.322s] Level 1:colcon.colcon_core.package_discovery:discover_packages(colcon_meta) discover
[0.322s] Level 1:colcon.colcon_core.package_discovery:discover_packages(recursive) discover
[0.322s] INFO:colcon.colcon_core.package_discovery:Crawling recursively for packages in '/home/abc/ROS2_VOICE_WS'
[0.322s] Level 1:colcon.colcon_core.package_identification:_identify(.) by extensions ['ignore', 'ignore_ament_install']
[0.322s] Level 1:colcon.colcon_core.package_identification:_identify(.) by extension 'ignore'
[0.323s] Level 1:colcon.colcon_core.package_identification:_identify(.) by extension 'ignore_ament_install'
[0.323s] Level 1:colcon.colcon_core.package_identification:_identify(.) by extensions ['colcon_pkg']
[0.323s] Level 1:colcon.colcon_core.package_identification:_identify(.) by extension 'colcon_pkg'
[0.323s] Level 1:colcon.colcon_core.package_identification:_identify(.) by extensions ['colcon_meta']
[0.323s] Level 1:colcon.colcon_core.package_identification:_identify(.) by extension 'colcon_meta'
[0.323s] Level 1:colcon.colcon_core.package_identification:_identify(.) by extensions ['ros']
[0.323s] Level 1:colcon.colcon_core.package_identification:_identify(.) by extension 'ros'
[0.331s] Level 1:colcon.colcon_core.package_identification:_identify(.) by extensions ['cmake', 'python']
[0.331s] Level 1:colcon.colcon_core.package_identification:_identify(.) by extension 'cmake'
[0.331s] Level 1:colcon.colcon_core.package_identification:_identify(.) by extension 'python'
[0.331s] Level 1:colcon.colcon_core.package_identification:_identify(.) by extensions ['python_setup_py']
[0.331s] Level 1:colcon.colcon_core.package_identification:_identify(.) by extension 'python_setup_py'
[0.331s] Level 1:colcon.colcon_core.package_identification:_identify(build) by extensions ['ignore', 'ignore_ament_install']
[0.331s] Level 1:colcon.colcon_core.package_identification:_identify(build) by extension 'ignore'
[0.331s] Level 1:colcon.colcon_core.package_identification:_identify(build) ignored
[0.331s] Level 1:colcon.colcon_core.package_identification:_identify(install) by extensions ['ignore', 'ignore_ament_install']
[0.331s] Level 1:colcon.colcon_core.package_identification:_identify(install) by extension 'ignore'
[0.331s] Level 1:colcon.colcon_core.package_identification:_identify(install) ignored
[0.331s] Level 1:colcon.colcon_core.package_identification:_identify(log) by extensions ['ignore', 'ignore_ament_install']
[0.332s] Level 1:colcon.colcon_core.package_identification:_identify(log) by extension 'ignore'
[0.332s] Level 1:colcon.colcon_core.package_identification:_identify(log) ignored
[0.332s] Level 1:colcon.colcon_core.package_identification:_identify(src) by extensions ['ignore', 'ignore_ament_install']
[0.332s] Level 1:colcon.colcon_core.package_identification:_identify(src) by extension 'ignore'
[0.332s] Level 1:colcon.colcon_core.package_identification:_identify(src) by extension 'ignore_ament_install'
[0.332s] Level 1:colcon.colcon_core.package_identification:_identify(src) by extensions ['colcon_pkg']
[0.332s] Level 1:colcon.colcon_core.package_identification:_identify(src) by extension 'colcon_pkg'
[0.332s] Level 1:colcon.colcon_core.package_identification:_identify(src) by extensions ['colcon_meta']
[0.332s] Level 1:colcon.colcon_core.package_identification:_identify(src) by extension 'colcon_meta'
[0.332s] Level 1:colcon.colcon_core.package_identification:_identify(src) by extensions ['ros']
[0.332s] Level 1:colcon.colcon_core.package_identification:_identify(src) by extension 'ros'
[0.332s] Level 1:colcon.colcon_core.package_identification:_identify(src) by extensions ['cmake', 'python']
[0.332s] Level 1:colcon.colcon_core.package_identification:_identify(src) by extension 'cmake'
[0.332s] Level 1:colcon.colcon_core.package_identification:_identify(src) by extension 'python'
[0.332s] Level 1:colcon.colcon_core.package_identification:_identify(src) by extensions ['python_setup_py']
[0.332s] Level 1:colcon.colcon_core.package_identification:_identify(src) by extension 'python_setup_py'
[0.333s] Level 1:colcon.colcon_core.package_identification:_identify(src/baidu) by extensions ['ignore', 'ignore_ament_install']
[0.333s] Level 1:colcon.colcon_core.package_identification:_identify(src/baidu) by extension 'ignore'
[0.333s] Level 1:colcon.colcon_core.package_identification:_identify(src/baidu) by extension 'ignore_ament_install'
[0.333s] Level 1:colcon.colcon_core.package_identification:_identify(src/baidu) by extensions ['colcon_pkg']
[0.333s] Level 1:colcon.colcon_core.package_identification:_identify(src/baidu) by extension 'colcon_pkg'
[0.333s] Level 1:colcon.colcon_core.package_identification:_identify(src/baidu) by extensions ['colcon_meta']
[0.333s] Level 1:colcon.colcon_core.package_identification:_identify(src/baidu) by extension 'colcon_meta'
[0.333s] Level 1:colcon.colcon_core.package_identification:_identify(src/baidu) by extensions ['ros']
[0.333s] Level 1:colcon.colcon_core.package_identification:_identify(src/baidu) by extension 'ros'
[0.333s] Level 1:colcon.colcon_core.package_identification:_identify(src/baidu) by extensions ['cmake', 'python']
[0.333s] Level 1:colcon.colcon_core.package_identification:_identify(src/baidu) by extension 'cmake'
[0.333s] Level 1:colcon.colcon_core.package_identification:_identify(src/baidu) by extension 'python'
[0.333s] Level 1:colcon.colcon_core.package_identification:_identify(src/baidu) by extensions ['python_setup_py']
[0.333s] Level 1:colcon.colcon_core.package_identification:_identify(src/baidu) by extension 'python_setup_py'
[0.333s] Level 1:colcon.colcon_core.package_identification:_identify(src/build) by extensions ['ignore', 'ignore_ament_install']
[0.334s] Level 1:colcon.colcon_core.package_identification:_identify(src/build) by extension 'ignore'
[0.334s] Level 1:colcon.colcon_core.package_identification:_identify(src/build) ignored
[0.334s] Level 1:colcon.colcon_core.package_identification:_identify(src/install) by extensions ['ignore', 'ignore_ament_install']
[0.334s] Level 1:colcon.colcon_core.package_identification:_identify(src/install) by extension 'ignore'
[0.334s] Level 1:colcon.colcon_core.package_identification:_identify(src/install) ignored
[0.334s] Level 1:colcon.colcon_core.package_identification:_identify(src/log) by extensions ['ignore', 'ignore_ament_install']
[0.334s] Level 1:colcon.colcon_core.package_identification:_identify(src/log) by extension 'ignore'
[0.334s] Level 1:colcon.colcon_core.package_identification:_identify(src/log) ignored
[0.334s] Level 1:colcon.colcon_core.package_identification:_identify(src/msc) by extensions ['ignore', 'ignore_ament_install']
[0.334s] Level 1:colcon.colcon_core.package_identification:_identify(src/msc) by extension 'ignore'
[0.334s] Level 1:colcon.colcon_core.package_identification:_identify(src/msc) by extension 'ignore_ament_install'
[0.334s] Level 1:colcon.colcon_core.package_identification:_identify(src/msc) by extensions ['colcon_pkg']
[0.334s] Level 1:colcon.colcon_core.package_identification:_identify(src/msc) by extension 'colcon_pkg'
[0.334s] Level 1:colcon.colcon_core.package_identification:_identify(src/msc) by extensions ['colcon_meta']
[0.334s] Level 1:colcon.colcon_core.package_identification:_identify(src/msc) by extension 'colcon_meta'
[0.334s] Level 1:colcon.colcon_core.package_identification:_identify(src/msc) by extensions ['ros']
[0.334s] Level 1:colcon.colcon_core.package_identification:_identify(src/msc) by extension 'ros'
[0.334s] Level 1:colcon.colcon_core.package_identification:_identify(src/msc) by extensions ['cmake', 'python']
[0.334s] Level 1:colcon.colcon_core.package_identification:_identify(src/msc) by extension 'cmake'
[0.334s] Level 1:colcon.colcon_core.package_identification:_identify(src/msc) by extension 'python'
[0.334s] Level 1:colcon.colcon_core.package_identification:_identify(src/msc) by extensions ['python_setup_py']
[0.334s] Level 1:colcon.colcon_core.package_identification:_identify(src/msc) by extension 'python_setup_py'
[0.334s] Level 1:colcon.colcon_core.package_identification:_identify(src/msc/3da94ea01b9b345d89bec771ebefa916) by extensions ['ignore', 'ignore_ament_install']
[0.334s] Level 1:colcon.colcon_core.package_identification:_identify(src/msc/3da94ea01b9b345d89bec771ebefa916) by extension 'ignore'
[0.334s] Level 1:colcon.colcon_core.package_identification:_identify(src/msc/3da94ea01b9b345d89bec771ebefa916) by extension 'ignore_ament_install'
[0.334s] Level 1:colcon.colcon_core.package_identification:_identify(src/msc/3da94ea01b9b345d89bec771ebefa916) by extensions ['colcon_pkg']
[0.334s] Level 1:colcon.colcon_core.package_identification:_identify(src/msc/3da94ea01b9b345d89bec771ebefa916) by extension 'colcon_pkg'
[0.334s] Level 1:colcon.colcon_core.package_identification:_identify(src/msc/3da94ea01b9b345d89bec771ebefa916) by extensions ['colcon_meta']
[0.334s] Level 1:colcon.colcon_core.package_identification:_identify(src/msc/3da94ea01b9b345d89bec771ebefa916) by extension 'colcon_meta'
[0.334s] Level 1:colcon.colcon_core.package_identification:_identify(src/msc/3da94ea01b9b345d89bec771ebefa916) by extensions ['ros']
[0.334s] Level 1:colcon.colcon_core.package_identification:_identify(src/msc/3da94ea01b9b345d89bec771ebefa916) by extension 'ros'
[0.334s] Level 1:colcon.colcon_core.package_identification:_identify(src/msc/3da94ea01b9b345d89bec771ebefa916) by extensions ['cmake', 'python']
[0.334s] Level 1:colcon.colcon_core.package_identification:_identify(src/msc/3da94ea01b9b345d89bec771ebefa916) by extension 'cmake'
[0.334s] Level 1:colcon.colcon_core.package_identification:_identify(src/msc/3da94ea01b9b345d89bec771ebefa916) by extension 'python'
[0.334s] Level 1:colcon.colcon_core.package_identification:_identify(src/msc/3da94ea01b9b345d89bec771ebefa916) by extensions ['python_setup_py']
[0.334s] Level 1:colcon.colcon_core.package_identification:_identify(src/msc/3da94ea01b9b345d89bec771ebefa916) by extension 'python_setup_py'
[0.334s] Level 1:colcon.colcon_core.package_identification:_identify(src/xf) by extensions ['ignore', 'ignore_ament_install']
[0.334s] Level 1:colcon.colcon_core.package_identification:_identify(src/xf) by extension 'ignore'
[0.335s] Level 1:colcon.colcon_core.package_identification:_identify(src/xf) by extension 'ignore_ament_install'
[0.335s] Level 1:colcon.colcon_core.package_identification:_identify(src/xf) by extensions ['colcon_pkg']
[0.335s] Level 1:colcon.colcon_core.package_identification:_identify(src/xf) by extension 'colcon_pkg'
[0.335s] Level 1:colcon.colcon_core.package_identification:_identify(src/xf) by extensions ['colcon_meta']
[0.335s] Level 1:colcon.colcon_core.package_identification:_identify(src/xf) by extension 'colcon_meta'
[0.335s] Level 1:colcon.colcon_core.package_identification:_identify(src/xf) by extensions ['ros']
[0.335s] Level 1:colcon.colcon_core.package_identification:_identify(src/xf) by extension 'ros'
[0.335s] Level 1:colcon.colcon_core.package_identification:_identify(src/xf) by extensions ['cmake', 'python']
[0.335s] Level 1:colcon.colcon_core.package_identification:_identify(src/xf) by extension 'cmake'
[0.335s] Level 1:colcon.colcon_core.package_identification:_identify(src/xf) by extension 'python'
[0.335s] Level 1:colcon.colcon_core.package_identification:_identify(src/xf) by extensions ['python_setup_py']
[0.335s] Level 1:colcon.colcon_core.package_identification:_identify(src/xf) by extension 'python_setup_py'
[0.335s] Level 1:colcon.colcon_core.package_identification:_identify(src/xf/ros2_xf_bridge) by extensions ['ignore', 'ignore_ament_install']
[0.335s] Level 1:colcon.colcon_core.package_identification:_identify(src/xf/ros2_xf_bridge) by extension 'ignore'
[0.335s] Level 1:colcon.colcon_core.package_identification:_identify(src/xf/ros2_xf_bridge) by extension 'ignore_ament_install'
[0.335s] Level 1:colcon.colcon_core.package_identification:_identify(src/xf/ros2_xf_bridge) by extensions ['colcon_pkg']
[0.335s] Level 1:colcon.colcon_core.package_identification:_identify(src/xf/ros2_xf_bridge) by extension 'colcon_pkg'
[0.335s] Level 1:colcon.colcon_core.package_identification:_identify(src/xf/ros2_xf_bridge) by extensions ['colcon_meta']
[0.335s] Level 1:colcon.colcon_core.package_identification:_identify(src/xf/ros2_xf_bridge) by extension 'colcon_meta'
[0.335s] Level 1:colcon.colcon_core.package_identification:_identify(src/xf/ros2_xf_bridge) by extensions ['ros']
[0.335s] Level 1:colcon.colcon_core.package_identification:_identify(src/xf/ros2_xf_bridge) by extension 'ros'
[0.338s] DEBUG:colcon.colcon_core.package_identification:Package 'src/xf/ros2_xf_bridge' with type 'ros.ament_cmake' and name 'ros2_xf_bridge'
[0.338s] Level 1:colcon.colcon_core.package_discovery:discover_packages(recursive) using defaults
[0.338s] Level 1:colcon.colcon_core.package_discovery:discover_packages(ignore) discover
[0.338s] Level 1:colcon.colcon_core.package_discovery:discover_packages(ignore) using defaults
[0.338s] Level 1:colcon.colcon_core.package_discovery:discover_packages(path) discover
[0.338s] Level 1:colcon.colcon_core.package_discovery:discover_packages(path) using defaults
[0.356s] Level 1:colcon.colcon_core.package_discovery:discover_packages(prefix_path) check parameters
[0.356s] Level 1:colcon.colcon_core.package_discovery:discover_packages(prefix_path) discover
[0.360s] DEBUG:colcon.colcon_installed_package_information.package_discovery:Found 337 installed packages in /opt/ros/humble
[0.370s] Level 1:colcon.colcon_core.package_discovery:discover_packages(prefix_path) using defaults
[0.400s] Level 5:colcon.colcon_core.verb:set package 'ros2_xf_bridge' build argument 'cmake_args' from command line to 'None'
[0.400s] Level 5:colcon.colcon_core.verb:set package 'ros2_xf_bridge' build argument 'cmake_target' from command line to 'None'
[0.400s] Level 5:colcon.colcon_core.verb:set package 'ros2_xf_bridge' build argument 'cmake_target_skip_unavailable' from command line to 'False'
[0.400s] Level 5:colcon.colcon_core.verb:set package 'ros2_xf_bridge' build argument 'cmake_clean_cache' from command line to 'False'
[0.400s] Level 5:colcon.colcon_core.verb:set package 'ros2_xf_bridge' build argument 'cmake_clean_first' from command line to 'False'
[0.400s] Level 5:colcon.colcon_core.verb:set package 'ros2_xf_bridge' build argument 'cmake_force_configure' from command line to 'False'
[0.400s] Level 5:colcon.colcon_core.verb:set package 'ros2_xf_bridge' build argument 'ament_cmake_args' from command line to 'None'
[0.400s] Level 5:colcon.colcon_core.verb:set package 'ros2_xf_bridge' build argument 'catkin_cmake_args' from command line to 'None'
[0.400s] Level 5:colcon.colcon_core.verb:set package 'ros2_xf_bridge' build argument 'catkin_skip_building_tests' from command line to 'False'
[0.400s] DEBUG:colcon.colcon_core.verb:Building package 'ros2_xf_bridge' with the following arguments: {'ament_cmake_args': None, 'build_base': '/home/abc/ROS2_VOICE_WS/build/ros2_xf_bridge', 'catkin_cmake_args': None, 'catkin_skip_building_tests': False, 'cmake_args': None, 'cmake_clean_cache': False, 'cmake_clean_first': False, 'cmake_force_configure': False, 'cmake_target': None, 'cmake_target_skip_unavailable': False, 'install_base': '/home/abc/ROS2_VOICE_WS/install/ros2_xf_bridge', 'merge_install': False, 'path': '/home/abc/ROS2_VOICE_WS/src/xf/ros2_xf_bridge', 'symlink_install': False, 'test_result_base': None}
[0.400s] INFO:colcon.colcon_core.executor:Executing jobs using 'parallel' executor
[0.401s] DEBUG:colcon.colcon_parallel_executor.executor.parallel:run_until_complete
[0.401s] INFO:colcon.colcon_ros.task.ament_cmake.build:Building ROS package in '/home/abc/ROS2_VOICE_WS/src/xf/ros2_xf_bridge' with build type 'ament_cmake'
[0.401s] INFO:colcon.colcon_cmake.task.cmake.build:Building CMake package in '/home/abc/ROS2_VOICE_WS/src/xf/ros2_xf_bridge'
[0.408s] INFO:colcon.colcon_core.plugin_system:Skipping extension 'colcon_core.shell.bat': Not used on non-Windows systems
[0.408s] INFO:colcon.colcon_core.shell:Skip shell extension 'powershell' for command environment: Not usable outside of PowerShell
[0.408s] DEBUG:colcon.colcon_core.shell:Skip shell extension 'dsv' for command environment
[0.416s] DEBUG:colcon.colcon_core.event_handler.log_command:Invoking command in '/home/abc/ROS2_VOICE_WS/build/ros2_xf_bridge': CMAKE_PREFIX_PATH=/opt/ros/humble /usr/bin/cmake /home/abc/ROS2_VOICE_WS/src/xf/ros2_xf_bridge -DCMAKE_INSTALL_PREFIX=/home/abc/ROS2_VOICE_WS/install/ros2_xf_bridge
[1.497s] DEBUG:colcon.colcon_core.event_handler.log_command:Invoked command in '/home/abc/ROS2_VOICE_WS/build/ros2_xf_bridge' returned '0': CMAKE_PREFIX_PATH=/opt/ros/humble /usr/bin/cmake /home/abc/ROS2_VOICE_WS/src/xf/ros2_xf_bridge -DCMAKE_INSTALL_PREFIX=/home/abc/ROS2_VOICE_WS/install/ros2_xf_bridge
[1.499s] DEBUG:colcon.colcon_core.event_handler.log_command:Invoking command in '/home/abc/ROS2_VOICE_WS/build/ros2_xf_bridge': CMAKE_PREFIX_PATH=/opt/ros/humble /usr/bin/cmake --build /home/abc/ROS2_VOICE_WS/build/ros2_xf_bridge -- -j4 -l4
[8.328s] DEBUG:colcon.colcon_core.event_handler.log_command:Invoked command in '/home/abc/ROS2_VOICE_WS/build/ros2_xf_bridge' returned '0': CMAKE_PREFIX_PATH=/opt/ros/humble /usr/bin/cmake --build /home/abc/ROS2_VOICE_WS/build/ros2_xf_bridge -- -j4 -l4
[8.339s] DEBUG:colcon.colcon_core.event_handler.log_command:Invoking command in '/home/abc/ROS2_VOICE_WS/build/ros2_xf_bridge': CMAKE_PREFIX_PATH=/opt/ros/humble /usr/bin/cmake --install /home/abc/ROS2_VOICE_WS/build/ros2_xf_bridge
[8.356s] Level 1:colcon.colcon_core.environment:create_environment_scripts_only(ros2_xf_bridge)
[8.356s] DEBUG:colcon.colcon_core.event_handler.log_command:Invoked command in '/home/abc/ROS2_VOICE_WS/build/ros2_xf_bridge' returned '0': CMAKE_PREFIX_PATH=/opt/ros/humble /usr/bin/cmake --install /home/abc/ROS2_VOICE_WS/build/ros2_xf_bridge
[8.361s] Level 1:colcon.colcon_core.environment:checking '/home/abc/ROS2_VOICE_WS/install/ros2_xf_bridge' for CMake module files
[8.362s] Level 1:colcon.colcon_core.environment:checking '/home/abc/ROS2_VOICE_WS/install/ros2_xf_bridge' for CMake config files
[8.362s] Level 1:colcon.colcon_core.shell:create_environment_hook('ros2_xf_bridge', 'cmake_prefix_path')
[8.362s] INFO:colcon.colcon_core.shell:Creating environment hook '/home/abc/ROS2_VOICE_WS/install/ros2_xf_bridge/share/ros2_xf_bridge/hook/cmake_prefix_path.ps1'
[8.363s] INFO:colcon.colcon_core.shell:Creating environment descriptor '/home/abc/ROS2_VOICE_WS/install/ros2_xf_bridge/share/ros2_xf_bridge/hook/cmake_prefix_path.dsv'
[8.364s] INFO:colcon.colcon_core.shell:Creating environment hook '/home/abc/ROS2_VOICE_WS/install/ros2_xf_bridge/share/ros2_xf_bridge/hook/cmake_prefix_path.sh'
[8.364s] Level 1:colcon.colcon_core.environment:checking '/home/abc/ROS2_VOICE_WS/install/ros2_xf_bridge/lib'
[8.365s] Level 1:colcon.colcon_core.environment:checking '/home/abc/ROS2_VOICE_WS/install/ros2_xf_bridge/bin'
[8.365s] Level 1:colcon.colcon_core.environment:checking '/home/abc/ROS2_VOICE_WS/install/ros2_xf_bridge/lib/pkgconfig/ros2_xf_bridge.pc'
[8.365s] Level 1:colcon.colcon_core.environment:checking '/home/abc/ROS2_VOICE_WS/install/ros2_xf_bridge/lib/python3.10/site-packages'
[8.365s] Level 1:colcon.colcon_core.environment:checking '/home/abc/ROS2_VOICE_WS/install/ros2_xf_bridge/bin'
[8.365s] INFO:colcon.colcon_core.shell:Creating package script '/home/abc/ROS2_VOICE_WS/install/ros2_xf_bridge/share/ros2_xf_bridge/package.ps1'
[8.366s] INFO:colcon.colcon_core.shell:Creating package descriptor '/home/abc/ROS2_VOICE_WS/install/ros2_xf_bridge/share/ros2_xf_bridge/package.dsv'
[8.366s] INFO:colcon.colcon_core.shell:Creating package script '/home/abc/ROS2_VOICE_WS/install/ros2_xf_bridge/share/ros2_xf_bridge/package.sh'
[8.367s] INFO:colcon.colcon_core.shell:Creating package script '/home/abc/ROS2_VOICE_WS/install/ros2_xf_bridge/share/ros2_xf_bridge/package.bash'
[8.368s] INFO:colcon.colcon_core.shell:Creating package script '/home/abc/ROS2_VOICE_WS/install/ros2_xf_bridge/share/ros2_xf_bridge/package.zsh'
[8.369s] Level 1:colcon.colcon_core.environment:create_file_with_runtime_dependencies(/home/abc/ROS2_VOICE_WS/install/ros2_xf_bridge/share/colcon-core/packages/ros2_xf_bridge)
[8.369s] Level 1:colcon.colcon_core.environment:create_environment_scripts_only(ros2_xf_bridge)
[8.370s] Level 1:colcon.colcon_core.environment:checking '/home/abc/ROS2_VOICE_WS/install/ros2_xf_bridge' for CMake module files
[8.370s] Level 1:colcon.colcon_core.environment:checking '/home/abc/ROS2_VOICE_WS/install/ros2_xf_bridge' for CMake config files
[8.370s] Level 1:colcon.colcon_core.shell:create_environment_hook('ros2_xf_bridge', 'cmake_prefix_path')
[8.370s] INFO:colcon.colcon_core.shell:Creating environment hook '/home/abc/ROS2_VOICE_WS/install/ros2_xf_bridge/share/ros2_xf_bridge/hook/cmake_prefix_path.ps1'
[8.371s] INFO:colcon.colcon_core.shell:Creating environment descriptor '/home/abc/ROS2_VOICE_WS/install/ros2_xf_bridge/share/ros2_xf_bridge/hook/cmake_prefix_path.dsv'
[8.371s] INFO:colcon.colcon_core.shell:Creating environment hook '/home/abc/ROS2_VOICE_WS/install/ros2_xf_bridge/share/ros2_xf_bridge/hook/cmake_prefix_path.sh'
[8.372s] Level 1:colcon.colcon_core.environment:checking '/home/abc/ROS2_VOICE_WS/install/ros2_xf_bridge/lib'
[8.372s] Level 1:colcon.colcon_core.environment:checking '/home/abc/ROS2_VOICE_WS/install/ros2_xf_bridge/bin'
[8.372s] Level 1:colcon.colcon_core.environment:checking '/home/abc/ROS2_VOICE_WS/install/ros2_xf_bridge/lib/pkgconfig/ros2_xf_bridge.pc'
[8.372s] Level 1:colcon.colcon_core.environment:checking '/home/abc/ROS2_VOICE_WS/install/ros2_xf_bridge/lib/python3.10/site-packages'
[8.372s] Level 1:colcon.colcon_core.environment:checking '/home/abc/ROS2_VOICE_WS/install/ros2_xf_bridge/bin'
[8.372s] INFO:colcon.colcon_core.shell:Creating package script '/home/abc/ROS2_VOICE_WS/install/ros2_xf_bridge/share/ros2_xf_bridge/package.ps1'
[8.373s] INFO:colcon.colcon_core.shell:Creating package descriptor '/home/abc/ROS2_VOICE_WS/install/ros2_xf_bridge/share/ros2_xf_bridge/package.dsv'
[8.373s] INFO:colcon.colcon_core.shell:Creating package script '/home/abc/ROS2_VOICE_WS/install/ros2_xf_bridge/share/ros2_xf_bridge/package.sh'
[8.374s] INFO:colcon.colcon_core.shell:Creating package script '/home/abc/ROS2_VOICE_WS/install/ros2_xf_bridge/share/ros2_xf_bridge/package.bash'
[8.374s] INFO:colcon.colcon_core.shell:Creating package script '/home/abc/ROS2_VOICE_WS/install/ros2_xf_bridge/share/ros2_xf_bridge/package.zsh'
[8.375s] Level 1:colcon.colcon_core.environment:create_file_with_runtime_dependencies(/home/abc/ROS2_VOICE_WS/install/ros2_xf_bridge/share/colcon-core/packages/ros2_xf_bridge)
[8.375s] DEBUG:colcon.colcon_parallel_executor.executor.parallel:closing loop
[8.376s] DEBUG:colcon.colcon_parallel_executor.executor.parallel:loop closed
[8.376s] DEBUG:colcon.colcon_parallel_executor.executor.parallel:run_until_complete finished with '0'
[8.376s] DEBUG:colcon.colcon_core.event_reactor:joining thread
[8.386s] INFO:colcon.colcon_core.plugin_system:Skipping extension 'colcon_notification.desktop_notification.terminal_notifier': Not used on non-Darwin systems
[8.386s] INFO:colcon.colcon_core.plugin_system:Skipping extension 'colcon_notification.desktop_notification.win32': Not used on non-Windows systems
[8.386s] INFO:colcon.colcon_notification.desktop_notification:Sending desktop notification using 'notify2'
[8.406s] DEBUG:colcon.colcon_core.event_reactor:joined thread
[8.407s] INFO:colcon.colcon_core.shell:Creating prefix script '/home/abc/ROS2_VOICE_WS/install/local_setup.ps1'
[8.408s] INFO:colcon.colcon_core.shell:Creating prefix util module '/home/abc/ROS2_VOICE_WS/install/_local_setup_util_ps1.py'
[8.409s] INFO:colcon.colcon_core.shell:Creating prefix chain script '/home/abc/ROS2_VOICE_WS/install/setup.ps1'
[8.410s] INFO:colcon.colcon_core.shell:Creating prefix script '/home/abc/ROS2_VOICE_WS/install/local_setup.sh'
[8.411s] INFO:colcon.colcon_core.shell:Creating prefix util module '/home/abc/ROS2_VOICE_WS/install/_local_setup_util_sh.py'
[8.411s] INFO:colcon.colcon_core.shell:Creating prefix chain script '/home/abc/ROS2_VOICE_WS/install/setup.sh'
[8.412s] INFO:colcon.colcon_core.shell:Creating prefix script '/home/abc/ROS2_VOICE_WS/install/local_setup.bash'
[8.413s] INFO:colcon.colcon_core.shell:Creating prefix chain script '/home/abc/ROS2_VOICE_WS/install/setup.bash'
[8.413s] INFO:colcon.colcon_core.shell:Creating prefix script '/home/abc/ROS2_VOICE_WS/install/local_setup.zsh'
[8.414s] INFO:colcon.colcon_core.shell:Creating prefix chain script '/home/abc/ROS2_VOICE_WS/install/setup.zsh'
