[0.025s] Invoking command in '/home/abc/ROS2_SIM_WS/build/ira_laser_tools': CMAKE_PREFIX_PATH=/opt/ros/humble /usr/bin/cmake /home/abc/ROS2_SIM_WS/src/sim_stage/ira_laser_tools -DCMAKE_INSTALL_PREFIX=/home/abc/ROS2_SIM_WS/install/ira_laser_tools
[0.043s] -- Found ament_cmake: 1.3.11 (/opt/ros/humble/share/ament_cmake/cmake)
[0.275s] -- Found rclcpp: 16.0.11 (/opt/ros/humble/share/rclcpp/cmake)
[0.304s] -- Found rosidl_generator_c: 3.1.6 (/opt/ros/humble/share/rosidl_generator_c/cmake)
[0.306s] -- Found rosidl_adapter: 3.1.6 (/opt/ros/humble/share/rosidl_adapter/cmake)
[0.310s] -- Found rosidl_generator_cpp: 3.1.6 (/opt/ros/humble/share/rosidl_generator_cpp/cmake)
[0.317s] -- Using all available rosidl_typesupport_c: rosidl_typesupport_fastrtps_c;rosidl_typesupport_introspection_c
[0.327s] -- Using all available rosidl_typesupport_cpp: rosidl_typesupport_fastrtps_cpp;rosidl_typesupport_introspection_cpp
[0.349s] -- Found rmw_implementation_cmake: 6.1.2 (/opt/ros/humble/share/rmw_implementation_cmake/cmake)
[0.353s] -- Found rmw_fastrtps_cpp: 6.2.7 (/opt/ros/humble/share/rmw_fastrtps_cpp/cmake)
[0.438s] -- Using RMW implementation 'rmw_fastrtps_cpp' as default
[0.471s] -- Found rclcpp_action: 16.0.11 (/opt/ros/humble/share/rclcpp_action/cmake)
[0.491s] -- Found rclcpp_lifecycle: 16.0.11 (/opt/ros/humble/share/rclcpp_lifecycle/cmake)
[0.501s] -- Found geometry_msgs: 4.2.4 (/opt/ros/humble/share/geometry_msgs/cmake)
[0.511s] -- Found sensor_msgs: 4.2.4 (/opt/ros/humble/share/sensor_msgs/cmake)
[0.527s] -- Found laser_geometry: 2.4.0 (/opt/ros/humble/share/laser_geometry/cmake)
[0.535s] -- Found tf2_ros: 0.25.9 (/opt/ros/humble/share/tf2_ros/cmake)
[0.577s] [31mCMake Error at CMakeLists.txt:25 (find_package):
[0.577s]   By not providing "Findpcl_ros.cmake" in CMAKE_MODULE_PATH this project has
[0.577s]   asked CMake to find a package configuration file provided by "pcl_ros", but
[0.577s]   CMake did not find one.
[0.577s] 
[0.577s]   Could not find a package configuration file provided by "pcl_ros" with any
[0.577s]   of the following names:
[0.577s] 
[0.577s]     pcl_rosConfig.cmake
[0.578s]     pcl_ros-config.cmake
[0.578s] 
[0.578s]   Add the installation prefix of "pcl_ros" to CMAKE_PREFIX_PATH or set
[0.578s]   "pcl_ros_DIR" to a directory containing one of the above files.  If
[0.578s]   "pcl_ros" provides a separate development package or SDK, be sure it has
[0.578s]   been installed.
[0.578s] 
[0.578s] [0m
[0.578s] -- Configuring incomplete, errors occurred!
[0.578s] See also "/home/abc/ROS2_SIM_WS/build/ira_laser_tools/CMakeFiles/CMakeOutput.log".
