[0.018s] Invoking command in '/home/abc/ws01_plumbing/build/cpp07_exercise': AMENT_PREFIX_PATH=/home/abc/ws01_plumbing/install/turtlesim:/home/abc/ws01_plumbing/install/base_interfaces_demo:${AMENT_PREFIX_PATH} CMAKE_PREFIX_PATH=/home/abc/ws01_plumbing/install/turtlesim:/home/abc/ws01_plumbing/install/base_interfaces_demo:/opt/ros/humble LD_LIBRARY_PATH=/home/abc/ws01_plumbing/install/turtlesim/lib:/home/abc/ws01_plumbing/install/base_interfaces_demo/lib:${LD_LIBRARY_PATH} PYTHONPATH=/home/abc/ws01_plumbing/install/turtlesim/local/lib/python3.10/dist-packages:/home/abc/ws01_plumbing/install/base_interfaces_demo/local/lib/python3.10/dist-packages:${PYTHONPATH} /usr/bin/cmake --build /home/abc/ws01_plumbing/build/cpp07_exercise -- -j4 -l4
[0.142s] [35m[1mConsolidate compiler generated dependencies of target exer03_client[0m
[0.142s] [35m[1mConsolidate compiler generated dependencies of target exer02_server[0m
[0.142s] [35m[1mConsolidate compiler generated dependencies of target exer01_pub_sub[0m
[0.155s] [ 66%] Built target exer03_client
[0.155s] [ 66%] Built target exer02_server
[0.155s] [100%] Built target exer01_pub_sub
[0.164s] Invoked command in '/home/abc/ws01_plumbing/build/cpp07_exercise' returned '0': AMENT_PREFIX_PATH=/home/abc/ws01_plumbing/install/turtlesim:/home/abc/ws01_plumbing/install/base_interfaces_demo:${AMENT_PREFIX_PATH} CMAKE_PREFIX_PATH=/home/abc/ws01_plumbing/install/turtlesim:/home/abc/ws01_plumbing/install/base_interfaces_demo:/opt/ros/humble LD_LIBRARY_PATH=/home/abc/ws01_plumbing/install/turtlesim/lib:/home/abc/ws01_plumbing/install/base_interfaces_demo/lib:${LD_LIBRARY_PATH} PYTHONPATH=/home/abc/ws01_plumbing/install/turtlesim/local/lib/python3.10/dist-packages:/home/abc/ws01_plumbing/install/base_interfaces_demo/local/lib/python3.10/dist-packages:${PYTHONPATH} /usr/bin/cmake --build /home/abc/ws01_plumbing/build/cpp07_exercise -- -j4 -l4
[0.176s] Invoking command in '/home/abc/ws01_plumbing/build/cpp07_exercise': AMENT_PREFIX_PATH=/home/abc/ws01_plumbing/install/turtlesim:/home/abc/ws01_plumbing/install/base_interfaces_demo:${AMENT_PREFIX_PATH} CMAKE_PREFIX_PATH=/home/abc/ws01_plumbing/install/turtlesim:/home/abc/ws01_plumbing/install/base_interfaces_demo:/opt/ros/humble LD_LIBRARY_PATH=/home/abc/ws01_plumbing/install/turtlesim/lib:/home/abc/ws01_plumbing/install/base_interfaces_demo/lib:${LD_LIBRARY_PATH} PYTHONPATH=/home/abc/ws01_plumbing/install/turtlesim/local/lib/python3.10/dist-packages:/home/abc/ws01_plumbing/install/base_interfaces_demo/local/lib/python3.10/dist-packages:${PYTHONPATH} /usr/bin/cmake --install /home/abc/ws01_plumbing/build/cpp07_exercise
[0.183s] -- Install configuration: ""
[0.185s] -- Up-to-date: /home/abc/ws01_plumbing/install/cpp07_exercise/lib/cpp07_exercise/exer01_pub_sub
[0.186s] -- Up-to-date: /home/abc/ws01_plumbing/install/cpp07_exercise/lib/cpp07_exercise/exer02_server
[0.186s] -- Up-to-date: /home/abc/ws01_plumbing/install/cpp07_exercise/lib/cpp07_exercise/exer03_client
[0.186s] -- Up-to-date: /home/abc/ws01_plumbing/install/cpp07_exercise/share/cpp07_exercise/launch
[0.186s] -- Up-to-date: /home/abc/ws01_plumbing/install/cpp07_exercise/share/cpp07_exercise/launch/exer01_pub_sub_launch.py
[0.186s] -- Installing: /home/abc/ws01_plumbing/install/cpp07_exercise/share/cpp07_exercise/launch/exer02_server_launch.py
[0.186s] -- Installing: /home/abc/ws01_plumbing/install/cpp07_exercise/share/cpp07_exercise/launch/exer03_client_launch.py
[0.187s] -- Up-to-date: /home/abc/ws01_plumbing/install/cpp07_exercise/share/ament_index/resource_index/package_run_dependencies/cpp07_exercise
[0.187s] -- Up-to-date: /home/abc/ws01_plumbing/install/cpp07_exercise/share/ament_index/resource_index/parent_prefix_path/cpp07_exercise
[0.187s] -- Up-to-date: /home/abc/ws01_plumbing/install/cpp07_exercise/share/cpp07_exercise/environment/ament_prefix_path.sh
[0.187s] -- Up-to-date: /home/abc/ws01_plumbing/install/cpp07_exercise/share/cpp07_exercise/environment/ament_prefix_path.dsv
[0.187s] -- Up-to-date: /home/abc/ws01_plumbing/install/cpp07_exercise/share/cpp07_exercise/environment/path.sh
[0.187s] -- Up-to-date: /home/abc/ws01_plumbing/install/cpp07_exercise/share/cpp07_exercise/environment/path.dsv
[0.187s] -- Up-to-date: /home/abc/ws01_plumbing/install/cpp07_exercise/share/cpp07_exercise/local_setup.bash
[0.187s] -- Up-to-date: /home/abc/ws01_plumbing/install/cpp07_exercise/share/cpp07_exercise/local_setup.sh
[0.187s] -- Up-to-date: /home/abc/ws01_plumbing/install/cpp07_exercise/share/cpp07_exercise/local_setup.zsh
[0.187s] -- Up-to-date: /home/abc/ws01_plumbing/install/cpp07_exercise/share/cpp07_exercise/local_setup.dsv
[0.187s] -- Installing: /home/abc/ws01_plumbing/install/cpp07_exercise/share/cpp07_exercise/package.dsv
[0.187s] -- Up-to-date: /home/abc/ws01_plumbing/install/cpp07_exercise/share/ament_index/resource_index/packages/cpp07_exercise
[0.187s] -- Up-to-date: /home/abc/ws01_plumbing/install/cpp07_exercise/share/cpp07_exercise/cmake/cpp07_exerciseConfig.cmake
[0.188s] -- Up-to-date: /home/abc/ws01_plumbing/install/cpp07_exercise/share/cpp07_exercise/cmake/cpp07_exerciseConfig-version.cmake
[0.188s] -- Up-to-date: /home/abc/ws01_plumbing/install/cpp07_exercise/share/cpp07_exercise/package.xml
[0.190s] Invoked command in '/home/abc/ws01_plumbing/build/cpp07_exercise' returned '0': AMENT_PREFIX_PATH=/home/abc/ws01_plumbing/install/turtlesim:/home/abc/ws01_plumbing/install/base_interfaces_demo:${AMENT_PREFIX_PATH} CMAKE_PREFIX_PATH=/home/abc/ws01_plumbing/install/turtlesim:/home/abc/ws01_plumbing/install/base_interfaces_demo:/opt/ros/humble LD_LIBRARY_PATH=/home/abc/ws01_plumbing/install/turtlesim/lib:/home/abc/ws01_plumbing/install/base_interfaces_demo/lib:${LD_LIBRARY_PATH} PYTHONPATH=/home/abc/ws01_plumbing/install/turtlesim/local/lib/python3.10/dist-packages:/home/abc/ws01_plumbing/install/base_interfaces_demo/local/lib/python3.10/dist-packages:${PYTHONPATH} /usr/bin/cmake --install /home/abc/ws01_plumbing/build/cpp07_exercise
