-- Install configuration: ""
-- Up-to-date: /home/abc/ROS2_SIM_WS/install/demo_gazebo_sim/share/demo_gazebo_sim/launch
-- Up-to-date: /home/abc/ROS2_SIM_WS/install/demo_gazebo_sim/share/demo_gazebo_sim/launch/gazebo_sim_demo.launch.py
-- Installing: /home/abc/ROS2_SIM_WS/install/demo_gazebo_sim/share/demo_gazebo_sim/launch/gazebo_sim_world.launch.py
-- Up-to-date: /home/abc/ROS2_SIM_WS/install/demo_gazebo_sim/share/demo_gazebo_sim/rviz
-- Up-to-date: /home/abc/ROS2_SIM_WS/install/demo_gazebo_sim/share/demo_gazebo_sim/rviz/sim.rviz
-- Up-to-date: /home/abc/ROS2_SIM_WS/install/demo_gazebo_sim/share/demo_gazebo_sim/world
-- Up-to-date: /home/abc/ROS2_SIM_WS/install/demo_gazebo_sim/share/demo_gazebo_sim/world/visualize_lidar.sdf
-- Installing: /home/abc/ROS2_SIM_WS/install/demo_gazebo_sim/share/demo_gazebo_sim/world/house.sdf
-- Up-to-date: /home/abc/ROS2_SIM_WS/install/demo_gazebo_sim/share/ament_index/resource_index/package_run_dependencies/demo_gazebo_sim
-- Up-to-date: /home/abc/ROS2_SIM_WS/install/demo_gazebo_sim/share/ament_index/resource_index/parent_prefix_path/demo_gazebo_sim
-- Up-to-date: /home/abc/ROS2_SIM_WS/install/demo_gazebo_sim/share/demo_gazebo_sim/environment/ament_prefix_path.sh
-- Up-to-date: /home/abc/ROS2_SIM_WS/install/demo_gazebo_sim/share/demo_gazebo_sim/environment/ament_prefix_path.dsv
-- Up-to-date: /home/abc/ROS2_SIM_WS/install/demo_gazebo_sim/share/demo_gazebo_sim/environment/path.sh
-- Up-to-date: /home/abc/ROS2_SIM_WS/install/demo_gazebo_sim/share/demo_gazebo_sim/environment/path.dsv
-- Up-to-date: /home/abc/ROS2_SIM_WS/install/demo_gazebo_sim/share/demo_gazebo_sim/local_setup.bash
-- Up-to-date: /home/abc/ROS2_SIM_WS/install/demo_gazebo_sim/share/demo_gazebo_sim/local_setup.sh
-- Up-to-date: /home/abc/ROS2_SIM_WS/install/demo_gazebo_sim/share/demo_gazebo_sim/local_setup.zsh
-- Up-to-date: /home/abc/ROS2_SIM_WS/install/demo_gazebo_sim/share/demo_gazebo_sim/local_setup.dsv
-- Installing: /home/abc/ROS2_SIM_WS/install/demo_gazebo_sim/share/demo_gazebo_sim/package.dsv
-- Up-to-date: /home/abc/ROS2_SIM_WS/install/demo_gazebo_sim/share/ament_index/resource_index/packages/demo_gazebo_sim
-- Up-to-date: /home/abc/ROS2_SIM_WS/install/demo_gazebo_sim/share/demo_gazebo_sim/cmake/demo_gazebo_simConfig.cmake
-- Up-to-date: /home/abc/ROS2_SIM_WS/install/demo_gazebo_sim/share/demo_gazebo_sim/cmake/demo_gazebo_simConfig-version.cmake
-- Up-to-date: /home/abc/ROS2_SIM_WS/install/demo_gazebo_sim/share/demo_gazebo_sim/package.xml
