[0.017s] Invoking command in '/home/abc/ws01_plumbing/build/turtlesim': CMAKE_PREFIX_PATH=/opt/ros/humble /usr/bin/cmake --build /home/abc/ws01_plumbing/build/turtlesim -- -j4 -l4
[0.125s] [  1%] Built target turtlesim__cpp
[0.185s] [  1%] Built target ament_cmake_python_copy_turtlesim
[0.207s] [35m[1mConsolidate compiler generated dependencies of target turtlesim__rosidl_typesupport_fastrtps_cpp[0m
[0.232s] [ 11%] Built target turtlesim__rosidl_typesupport_fastrtps_cpp
[0.250s] [35m[1mConsolidate compiler generated dependencies of target turtlesim__rosidl_typesupport_introspection_cpp[0m
[0.265s] [ 21%] Built target turtlesim__rosidl_typesupport_introspection_cpp
[0.447s] running egg_info
[0.448s] writing turtlesim.egg-info/PKG-INFO
[0.449s] writing dependency_links to turtlesim.egg-info/dependency_links.txt
[0.449s] writing top-level names to turtlesim.egg-info/top_level.txt
[0.453s] reading manifest file 'turtlesim.egg-info/SOURCES.txt'
[0.454s] writing manifest file 'turtlesim.egg-info/SOURCES.txt'
[0.497s] [ 21%] Built target ament_cmake_python_build_turtlesim_egg
[0.515s] [35m[1mConsolidate compiler generated dependencies of target turtlesim__rosidl_typesupport_cpp[0m
[0.538s] [ 31%] Built target turtlesim__rosidl_typesupport_cpp
[0.553s] [35m[1mConsolidate compiler generated dependencies of target turtlesim__rosidl_generator_c[0m
[0.565s] [ 41%] Built target turtlesim__rosidl_generator_c
[0.582s] [ 42%] [32mBuilding CXX object CMakeFiles/draw_square.dir/tutorials/draw_square.cpp.o[0m
[8.410s] [ 43%] [32m[1mLinking CXX executable draw_square[0m
[8.808s] [ 43%] Built target draw_square
[8.823s] [ 44%] [32mBuilding CXX object CMakeFiles/mimic.dir/tutorials/mimic.cpp.o[0m
[15.463s] [ 45%] [32m[1mLinking CXX executable mimic[0m
[15.756s] [ 45%] Built target mimic
[15.768s] [35m[1mConsolidate compiler generated dependencies of target turtlesim__rosidl_typesupport_fastrtps_c[0m
[15.785s] [ 55%] Built target turtlesim__rosidl_typesupport_fastrtps_c
[15.795s] [35m[1mConsolidate compiler generated dependencies of target turtlesim__rosidl_typesupport_introspection_c[0m
[15.806s] [ 65%] Built target turtlesim__rosidl_typesupport_introspection_c
[15.815s] [35m[1mConsolidate compiler generated dependencies of target turtlesim__rosidl_typesupport_c[0m
[15.825s] [ 75%] Built target turtlesim__rosidl_typesupport_c
[15.843s] [ 76%] [32mBuilding CXX object CMakeFiles/turtle_teleop_key.dir/tutorials/teleop_turtle_key.cpp.o[0m
[20.543s] [ 77%] [32m[1mLinking CXX executable turtle_teleop_key[0m
[20.740s] [ 77%] Built target turtle_teleop_key
[20.755s] [ 77%] Built target turtlesim
[20.764s] [35m[1mConsolidate compiler generated dependencies of target turtlesim_node[0m
[20.779s] [ 78%] [32mBuilding CXX object CMakeFiles/turtlesim_node.dir/src/turtle.cpp.o[0m
[30.195s] [ 79%] [32mBuilding CXX object CMakeFiles/turtlesim_node.dir/include/turtlesim/moc_turtle_frame.cpp.o[0m
[33.390s] [ 80%] [32mBuilding CXX object CMakeFiles/turtlesim_node.dir/src/turtle_frame.cpp.o[0m
[42.535s] [ 81%] [32m[1mLinking CXX executable turtlesim_node[0m
[44.408s] [ 83%] Built target turtlesim_node
[44.424s] [ 84%] [34m[1mGenerating Python code for ROS interfaces[0m
[45.541s] [ 84%] Built target turtlesim__py
[45.558s] [ 85%] [32mBuilding C object CMakeFiles/turtlesim__rosidl_generator_py.dir/rosidl_generator_py/turtlesim/action/_rotate_absolute_s.c.o[0m
[45.738s] [ 86%] [32mBuilding C object CMakeFiles/turtlesim__rosidl_generator_py.dir/rosidl_generator_py/turtlesim/srv/_kill_s.c.o[0m
[45.812s] [ 87%] [32mBuilding C object CMakeFiles/turtlesim__rosidl_generator_py.dir/rosidl_generator_py/turtlesim/srv/_set_pen_s.c.o[0m
[45.887s] [ 88%] [32mBuilding C object CMakeFiles/turtlesim__rosidl_generator_py.dir/rosidl_generator_py/turtlesim/srv/_spawn_s.c.o[0m
[45.966s] [ 89%] [32mBuilding C object CMakeFiles/turtlesim__rosidl_generator_py.dir/rosidl_generator_py/turtlesim/srv/_teleport_absolute_s.c.o[0m
[46.039s] [ 90%] [32mBuilding C object CMakeFiles/turtlesim__rosidl_generator_py.dir/rosidl_generator_py/turtlesim/srv/_teleport_relative_s.c.o[0m
[46.112s] [ 91%] [32mBuilding C object CMakeFiles/turtlesim__rosidl_generator_py.dir/rosidl_generator_py/turtlesim/msg/_pose_s.c.o[0m
[46.185s] [ 92%] [32mBuilding C object CMakeFiles/turtlesim__rosidl_generator_py.dir/rosidl_generator_py/turtlesim/msg/_color_s.c.o[0m
[46.250s] [ 93%] [32m[1mLinking C shared library rosidl_generator_py/turtlesim/libturtlesim__rosidl_generator_py.so[0m
[46.288s] [ 93%] Built target turtlesim__rosidl_generator_py
[46.307s] [ 94%] [32mBuilding C object CMakeFiles/turtlesim__rosidl_typesupport_fastrtps_c__pyext.dir/rosidl_generator_py/turtlesim/_turtlesim_s.ep.rosidl_typesupport_fastrtps_c.c.o[0m
[46.434s] [ 95%] [32m[1mLinking C shared library rosidl_generator_py/turtlesim/turtlesim_s__rosidl_typesupport_fastrtps_c.cpython-310-x86_64-linux-gnu.so[0m
[46.476s] [ 95%] Built target turtlesim__rosidl_typesupport_fastrtps_c__pyext
[46.516s] [ 96%] [32mBuilding C object CMakeFiles/turtlesim__rosidl_typesupport_c__pyext.dir/rosidl_generator_py/turtlesim/_turtlesim_s.ep.rosidl_typesupport_c.c.o[0m
[46.627s] [ 97%] [32m[1mLinking C shared library rosidl_generator_py/turtlesim/turtlesim_s__rosidl_typesupport_c.cpython-310-x86_64-linux-gnu.so[0m
[46.659s] [ 97%] Built target turtlesim__rosidl_typesupport_c__pyext
[46.679s] [ 98%] [32mBuilding C object CMakeFiles/turtlesim__rosidl_typesupport_introspection_c__pyext.dir/rosidl_generator_py/turtlesim/_turtlesim_s.ep.rosidl_typesupport_introspection_c.c.o[0m
[46.789s] [100%] [32m[1mLinking C shared library rosidl_generator_py/turtlesim/turtlesim_s__rosidl_typesupport_introspection_c.cpython-310-x86_64-linux-gnu.so[0m
[46.824s] [100%] Built target turtlesim__rosidl_typesupport_introspection_c__pyext
[46.835s] Invoked command in '/home/abc/ws01_plumbing/build/turtlesim' returned '0': CMAKE_PREFIX_PATH=/opt/ros/humble /usr/bin/cmake --build /home/abc/ws01_plumbing/build/turtlesim -- -j4 -l4
[46.845s] Invoking command in '/home/abc/ws01_plumbing/build/turtlesim': CMAKE_PREFIX_PATH=/opt/ros/humble /usr/bin/cmake --install /home/abc/ws01_plumbing/build/turtlesim
[46.851s] -- Install configuration: ""
[46.851s] -- Installing: /home/abc/ws01_plumbing/install/turtlesim/share/ament_index/resource_index/rosidl_interfaces/turtlesim
[46.852s] -- Installing: /home/abc/ws01_plumbing/install/turtlesim/include/turtlesim/turtlesim
[46.852s] -- Installing: /home/abc/ws01_plumbing/install/turtlesim/include/turtlesim/turtlesim/msg
[46.852s] -- Installing: /home/abc/ws01_plumbing/install/turtlesim/include/turtlesim/turtlesim/msg/color.h
[46.852s] -- Installing: /home/abc/ws01_plumbing/install/turtlesim/include/turtlesim/turtlesim/msg/pose.h
[46.853s] -- Installing: /home/abc/ws01_plumbing/install/turtlesim/include/turtlesim/turtlesim/msg/detail
[46.853s] -- Installing: /home/abc/ws01_plumbing/install/turtlesim/include/turtlesim/turtlesim/msg/detail/pose__struct.h
[46.853s] -- Installing: /home/abc/ws01_plumbing/install/turtlesim/include/turtlesim/turtlesim/msg/detail/pose__type_support.h
[46.853s] -- Installing: /home/abc/ws01_plumbing/install/turtlesim/include/turtlesim/turtlesim/msg/detail/color__functions.c
[46.853s] -- Installing: /home/abc/ws01_plumbing/install/turtlesim/include/turtlesim/turtlesim/msg/detail/pose__functions.c
[46.854s] -- Installing: /home/abc/ws01_plumbing/install/turtlesim/include/turtlesim/turtlesim/msg/detail/color__functions.h
[46.854s] -- Installing: /home/abc/ws01_plumbing/install/turtlesim/include/turtlesim/turtlesim/msg/detail/color__struct.h
[46.854s] -- Installing: /home/abc/ws01_plumbing/install/turtlesim/include/turtlesim/turtlesim/msg/detail/pose__functions.h
[46.854s] -- Installing: /home/abc/ws01_plumbing/install/turtlesim/include/turtlesim/turtlesim/msg/detail/color__type_support.h
[46.854s] -- Installing: /home/abc/ws01_plumbing/install/turtlesim/include/turtlesim/turtlesim/msg/rosidl_generator_c__visibility_control.h
[46.854s] -- Installing: /home/abc/ws01_plumbing/install/turtlesim/include/turtlesim/turtlesim/srv
[46.854s] -- Installing: /home/abc/ws01_plumbing/install/turtlesim/include/turtlesim/turtlesim/srv/kill.h
[46.854s] -- Installing: /home/abc/ws01_plumbing/install/turtlesim/include/turtlesim/turtlesim/srv/detail
[46.855s] -- Installing: /home/abc/ws01_plumbing/install/turtlesim/include/turtlesim/turtlesim/srv/detail/teleport_relative__type_support.h
[46.855s] -- Installing: /home/abc/ws01_plumbing/install/turtlesim/include/turtlesim/turtlesim/srv/detail/kill__functions.h
[46.855s] -- Installing: /home/abc/ws01_plumbing/install/turtlesim/include/turtlesim/turtlesim/srv/detail/set_pen__functions.c
[46.855s] -- Installing: /home/abc/ws01_plumbing/install/turtlesim/include/turtlesim/turtlesim/srv/detail/spawn__type_support.h
[46.855s] -- Installing: /home/abc/ws01_plumbing/install/turtlesim/include/turtlesim/turtlesim/srv/detail/spawn__functions.c
[46.855s] -- Installing: /home/abc/ws01_plumbing/install/turtlesim/include/turtlesim/turtlesim/srv/detail/set_pen__type_support.h
[46.856s] -- Installing: /home/abc/ws01_plumbing/install/turtlesim/include/turtlesim/turtlesim/srv/detail/kill__functions.c
[46.856s] -- Installing: /home/abc/ws01_plumbing/install/turtlesim/include/turtlesim/turtlesim/srv/detail/teleport_absolute__struct.h
[46.856s] -- Installing: /home/abc/ws01_plumbing/install/turtlesim/include/turtlesim/turtlesim/srv/detail/spawn__functions.h
[46.856s] -- Installing: /home/abc/ws01_plumbing/install/turtlesim/include/turtlesim/turtlesim/srv/detail/kill__type_support.h
[46.857s] -- Installing: /home/abc/ws01_plumbing/install/turtlesim/include/turtlesim/turtlesim/srv/detail/teleport_absolute__type_support.h
[46.857s] -- Installing: /home/abc/ws01_plumbing/install/turtlesim/include/turtlesim/turtlesim/srv/detail/kill__struct.h
[46.857s] -- Installing: /home/abc/ws01_plumbing/install/turtlesim/include/turtlesim/turtlesim/srv/detail/spawn__struct.h
[46.857s] -- Installing: /home/abc/ws01_plumbing/install/turtlesim/include/turtlesim/turtlesim/srv/detail/set_pen__struct.h
[46.857s] -- Installing: /home/abc/ws01_plumbing/install/turtlesim/include/turtlesim/turtlesim/srv/detail/teleport_absolute__functions.c
[46.857s] -- Installing: /home/abc/ws01_plumbing/install/turtlesim/include/turtlesim/turtlesim/srv/detail/teleport_absolute__functions.h
[46.858s] -- Installing: /home/abc/ws01_plumbing/install/turtlesim/include/turtlesim/turtlesim/srv/detail/teleport_relative__struct.h
[46.858s] -- Installing: /home/abc/ws01_plumbing/install/turtlesim/include/turtlesim/turtlesim/srv/detail/set_pen__functions.h
[46.858s] -- Installing: /home/abc/ws01_plumbing/install/turtlesim/include/turtlesim/turtlesim/srv/detail/teleport_relative__functions.h
[46.858s] -- Installing: /home/abc/ws01_plumbing/install/turtlesim/include/turtlesim/turtlesim/srv/detail/teleport_relative__functions.c
[46.858s] -- Installing: /home/abc/ws01_plumbing/install/turtlesim/include/turtlesim/turtlesim/srv/teleport_relative.h
[46.858s] -- Installing: /home/abc/ws01_plumbing/install/turtlesim/include/turtlesim/turtlesim/srv/spawn.h
[46.858s] -- Installing: /home/abc/ws01_plumbing/install/turtlesim/include/turtlesim/turtlesim/srv/set_pen.h
[46.859s] -- Installing: /home/abc/ws01_plumbing/install/turtlesim/include/turtlesim/turtlesim/srv/teleport_absolute.h
[46.861s] -- Installing: /home/abc/ws01_plumbing/install/turtlesim/include/turtlesim/turtlesim/action
[46.861s] -- Installing: /home/abc/ws01_plumbing/install/turtlesim/include/turtlesim/turtlesim/action/detail
[46.861s] -- Installing: /home/abc/ws01_plumbing/install/turtlesim/include/turtlesim/turtlesim/action/detail/rotate_absolute__functions.c
[46.862s] -- Installing: /home/abc/ws01_plumbing/install/turtlesim/include/turtlesim/turtlesim/action/detail/rotate_absolute__functions.h
[46.862s] -- Installing: /home/abc/ws01_plumbing/install/turtlesim/include/turtlesim/turtlesim/action/detail/rotate_absolute__struct.h
[46.862s] -- Installing: /home/abc/ws01_plumbing/install/turtlesim/include/turtlesim/turtlesim/action/detail/rotate_absolute__type_support.h
[46.862s] -- Installing: /home/abc/ws01_plumbing/install/turtlesim/include/turtlesim/turtlesim/action/rotate_absolute.h
[46.862s] -- Installing: /home/abc/ws01_plumbing/install/turtlesim/share/turtlesim/environment/library_path.sh
[46.862s] -- Installing: /home/abc/ws01_plumbing/install/turtlesim/share/turtlesim/environment/library_path.dsv
[46.862s] -- Installing: /home/abc/ws01_plumbing/install/turtlesim/lib/libturtlesim__rosidl_generator_c.so
[46.863s] -- Set runtime path of "/home/abc/ws01_plumbing/install/turtlesim/lib/libturtlesim__rosidl_generator_c.so" to ""
[46.863s] -- Up-to-date: /home/abc/ws01_plumbing/install/turtlesim/include/turtlesim/turtlesim
[46.863s] -- Up-to-date: /home/abc/ws01_plumbing/install/turtlesim/include/turtlesim/turtlesim/msg
[46.863s] -- Up-to-date: /home/abc/ws01_plumbing/install/turtlesim/include/turtlesim/turtlesim/msg/detail
[46.863s] -- Installing: /home/abc/ws01_plumbing/install/turtlesim/include/turtlesim/turtlesim/msg/detail/pose__rosidl_typesupport_fastrtps_c.h
[46.863s] -- Installing: /home/abc/ws01_plumbing/install/turtlesim/include/turtlesim/turtlesim/msg/detail/color__rosidl_typesupport_fastrtps_c.h
[46.864s] -- Installing: /home/abc/ws01_plumbing/install/turtlesim/include/turtlesim/turtlesim/msg/rosidl_typesupport_fastrtps_c__visibility_control.h
[46.864s] -- Up-to-date: /home/abc/ws01_plumbing/install/turtlesim/include/turtlesim/turtlesim/srv
[46.864s] -- Up-to-date: /home/abc/ws01_plumbing/install/turtlesim/include/turtlesim/turtlesim/srv/detail
[46.864s] -- Installing: /home/abc/ws01_plumbing/install/turtlesim/include/turtlesim/turtlesim/srv/detail/kill__rosidl_typesupport_fastrtps_c.h
[46.865s] -- Installing: /home/abc/ws01_plumbing/install/turtlesim/include/turtlesim/turtlesim/srv/detail/spawn__rosidl_typesupport_fastrtps_c.h
[46.866s] -- Installing: /home/abc/ws01_plumbing/install/turtlesim/include/turtlesim/turtlesim/srv/detail/set_pen__rosidl_typesupport_fastrtps_c.h
[46.866s] -- Installing: /home/abc/ws01_plumbing/install/turtlesim/include/turtlesim/turtlesim/srv/detail/teleport_relative__rosidl_typesupport_fastrtps_c.h
[46.866s] -- Installing: /home/abc/ws01_plumbing/install/turtlesim/include/turtlesim/turtlesim/srv/detail/teleport_absolute__rosidl_typesupport_fastrtps_c.h
[46.867s] -- Up-to-date: /home/abc/ws01_plumbing/install/turtlesim/include/turtlesim/turtlesim/action
[46.867s] -- Up-to-date: /home/abc/ws01_plumbing/install/turtlesim/include/turtlesim/turtlesim/action/detail
[46.867s] -- Installing: /home/abc/ws01_plumbing/install/turtlesim/include/turtlesim/turtlesim/action/detail/rotate_absolute__rosidl_typesupport_fastrtps_c.h
[46.868s] -- Installing: /home/abc/ws01_plumbing/install/turtlesim/lib/libturtlesim__rosidl_typesupport_fastrtps_c.so
[46.868s] -- Set runtime path of "/home/abc/ws01_plumbing/install/turtlesim/lib/libturtlesim__rosidl_typesupport_fastrtps_c.so" to ""
[46.868s] -- Up-to-date: /home/abc/ws01_plumbing/install/turtlesim/include/turtlesim/turtlesim
[46.868s] -- Up-to-date: /home/abc/ws01_plumbing/install/turtlesim/include/turtlesim/turtlesim/msg
[46.869s] -- Installing: /home/abc/ws01_plumbing/install/turtlesim/include/turtlesim/turtlesim/msg/color.hpp
[46.869s] -- Up-to-date: /home/abc/ws01_plumbing/install/turtlesim/include/turtlesim/turtlesim/msg/detail
[46.869s] -- Installing: /home/abc/ws01_plumbing/install/turtlesim/include/turtlesim/turtlesim/msg/detail/color__struct.hpp
[46.869s] -- Installing: /home/abc/ws01_plumbing/install/turtlesim/include/turtlesim/turtlesim/msg/detail/pose__type_support.hpp
[46.869s] -- Installing: /home/abc/ws01_plumbing/install/turtlesim/include/turtlesim/turtlesim/msg/detail/pose__struct.hpp
[46.869s] -- Installing: /home/abc/ws01_plumbing/install/turtlesim/include/turtlesim/turtlesim/msg/detail/pose__builder.hpp
[46.869s] -- Installing: /home/abc/ws01_plumbing/install/turtlesim/include/turtlesim/turtlesim/msg/detail/pose__traits.hpp
[46.869s] -- Installing: /home/abc/ws01_plumbing/install/turtlesim/include/turtlesim/turtlesim/msg/detail/color__builder.hpp
[46.870s] -- Installing: /home/abc/ws01_plumbing/install/turtlesim/include/turtlesim/turtlesim/msg/detail/color__traits.hpp
[46.870s] -- Installing: /home/abc/ws01_plumbing/install/turtlesim/include/turtlesim/turtlesim/msg/detail/color__type_support.hpp
[46.870s] -- Installing: /home/abc/ws01_plumbing/install/turtlesim/include/turtlesim/turtlesim/msg/rosidl_generator_cpp__visibility_control.hpp
[46.870s] -- Installing: /home/abc/ws01_plumbing/install/turtlesim/include/turtlesim/turtlesim/msg/pose.hpp
[46.870s] -- Up-to-date: /home/abc/ws01_plumbing/install/turtlesim/include/turtlesim/turtlesim/srv
[46.870s] -- Installing: /home/abc/ws01_plumbing/install/turtlesim/include/turtlesim/turtlesim/srv/teleport_absolute.hpp
[46.870s] -- Installing: /home/abc/ws01_plumbing/install/turtlesim/include/turtlesim/turtlesim/srv/spawn.hpp
[46.870s] -- Installing: /home/abc/ws01_plumbing/install/turtlesim/include/turtlesim/turtlesim/srv/set_pen.hpp
[46.871s] -- Up-to-date: /home/abc/ws01_plumbing/install/turtlesim/include/turtlesim/turtlesim/srv/detail
[46.871s] -- Installing: /home/abc/ws01_plumbing/install/turtlesim/include/turtlesim/turtlesim/srv/detail/spawn__traits.hpp
[46.871s] -- Installing: /home/abc/ws01_plumbing/install/turtlesim/include/turtlesim/turtlesim/srv/detail/spawn__struct.hpp
[46.871s] -- Installing: /home/abc/ws01_plumbing/install/turtlesim/include/turtlesim/turtlesim/srv/detail/teleport_absolute__traits.hpp
[46.871s] -- Installing: /home/abc/ws01_plumbing/install/turtlesim/include/turtlesim/turtlesim/srv/detail/teleport_relative__struct.hpp
[46.871s] -- Installing: /home/abc/ws01_plumbing/install/turtlesim/include/turtlesim/turtlesim/srv/detail/kill__builder.hpp
[46.871s] -- Installing: /home/abc/ws01_plumbing/install/turtlesim/include/turtlesim/turtlesim/srv/detail/spawn__builder.hpp
[46.871s] -- Installing: /home/abc/ws01_plumbing/install/turtlesim/include/turtlesim/turtlesim/srv/detail/kill__traits.hpp
[46.871s] -- Installing: /home/abc/ws01_plumbing/install/turtlesim/include/turtlesim/turtlesim/srv/detail/teleport_relative__traits.hpp
[46.871s] -- Installing: /home/abc/ws01_plumbing/install/turtlesim/include/turtlesim/turtlesim/srv/detail/spawn__type_support.hpp
[46.871s] -- Installing: /home/abc/ws01_plumbing/install/turtlesim/include/turtlesim/turtlesim/srv/detail/set_pen__traits.hpp
[46.871s] -- Installing: /home/abc/ws01_plumbing/install/turtlesim/include/turtlesim/turtlesim/srv/detail/set_pen__struct.hpp
[46.871s] -- Installing: /home/abc/ws01_plumbing/install/turtlesim/include/turtlesim/turtlesim/srv/detail/teleport_absolute__builder.hpp
[46.871s] -- Installing: /home/abc/ws01_plumbing/install/turtlesim/include/turtlesim/turtlesim/srv/detail/kill__struct.hpp
[46.872s] -- Installing: /home/abc/ws01_plumbing/install/turtlesim/include/turtlesim/turtlesim/srv/detail/kill__type_support.hpp
[46.872s] -- Installing: /home/abc/ws01_plumbing/install/turtlesim/include/turtlesim/turtlesim/srv/detail/set_pen__builder.hpp
[46.872s] -- Installing: /home/abc/ws01_plumbing/install/turtlesim/include/turtlesim/turtlesim/srv/detail/teleport_relative__type_support.hpp
[46.872s] -- Installing: /home/abc/ws01_plumbing/install/turtlesim/include/turtlesim/turtlesim/srv/detail/teleport_relative__builder.hpp
[46.872s] -- Installing: /home/abc/ws01_plumbing/install/turtlesim/include/turtlesim/turtlesim/srv/detail/teleport_absolute__struct.hpp
[46.872s] -- Installing: /home/abc/ws01_plumbing/install/turtlesim/include/turtlesim/turtlesim/srv/detail/teleport_absolute__type_support.hpp
[46.872s] -- Installing: /home/abc/ws01_plumbing/install/turtlesim/include/turtlesim/turtlesim/srv/detail/set_pen__type_support.hpp
[46.873s] -- Installing: /home/abc/ws01_plumbing/install/turtlesim/include/turtlesim/turtlesim/srv/teleport_relative.hpp
[46.873s] -- Installing: /home/abc/ws01_plumbing/install/turtlesim/include/turtlesim/turtlesim/srv/kill.hpp
[46.873s] -- Up-to-date: /home/abc/ws01_plumbing/install/turtlesim/include/turtlesim/turtlesim/action
[46.873s] -- Up-to-date: /home/abc/ws01_plumbing/install/turtlesim/include/turtlesim/turtlesim/action/detail
[46.873s] -- Installing: /home/abc/ws01_plumbing/install/turtlesim/include/turtlesim/turtlesim/action/detail/rotate_absolute__struct.hpp
[46.873s] -- Installing: /home/abc/ws01_plumbing/install/turtlesim/include/turtlesim/turtlesim/action/detail/rotate_absolute__builder.hpp
[46.873s] -- Installing: /home/abc/ws01_plumbing/install/turtlesim/include/turtlesim/turtlesim/action/detail/rotate_absolute__traits.hpp
[46.873s] -- Installing: /home/abc/ws01_plumbing/install/turtlesim/include/turtlesim/turtlesim/action/detail/rotate_absolute__type_support.hpp
[46.873s] -- Installing: /home/abc/ws01_plumbing/install/turtlesim/include/turtlesim/turtlesim/action/rotate_absolute.hpp
[46.874s] -- Up-to-date: /home/abc/ws01_plumbing/install/turtlesim/include/turtlesim/turtlesim
[46.874s] -- Up-to-date: /home/abc/ws01_plumbing/install/turtlesim/include/turtlesim/turtlesim/msg
[46.874s] -- Installing: /home/abc/ws01_plumbing/install/turtlesim/include/turtlesim/turtlesim/msg/rosidl_typesupport_fastrtps_cpp__visibility_control.h
[46.874s] -- Up-to-date: /home/abc/ws01_plumbing/install/turtlesim/include/turtlesim/turtlesim/msg/detail
[46.874s] -- Installing: /home/abc/ws01_plumbing/install/turtlesim/include/turtlesim/turtlesim/msg/detail/color__rosidl_typesupport_fastrtps_cpp.hpp
[46.874s] -- Installing: /home/abc/ws01_plumbing/install/turtlesim/include/turtlesim/turtlesim/msg/detail/pose__rosidl_typesupport_fastrtps_cpp.hpp
[46.874s] -- Installing: /home/abc/ws01_plumbing/install/turtlesim/include/turtlesim/turtlesim/msg/detail/dds_fastrtps
[46.874s] -- Up-to-date: /home/abc/ws01_plumbing/install/turtlesim/include/turtlesim/turtlesim/srv
[46.874s] -- Up-to-date: /home/abc/ws01_plumbing/install/turtlesim/include/turtlesim/turtlesim/srv/detail
[46.874s] -- Installing: /home/abc/ws01_plumbing/install/turtlesim/include/turtlesim/turtlesim/srv/detail/kill__rosidl_typesupport_fastrtps_cpp.hpp
[46.874s] -- Installing: /home/abc/ws01_plumbing/install/turtlesim/include/turtlesim/turtlesim/srv/detail/spawn__rosidl_typesupport_fastrtps_cpp.hpp
[46.874s] -- Installing: /home/abc/ws01_plumbing/install/turtlesim/include/turtlesim/turtlesim/srv/detail/teleport_absolute__rosidl_typesupport_fastrtps_cpp.hpp
[46.874s] -- Installing: /home/abc/ws01_plumbing/install/turtlesim/include/turtlesim/turtlesim/srv/detail/set_pen__rosidl_typesupport_fastrtps_cpp.hpp
[46.875s] -- Installing: /home/abc/ws01_plumbing/install/turtlesim/include/turtlesim/turtlesim/srv/detail/teleport_relative__rosidl_typesupport_fastrtps_cpp.hpp
[46.875s] -- Installing: /home/abc/ws01_plumbing/install/turtlesim/include/turtlesim/turtlesim/srv/detail/dds_fastrtps
[46.875s] -- Up-to-date: /home/abc/ws01_plumbing/install/turtlesim/include/turtlesim/turtlesim/action
[46.875s] -- Up-to-date: /home/abc/ws01_plumbing/install/turtlesim/include/turtlesim/turtlesim/action/detail
[46.875s] -- Installing: /home/abc/ws01_plumbing/install/turtlesim/include/turtlesim/turtlesim/action/detail/rotate_absolute__rosidl_typesupport_fastrtps_cpp.hpp
[46.875s] -- Installing: /home/abc/ws01_plumbing/install/turtlesim/include/turtlesim/turtlesim/action/detail/dds_fastrtps
[46.875s] -- Installing: /home/abc/ws01_plumbing/install/turtlesim/lib/libturtlesim__rosidl_typesupport_fastrtps_cpp.so
[46.876s] -- Set runtime path of "/home/abc/ws01_plumbing/install/turtlesim/lib/libturtlesim__rosidl_typesupport_fastrtps_cpp.so" to ""
[46.876s] -- Up-to-date: /home/abc/ws01_plumbing/install/turtlesim/include/turtlesim/turtlesim
[46.876s] -- Up-to-date: /home/abc/ws01_plumbing/install/turtlesim/include/turtlesim/turtlesim/msg
[46.876s] -- Installing: /home/abc/ws01_plumbing/install/turtlesim/include/turtlesim/turtlesim/msg/rosidl_typesupport_introspection_c__visibility_control.h
[46.876s] -- Up-to-date: /home/abc/ws01_plumbing/install/turtlesim/include/turtlesim/turtlesim/msg/detail
[46.877s] -- Installing: /home/abc/ws01_plumbing/install/turtlesim/include/turtlesim/turtlesim/msg/detail/color__type_support.c
[46.877s] -- Installing: /home/abc/ws01_plumbing/install/turtlesim/include/turtlesim/turtlesim/msg/detail/pose__rosidl_typesupport_introspection_c.h
[46.877s] -- Installing: /home/abc/ws01_plumbing/install/turtlesim/include/turtlesim/turtlesim/msg/detail/color__rosidl_typesupport_introspection_c.h
[46.877s] -- Installing: /home/abc/ws01_plumbing/install/turtlesim/include/turtlesim/turtlesim/msg/detail/pose__type_support.c
[46.877s] -- Up-to-date: /home/abc/ws01_plumbing/install/turtlesim/include/turtlesim/turtlesim/srv
[46.877s] -- Up-to-date: /home/abc/ws01_plumbing/install/turtlesim/include/turtlesim/turtlesim/srv/detail
[46.877s] -- Installing: /home/abc/ws01_plumbing/install/turtlesim/include/turtlesim/turtlesim/srv/detail/kill__type_support.c
[46.878s] -- Installing: /home/abc/ws01_plumbing/install/turtlesim/include/turtlesim/turtlesim/srv/detail/kill__rosidl_typesupport_introspection_c.h
[46.878s] -- Installing: /home/abc/ws01_plumbing/install/turtlesim/include/turtlesim/turtlesim/srv/detail/teleport_absolute__rosidl_typesupport_introspection_c.h
[46.879s] -- Installing: /home/abc/ws01_plumbing/install/turtlesim/include/turtlesim/turtlesim/srv/detail/set_pen__rosidl_typesupport_introspection_c.h
[46.879s] -- Installing: /home/abc/ws01_plumbing/install/turtlesim/include/turtlesim/turtlesim/srv/detail/teleport_relative__type_support.c
[46.879s] -- Installing: /home/abc/ws01_plumbing/install/turtlesim/include/turtlesim/turtlesim/srv/detail/spawn__type_support.c
[46.879s] -- Installing: /home/abc/ws01_plumbing/install/turtlesim/include/turtlesim/turtlesim/srv/detail/teleport_relative__rosidl_typesupport_introspection_c.h
[46.879s] -- Installing: /home/abc/ws01_plumbing/install/turtlesim/include/turtlesim/turtlesim/srv/detail/teleport_absolute__type_support.c
[46.879s] -- Installing: /home/abc/ws01_plumbing/install/turtlesim/include/turtlesim/turtlesim/srv/detail/spawn__rosidl_typesupport_introspection_c.h
[46.880s] -- Installing: /home/abc/ws01_plumbing/install/turtlesim/include/turtlesim/turtlesim/srv/detail/set_pen__type_support.c
[46.880s] -- Up-to-date: /home/abc/ws01_plumbing/install/turtlesim/include/turtlesim/turtlesim/action
[46.880s] -- Up-to-date: /home/abc/ws01_plumbing/install/turtlesim/include/turtlesim/turtlesim/action/detail
[46.880s] -- Installing: /home/abc/ws01_plumbing/install/turtlesim/include/turtlesim/turtlesim/action/detail/rotate_absolute__type_support.c
[46.880s] -- Installing: /home/abc/ws01_plumbing/install/turtlesim/include/turtlesim/turtlesim/action/detail/rotate_absolute__rosidl_typesupport_introspection_c.h
[46.880s] -- Installing: /home/abc/ws01_plumbing/install/turtlesim/lib/libturtlesim__rosidl_typesupport_introspection_c.so
[46.881s] -- Set runtime path of "/home/abc/ws01_plumbing/install/turtlesim/lib/libturtlesim__rosidl_typesupport_introspection_c.so" to ""
[46.881s] -- Installing: /home/abc/ws01_plumbing/install/turtlesim/lib/libturtlesim__rosidl_typesupport_c.so
[46.881s] -- Set runtime path of "/home/abc/ws01_plumbing/install/turtlesim/lib/libturtlesim__rosidl_typesupport_c.so" to ""
[46.881s] -- Up-to-date: /home/abc/ws01_plumbing/install/turtlesim/include/turtlesim/turtlesim
[46.881s] -- Up-to-date: /home/abc/ws01_plumbing/install/turtlesim/include/turtlesim/turtlesim/msg
[46.881s] -- Up-to-date: /home/abc/ws01_plumbing/install/turtlesim/include/turtlesim/turtlesim/msg/detail
[46.881s] -- Installing: /home/abc/ws01_plumbing/install/turtlesim/include/turtlesim/turtlesim/msg/detail/color__type_support.cpp
[46.881s] -- Installing: /home/abc/ws01_plumbing/install/turtlesim/include/turtlesim/turtlesim/msg/detail/pose__type_support.cpp
[46.881s] -- Installing: /home/abc/ws01_plumbing/install/turtlesim/include/turtlesim/turtlesim/msg/detail/pose__rosidl_typesupport_introspection_cpp.hpp
[46.881s] -- Installing: /home/abc/ws01_plumbing/install/turtlesim/include/turtlesim/turtlesim/msg/detail/color__rosidl_typesupport_introspection_cpp.hpp
[46.882s] -- Up-to-date: /home/abc/ws01_plumbing/install/turtlesim/include/turtlesim/turtlesim/srv
[46.882s] -- Up-to-date: /home/abc/ws01_plumbing/install/turtlesim/include/turtlesim/turtlesim/srv/detail
[46.882s] -- Installing: /home/abc/ws01_plumbing/install/turtlesim/include/turtlesim/turtlesim/srv/detail/kill__rosidl_typesupport_introspection_cpp.hpp
[46.882s] -- Installing: /home/abc/ws01_plumbing/install/turtlesim/include/turtlesim/turtlesim/srv/detail/teleport_relative__type_support.cpp
[46.882s] -- Installing: /home/abc/ws01_plumbing/install/turtlesim/include/turtlesim/turtlesim/srv/detail/kill__type_support.cpp
[46.882s] -- Installing: /home/abc/ws01_plumbing/install/turtlesim/include/turtlesim/turtlesim/srv/detail/spawn__type_support.cpp
[46.882s] -- Installing: /home/abc/ws01_plumbing/install/turtlesim/include/turtlesim/turtlesim/srv/detail/set_pen__rosidl_typesupport_introspection_cpp.hpp
[46.882s] -- Installing: /home/abc/ws01_plumbing/install/turtlesim/include/turtlesim/turtlesim/srv/detail/teleport_absolute__type_support.cpp
[46.882s] -- Installing: /home/abc/ws01_plumbing/install/turtlesim/include/turtlesim/turtlesim/srv/detail/set_pen__type_support.cpp
[46.883s] -- Installing: /home/abc/ws01_plumbing/install/turtlesim/include/turtlesim/turtlesim/srv/detail/teleport_relative__rosidl_typesupport_introspection_cpp.hpp
[46.883s] -- Installing: /home/abc/ws01_plumbing/install/turtlesim/include/turtlesim/turtlesim/srv/detail/teleport_absolute__rosidl_typesupport_introspection_cpp.hpp
[46.883s] -- Installing: /home/abc/ws01_plumbing/install/turtlesim/include/turtlesim/turtlesim/srv/detail/spawn__rosidl_typesupport_introspection_cpp.hpp
[46.883s] -- Up-to-date: /home/abc/ws01_plumbing/install/turtlesim/include/turtlesim/turtlesim/action
[46.883s] -- Up-to-date: /home/abc/ws01_plumbing/install/turtlesim/include/turtlesim/turtlesim/action/detail
[46.883s] -- Installing: /home/abc/ws01_plumbing/install/turtlesim/include/turtlesim/turtlesim/action/detail/rotate_absolute__type_support.cpp
[46.883s] -- Installing: /home/abc/ws01_plumbing/install/turtlesim/include/turtlesim/turtlesim/action/detail/rotate_absolute__rosidl_typesupport_introspection_cpp.hpp
[46.884s] -- Installing: /home/abc/ws01_plumbing/install/turtlesim/lib/libturtlesim__rosidl_typesupport_introspection_cpp.so
[46.884s] -- Set runtime path of "/home/abc/ws01_plumbing/install/turtlesim/lib/libturtlesim__rosidl_typesupport_introspection_cpp.so" to ""
[46.884s] -- Installing: /home/abc/ws01_plumbing/install/turtlesim/lib/libturtlesim__rosidl_typesupport_cpp.so
[46.885s] -- Set runtime path of "/home/abc/ws01_plumbing/install/turtlesim/lib/libturtlesim__rosidl_typesupport_cpp.so" to ""
[46.885s] -- Installing: /home/abc/ws01_plumbing/install/turtlesim/share/turtlesim/environment/pythonpath.sh
[46.886s] -- Installing: /home/abc/ws01_plumbing/install/turtlesim/share/turtlesim/environment/pythonpath.dsv
[46.886s] -- Installing: /home/abc/ws01_plumbing/install/turtlesim/local/lib/python3.10/dist-packages/turtlesim-1.4.3-py3.10.egg-info
[46.886s] -- Installing: /home/abc/ws01_plumbing/install/turtlesim/local/lib/python3.10/dist-packages/turtlesim-1.4.3-py3.10.egg-info/dependency_links.txt
[46.887s] -- Installing: /home/abc/ws01_plumbing/install/turtlesim/local/lib/python3.10/dist-packages/turtlesim-1.4.3-py3.10.egg-info/SOURCES.txt
[46.887s] -- Installing: /home/abc/ws01_plumbing/install/turtlesim/local/lib/python3.10/dist-packages/turtlesim-1.4.3-py3.10.egg-info/top_level.txt
[46.888s] -- Installing: /home/abc/ws01_plumbing/install/turtlesim/local/lib/python3.10/dist-packages/turtlesim-1.4.3-py3.10.egg-info/PKG-INFO
[46.888s] -- Installing: /home/abc/ws01_plumbing/install/turtlesim/local/lib/python3.10/dist-packages/turtlesim
[46.888s] -- Installing: /home/abc/ws01_plumbing/install/turtlesim/local/lib/python3.10/dist-packages/turtlesim/_turtlesim_s.ep.rosidl_typesupport_fastrtps_c.c
[46.888s] -- Installing: /home/abc/ws01_plumbing/install/turtlesim/local/lib/python3.10/dist-packages/turtlesim/libturtlesim__rosidl_generator_py.so
[46.888s] -- Installing: /home/abc/ws01_plumbing/install/turtlesim/local/lib/python3.10/dist-packages/turtlesim/_turtlesim_s.ep.rosidl_typesupport_introspection_c.c
[46.888s] -- Installing: /home/abc/ws01_plumbing/install/turtlesim/local/lib/python3.10/dist-packages/turtlesim/msg
[46.888s] -- Installing: /home/abc/ws01_plumbing/install/turtlesim/local/lib/python3.10/dist-packages/turtlesim/msg/_pose_s.c
[46.888s] -- Installing: /home/abc/ws01_plumbing/install/turtlesim/local/lib/python3.10/dist-packages/turtlesim/msg/_pose.py
[46.888s] -- Installing: /home/abc/ws01_plumbing/install/turtlesim/local/lib/python3.10/dist-packages/turtlesim/msg/__init__.py
[46.888s] -- Installing: /home/abc/ws01_plumbing/install/turtlesim/local/lib/python3.10/dist-packages/turtlesim/msg/_color_s.c
[46.889s] -- Installing: /home/abc/ws01_plumbing/install/turtlesim/local/lib/python3.10/dist-packages/turtlesim/msg/_color.py
[46.889s] -- Installing: /home/abc/ws01_plumbing/install/turtlesim/local/lib/python3.10/dist-packages/turtlesim/srv
[46.889s] -- Installing: /home/abc/ws01_plumbing/install/turtlesim/local/lib/python3.10/dist-packages/turtlesim/srv/_spawn_s.c
[46.889s] -- Installing: /home/abc/ws01_plumbing/install/turtlesim/local/lib/python3.10/dist-packages/turtlesim/srv/_kill_s.c
[46.889s] -- Installing: /home/abc/ws01_plumbing/install/turtlesim/local/lib/python3.10/dist-packages/turtlesim/srv/_kill.py
[46.889s] -- Installing: /home/abc/ws01_plumbing/install/turtlesim/local/lib/python3.10/dist-packages/turtlesim/srv/_teleport_absolute.py
[46.889s] -- Installing: /home/abc/ws01_plumbing/install/turtlesim/local/lib/python3.10/dist-packages/turtlesim/srv/__init__.py
[46.889s] -- Installing: /home/abc/ws01_plumbing/install/turtlesim/local/lib/python3.10/dist-packages/turtlesim/srv/_set_pen_s.c
[46.889s] -- Installing: /home/abc/ws01_plumbing/install/turtlesim/local/lib/python3.10/dist-packages/turtlesim/srv/_set_pen.py
[46.889s] -- Installing: /home/abc/ws01_plumbing/install/turtlesim/local/lib/python3.10/dist-packages/turtlesim/srv/_spawn.py
[46.889s] -- Installing: /home/abc/ws01_plumbing/install/turtlesim/local/lib/python3.10/dist-packages/turtlesim/srv/_teleport_relative_s.c
[46.889s] -- Installing: /home/abc/ws01_plumbing/install/turtlesim/local/lib/python3.10/dist-packages/turtlesim/srv/_teleport_relative.py
[46.889s] -- Installing: /home/abc/ws01_plumbing/install/turtlesim/local/lib/python3.10/dist-packages/turtlesim/srv/_teleport_absolute_s.c
[46.889s] -- Installing: /home/abc/ws01_plumbing/install/turtlesim/local/lib/python3.10/dist-packages/turtlesim/turtlesim_s__rosidl_typesupport_introspection_c.cpython-310-x86_64-linux-gnu.so
[46.889s] -- Installing: /home/abc/ws01_plumbing/install/turtlesim/local/lib/python3.10/dist-packages/turtlesim/action
[46.889s] -- Installing: /home/abc/ws01_plumbing/install/turtlesim/local/lib/python3.10/dist-packages/turtlesim/action/_rotate_absolute.py
[46.889s] -- Installing: /home/abc/ws01_plumbing/install/turtlesim/local/lib/python3.10/dist-packages/turtlesim/action/_rotate_absolute_s.c
[46.890s] -- Installing: /home/abc/ws01_plumbing/install/turtlesim/local/lib/python3.10/dist-packages/turtlesim/action/__init__.py
[46.890s] -- Installing: /home/abc/ws01_plumbing/install/turtlesim/local/lib/python3.10/dist-packages/turtlesim/turtlesim_s__rosidl_typesupport_fastrtps_c.cpython-310-x86_64-linux-gnu.so
[46.890s] -- Installing: /home/abc/ws01_plumbing/install/turtlesim/local/lib/python3.10/dist-packages/turtlesim/__init__.py
[46.890s] -- Installing: /home/abc/ws01_plumbing/install/turtlesim/local/lib/python3.10/dist-packages/turtlesim/turtlesim_s__rosidl_typesupport_c.cpython-310-x86_64-linux-gnu.so
[46.890s] -- Installing: /home/abc/ws01_plumbing/install/turtlesim/local/lib/python3.10/dist-packages/turtlesim/_turtlesim_s.ep.rosidl_typesupport_c.c
[46.929s] Listing '/home/abc/ws01_plumbing/install/turtlesim/local/lib/python3.10/dist-packages/turtlesim'...
[46.929s] Compiling '/home/abc/ws01_plumbing/install/turtlesim/local/lib/python3.10/dist-packages/turtlesim/__init__.py'...
[46.929s] Listing '/home/abc/ws01_plumbing/install/turtlesim/local/lib/python3.10/dist-packages/turtlesim/action'...
[46.929s] Compiling '/home/abc/ws01_plumbing/install/turtlesim/local/lib/python3.10/dist-packages/turtlesim/action/__init__.py'...
[46.929s] Compiling '/home/abc/ws01_plumbing/install/turtlesim/local/lib/python3.10/dist-packages/turtlesim/action/_rotate_absolute.py'...
[46.929s] Listing '/home/abc/ws01_plumbing/install/turtlesim/local/lib/python3.10/dist-packages/turtlesim/msg'...
[46.929s] Compiling '/home/abc/ws01_plumbing/install/turtlesim/local/lib/python3.10/dist-packages/turtlesim/msg/__init__.py'...
[46.930s] Compiling '/home/abc/ws01_plumbing/install/turtlesim/local/lib/python3.10/dist-packages/turtlesim/msg/_color.py'...
[46.930s] Compiling '/home/abc/ws01_plumbing/install/turtlesim/local/lib/python3.10/dist-packages/turtlesim/msg/_pose.py'...
[46.930s] Listing '/home/abc/ws01_plumbing/install/turtlesim/local/lib/python3.10/dist-packages/turtlesim/srv'...
[46.930s] Compiling '/home/abc/ws01_plumbing/install/turtlesim/local/lib/python3.10/dist-packages/turtlesim/srv/__init__.py'...
[46.930s] Compiling '/home/abc/ws01_plumbing/install/turtlesim/local/lib/python3.10/dist-packages/turtlesim/srv/_kill.py'...
[46.930s] Compiling '/home/abc/ws01_plumbing/install/turtlesim/local/lib/python3.10/dist-packages/turtlesim/srv/_set_pen.py'...
[46.930s] Compiling '/home/abc/ws01_plumbing/install/turtlesim/local/lib/python3.10/dist-packages/turtlesim/srv/_spawn.py'...
[46.930s] Compiling '/home/abc/ws01_plumbing/install/turtlesim/local/lib/python3.10/dist-packages/turtlesim/srv/_teleport_absolute.py'...
[46.930s] Compiling '/home/abc/ws01_plumbing/install/turtlesim/local/lib/python3.10/dist-packages/turtlesim/srv/_teleport_relative.py'...
[46.933s] -- Installing: /home/abc/ws01_plumbing/install/turtlesim/local/lib/python3.10/dist-packages/turtlesim/turtlesim_s__rosidl_typesupport_fastrtps_c.cpython-310-x86_64-linux-gnu.so
[46.933s] -- Set runtime path of "/home/abc/ws01_plumbing/install/turtlesim/local/lib/python3.10/dist-packages/turtlesim/turtlesim_s__rosidl_typesupport_fastrtps_c.cpython-310-x86_64-linux-gnu.so" to ""
[46.933s] -- Installing: /home/abc/ws01_plumbing/install/turtlesim/local/lib/python3.10/dist-packages/turtlesim/turtlesim_s__rosidl_typesupport_introspection_c.cpython-310-x86_64-linux-gnu.so
[46.934s] -- Set runtime path of "/home/abc/ws01_plumbing/install/turtlesim/local/lib/python3.10/dist-packages/turtlesim/turtlesim_s__rosidl_typesupport_introspection_c.cpython-310-x86_64-linux-gnu.so" to ""
[46.934s] -- Installing: /home/abc/ws01_plumbing/install/turtlesim/local/lib/python3.10/dist-packages/turtlesim/turtlesim_s__rosidl_typesupport_c.cpython-310-x86_64-linux-gnu.so
[46.934s] -- Set runtime path of "/home/abc/ws01_plumbing/install/turtlesim/local/lib/python3.10/dist-packages/turtlesim/turtlesim_s__rosidl_typesupport_c.cpython-310-x86_64-linux-gnu.so" to ""
[46.935s] -- Installing: /home/abc/ws01_plumbing/install/turtlesim/lib/libturtlesim__rosidl_generator_py.so
[46.935s] -- Set runtime path of "/home/abc/ws01_plumbing/install/turtlesim/lib/libturtlesim__rosidl_generator_py.so" to ""
[46.935s] -- Installing: /home/abc/ws01_plumbing/install/turtlesim/share/turtlesim/action/RotateAbsolute.idl
[46.935s] -- Installing: /home/abc/ws01_plumbing/install/turtlesim/share/turtlesim/msg/Color.idl
[46.935s] -- Installing: /home/abc/ws01_plumbing/install/turtlesim/share/turtlesim/msg/Pose.idl
[46.936s] -- Installing: /home/abc/ws01_plumbing/install/turtlesim/share/turtlesim/srv/Kill.idl
[46.936s] -- Installing: /home/abc/ws01_plumbing/install/turtlesim/share/turtlesim/srv/SetPen.idl
[46.936s] -- Installing: /home/abc/ws01_plumbing/install/turtlesim/share/turtlesim/srv/Spawn.idl
[46.936s] -- Installing: /home/abc/ws01_plumbing/install/turtlesim/share/turtlesim/srv/TeleportAbsolute.idl
[46.936s] -- Installing: /home/abc/ws01_plumbing/install/turtlesim/share/turtlesim/srv/TeleportRelative.idl
[46.936s] -- Installing: /home/abc/ws01_plumbing/install/turtlesim/share/turtlesim/action/RotateAbsolute.action
[46.937s] -- Installing: /home/abc/ws01_plumbing/install/turtlesim/share/turtlesim/msg/Color.msg
[46.937s] -- Installing: /home/abc/ws01_plumbing/install/turtlesim/share/turtlesim/msg/Pose.msg
[46.937s] -- Installing: /home/abc/ws01_plumbing/install/turtlesim/share/turtlesim/srv/Kill.srv
[46.937s] -- Installing: /home/abc/ws01_plumbing/install/turtlesim/share/turtlesim/srv/Kill_Request.msg
[46.938s] -- Installing: /home/abc/ws01_plumbing/install/turtlesim/share/turtlesim/srv/Kill_Response.msg
[46.938s] -- Installing: /home/abc/ws01_plumbing/install/turtlesim/share/turtlesim/srv/SetPen.srv
[46.938s] -- Installing: /home/abc/ws01_plumbing/install/turtlesim/share/turtlesim/srv/SetPen_Request.msg
[46.939s] -- Installing: /home/abc/ws01_plumbing/install/turtlesim/share/turtlesim/srv/SetPen_Response.msg
[46.939s] -- Installing: /home/abc/ws01_plumbing/install/turtlesim/share/turtlesim/srv/Spawn.srv
[46.939s] -- Installing: /home/abc/ws01_plumbing/install/turtlesim/share/turtlesim/srv/Spawn_Request.msg
[46.940s] -- Installing: /home/abc/ws01_plumbing/install/turtlesim/share/turtlesim/srv/Spawn_Response.msg
[46.940s] -- Installing: /home/abc/ws01_plumbing/install/turtlesim/share/turtlesim/srv/TeleportAbsolute.srv
[46.940s] -- Installing: /home/abc/ws01_plumbing/install/turtlesim/share/turtlesim/srv/TeleportAbsolute_Request.msg
[46.941s] -- Installing: /home/abc/ws01_plumbing/install/turtlesim/share/turtlesim/srv/TeleportAbsolute_Response.msg
[46.941s] -- Installing: /home/abc/ws01_plumbing/install/turtlesim/share/turtlesim/srv/TeleportRelative.srv
[46.941s] -- Installing: /home/abc/ws01_plumbing/install/turtlesim/share/turtlesim/srv/TeleportRelative_Request.msg
[46.941s] -- Installing: /home/abc/ws01_plumbing/install/turtlesim/share/turtlesim/srv/TeleportRelative_Response.msg
[46.944s] -- Installing: /home/abc/ws01_plumbing/install/turtlesim/lib/turtlesim/turtlesim_node
[46.946s] -- Set runtime path of "/home/abc/ws01_plumbing/install/turtlesim/lib/turtlesim/turtlesim_node" to ""
[46.946s] -- Installing: /home/abc/ws01_plumbing/install/turtlesim/lib/turtlesim/turtle_teleop_key
[46.948s] -- Set runtime path of "/home/abc/ws01_plumbing/install/turtlesim/lib/turtlesim/turtle_teleop_key" to ""
[46.948s] -- Installing: /home/abc/ws01_plumbing/install/turtlesim/lib/turtlesim/draw_square
[46.952s] -- Set runtime path of "/home/abc/ws01_plumbing/install/turtlesim/lib/turtlesim/draw_square" to ""
[46.952s] -- Installing: /home/abc/ws01_plumbing/install/turtlesim/lib/turtlesim/mimic
[46.954s] -- Set runtime path of "/home/abc/ws01_plumbing/install/turtlesim/lib/turtlesim/mimic" to ""
[46.954s] -- Installing: /home/abc/ws01_plumbing/install/turtlesim/share/turtlesim/images
[46.954s] -- Installing: /home/abc/ws01_plumbing/install/turtlesim/share/turtlesim/images/humble.png
[46.956s] -- Installing: /home/abc/ws01_plumbing/install/turtlesim/share/turtlesim/images/foxy.png
[46.956s] -- Installing: /home/abc/ws01_plumbing/install/turtlesim/share/turtlesim/images/bouncy.png
[46.957s] -- Installing: /home/abc/ws01_plumbing/install/turtlesim/share/turtlesim/images/ardent.png
[46.957s] -- Installing: /home/abc/ws01_plumbing/install/turtlesim/share/turtlesim/images/dashing.png
[46.957s] -- Installing: /home/abc/ws01_plumbing/install/turtlesim/share/turtlesim/images/eloquent.png
[46.958s] -- Installing: /home/abc/ws01_plumbing/install/turtlesim/share/turtlesim/images/crystal.png
[46.958s] -- Installing: /home/abc/ws01_plumbing/install/turtlesim/share/turtlesim/images/rolling.png
[46.958s] -- Installing: /home/abc/ws01_plumbing/install/turtlesim/share/turtlesim/images/galactic.png
[46.958s] -- Installing: /home/abc/ws01_plumbing/install/turtlesim/share/turtlesim/launch
[46.959s] -- Installing: /home/abc/ws01_plumbing/install/turtlesim/share/turtlesim/launch/multisim.launch.py
[46.959s] -- Installing: /home/abc/ws01_plumbing/install/turtlesim/share/ament_index/resource_index/package_run_dependencies/turtlesim
[46.959s] -- Installing: /home/abc/ws01_plumbing/install/turtlesim/share/ament_index/resource_index/parent_prefix_path/turtlesim
[46.960s] -- Installing: /home/abc/ws01_plumbing/install/turtlesim/share/turtlesim/environment/ament_prefix_path.sh
[46.960s] -- Installing: /home/abc/ws01_plumbing/install/turtlesim/share/turtlesim/environment/ament_prefix_path.dsv
[46.960s] -- Installing: /home/abc/ws01_plumbing/install/turtlesim/share/turtlesim/environment/path.sh
[46.960s] -- Installing: /home/abc/ws01_plumbing/install/turtlesim/share/turtlesim/environment/path.dsv
[46.961s] -- Installing: /home/abc/ws01_plumbing/install/turtlesim/share/turtlesim/local_setup.bash
[46.961s] -- Installing: /home/abc/ws01_plumbing/install/turtlesim/share/turtlesim/local_setup.sh
[46.961s] -- Installing: /home/abc/ws01_plumbing/install/turtlesim/share/turtlesim/local_setup.zsh
[46.961s] -- Installing: /home/abc/ws01_plumbing/install/turtlesim/share/turtlesim/local_setup.dsv
[46.962s] -- Installing: /home/abc/ws01_plumbing/install/turtlesim/share/turtlesim/package.dsv
[46.964s] -- Installing: /home/abc/ws01_plumbing/install/turtlesim/share/ament_index/resource_index/packages/turtlesim
[46.964s] -- Installing: /home/abc/ws01_plumbing/install/turtlesim/share/turtlesim/cmake/export_turtlesim__rosidl_generator_cExport.cmake
[46.964s] -- Installing: /home/abc/ws01_plumbing/install/turtlesim/share/turtlesim/cmake/export_turtlesim__rosidl_generator_cExport-noconfig.cmake
[46.964s] -- Installing: /home/abc/ws01_plumbing/install/turtlesim/share/turtlesim/cmake/export_turtlesim__rosidl_typesupport_fastrtps_cExport.cmake
[46.964s] -- Installing: /home/abc/ws01_plumbing/install/turtlesim/share/turtlesim/cmake/export_turtlesim__rosidl_typesupport_fastrtps_cExport-noconfig.cmake
[46.964s] -- Installing: /home/abc/ws01_plumbing/install/turtlesim/share/turtlesim/cmake/export_turtlesim__rosidl_generator_cppExport.cmake
[46.965s] -- Installing: /home/abc/ws01_plumbing/install/turtlesim/share/turtlesim/cmake/export_turtlesim__rosidl_typesupport_fastrtps_cppExport.cmake
[46.965s] -- Installing: /home/abc/ws01_plumbing/install/turtlesim/share/turtlesim/cmake/export_turtlesim__rosidl_typesupport_fastrtps_cppExport-noconfig.cmake
[46.965s] -- Installing: /home/abc/ws01_plumbing/install/turtlesim/share/turtlesim/cmake/turtlesim__rosidl_typesupport_introspection_cExport.cmake
[46.966s] -- Installing: /home/abc/ws01_plumbing/install/turtlesim/share/turtlesim/cmake/turtlesim__rosidl_typesupport_introspection_cExport-noconfig.cmake
[46.966s] -- Installing: /home/abc/ws01_plumbing/install/turtlesim/share/turtlesim/cmake/turtlesim__rosidl_typesupport_cExport.cmake
[46.966s] -- Installing: /home/abc/ws01_plumbing/install/turtlesim/share/turtlesim/cmake/turtlesim__rosidl_typesupport_cExport-noconfig.cmake
[46.966s] -- Installing: /home/abc/ws01_plumbing/install/turtlesim/share/turtlesim/cmake/turtlesim__rosidl_typesupport_introspection_cppExport.cmake
[46.966s] -- Installing: /home/abc/ws01_plumbing/install/turtlesim/share/turtlesim/cmake/turtlesim__rosidl_typesupport_introspection_cppExport-noconfig.cmake
[46.966s] -- Installing: /home/abc/ws01_plumbing/install/turtlesim/share/turtlesim/cmake/turtlesim__rosidl_typesupport_cppExport.cmake
[46.966s] -- Installing: /home/abc/ws01_plumbing/install/turtlesim/share/turtlesim/cmake/turtlesim__rosidl_typesupport_cppExport-noconfig.cmake
[46.967s] -- Installing: /home/abc/ws01_plumbing/install/turtlesim/share/turtlesim/cmake/export_turtlesim__rosidl_generator_pyExport.cmake
[46.967s] -- Installing: /home/abc/ws01_plumbing/install/turtlesim/share/turtlesim/cmake/export_turtlesim__rosidl_generator_pyExport-noconfig.cmake
[46.967s] -- Installing: /home/abc/ws01_plumbing/install/turtlesim/share/turtlesim/cmake/rosidl_cmake-extras.cmake
[46.967s] -- Installing: /home/abc/ws01_plumbing/install/turtlesim/share/turtlesim/cmake/ament_cmake_export_dependencies-extras.cmake
[46.967s] -- Installing: /home/abc/ws01_plumbing/install/turtlesim/share/turtlesim/cmake/ament_cmake_export_include_directories-extras.cmake
[46.967s] -- Installing: /home/abc/ws01_plumbing/install/turtlesim/share/turtlesim/cmake/ament_cmake_export_libraries-extras.cmake
[46.968s] -- Installing: /home/abc/ws01_plumbing/install/turtlesim/share/turtlesim/cmake/ament_cmake_export_targets-extras.cmake
[46.968s] -- Installing: /home/abc/ws01_plumbing/install/turtlesim/share/turtlesim/cmake/rosidl_cmake_export_typesupport_targets-extras.cmake
[46.968s] -- Installing: /home/abc/ws01_plumbing/install/turtlesim/share/turtlesim/cmake/rosidl_cmake_export_typesupport_libraries-extras.cmake
[46.969s] -- Installing: /home/abc/ws01_plumbing/install/turtlesim/share/turtlesim/cmake/turtlesimConfig.cmake
[46.969s] -- Installing: /home/abc/ws01_plumbing/install/turtlesim/share/turtlesim/cmake/turtlesimConfig-version.cmake
[46.970s] -- Installing: /home/abc/ws01_plumbing/install/turtlesim/share/turtlesim/package.xml
[46.973s] Invoked command in '/home/abc/ws01_plumbing/build/turtlesim' returned '0': CMAKE_PREFIX_PATH=/opt/ros/humble /usr/bin/cmake --install /home/abc/ws01_plumbing/build/turtlesim
