[35m[1mConsolidate compiler generated dependencies of target t2v[0m
[35m[1mConsolidate compiler generated dependencies of target v2t[0m
[ 33%] Built target t2v
[100%] Built target v2t
-- Install configuration: ""
-- Up-to-date: /home/abc/ROS2_VOICE_WS/src/install/ros2_xf_bridge/lib/ros2_xf_bridge/v2t
-- Up-to-date: /home/abc/ROS2_VOICE_WS/src/install/ros2_xf_bridge/include
-- Up-to-date: /home/abc/ROS2_VOICE_WS/src/install/ros2_xf_bridge/include/ros2_xf_bridge
-- Up-to-date: /home/abc/ROS2_VOICE_WS/src/install/ros2_xf_bridge/include/ros2_xf_bridge/msp_cmn.h
-- Up-to-date: /home/abc/ROS2_VOICE_WS/src/install/ros2_xf_bridge/include/ros2_xf_bridge/qisr.h
-- Up-to-date: /home/abc/ROS2_VOICE_WS/src/install/ros2_xf_bridge/include/ros2_xf_bridge/msp_errors.h
-- Up-to-date: /home/abc/ROS2_VOICE_WS/src/install/ros2_xf_bridge/include/ros2_xf_bridge/msp_types.h
-- Up-to-date: /home/abc/ROS2_VOICE_WS/src/install/ros2_xf_bridge/include/ros2_xf_bridge/qtts.h
-- Up-to-date: /home/abc/ROS2_VOICE_WS/src/install/ros2_xf_bridge/include/ros2_xf_bridge/formats.h
-- Up-to-date: /home/abc/ROS2_VOICE_WS/src/install/ros2_xf_bridge/include/ros2_xf_bridge/speech_recognizer.h
-- Up-to-date: /home/abc/ROS2_VOICE_WS/src/install/ros2_xf_bridge/include/ros2_xf_bridge/linuxrec.h
-- Up-to-date: /home/abc/ROS2_VOICE_WS/src/install/ros2_xf_bridge/include/ros2_xf_bridge/qise.h
-- Up-to-date: /home/abc/ROS2_VOICE_WS/src/install/ros2_xf_bridge/lib/ros2_xf_bridge/t2v
-- Up-to-date: /home/abc/ROS2_VOICE_WS/src/install/ros2_xf_bridge/share/ament_index/resource_index/package_run_dependencies/ros2_xf_bridge
-- Up-to-date: /home/abc/ROS2_VOICE_WS/src/install/ros2_xf_bridge/share/ament_index/resource_index/parent_prefix_path/ros2_xf_bridge
-- Up-to-date: /home/abc/ROS2_VOICE_WS/src/install/ros2_xf_bridge/share/ros2_xf_bridge/environment/ament_prefix_path.sh
-- Up-to-date: /home/abc/ROS2_VOICE_WS/src/install/ros2_xf_bridge/share/ros2_xf_bridge/environment/ament_prefix_path.dsv
-- Up-to-date: /home/abc/ROS2_VOICE_WS/src/install/ros2_xf_bridge/share/ros2_xf_bridge/environment/path.sh
-- Up-to-date: /home/abc/ROS2_VOICE_WS/src/install/ros2_xf_bridge/share/ros2_xf_bridge/environment/path.dsv
-- Up-to-date: /home/abc/ROS2_VOICE_WS/src/install/ros2_xf_bridge/share/ros2_xf_bridge/local_setup.bash
-- Up-to-date: /home/abc/ROS2_VOICE_WS/src/install/ros2_xf_bridge/share/ros2_xf_bridge/local_setup.sh
-- Up-to-date: /home/abc/ROS2_VOICE_WS/src/install/ros2_xf_bridge/share/ros2_xf_bridge/local_setup.zsh
-- Up-to-date: /home/abc/ROS2_VOICE_WS/src/install/ros2_xf_bridge/share/ros2_xf_bridge/local_setup.dsv
-- Installing: /home/abc/ROS2_VOICE_WS/src/install/ros2_xf_bridge/share/ros2_xf_bridge/package.dsv
-- Up-to-date: /home/abc/ROS2_VOICE_WS/src/install/ros2_xf_bridge/share/ament_index/resource_index/packages/ros2_xf_bridge
-- Up-to-date: /home/abc/ROS2_VOICE_WS/src/install/ros2_xf_bridge/share/ros2_xf_bridge/cmake/ros2_xf_bridgeConfig.cmake
-- Up-to-date: /home/abc/ROS2_VOICE_WS/src/install/ros2_xf_bridge/share/ros2_xf_bridge/cmake/ros2_xf_bridgeConfig-version.cmake
-- Up-to-date: /home/abc/ROS2_VOICE_WS/src/install/ros2_xf_bridge/share/ros2_xf_bridge/package.xml
