[0.028s] Invoking command in '/home/abc/ws01_plumbing/build/cpp07_exercise': AMENT_PREFIX_PATH=/home/abc/ws01_plumbing/install/turtlesim:/home/abc/ws01_plumbing/install/base_interfaces_demo:${AMENT_PREFIX_PATH} CMAKE_PREFIX_PATH=/home/abc/ws01_plumbing/install/turtlesim:/home/abc/ws01_plumbing/install/base_interfaces_demo:/opt/ros/humble LD_LIBRARY_PATH=/home/abc/ws01_plumbing/install/turtlesim/lib:/home/abc/ws01_plumbing/install/base_interfaces_demo/lib:${LD_LIBRARY_PATH} PYTHONPATH=/home/abc/ws01_plumbing/install/turtlesim/local/lib/python3.10/dist-packages:/home/abc/ws01_plumbing/install/base_interfaces_demo/local/lib/python3.10/dist-packages:${PYTHONPATH} /usr/bin/cmake --build /home/abc/ws01_plumbing/build/cpp07_exercise -- -j4 -l4
[0.102s] -- Found ament_cmake: 1.3.11 (/opt/ros/humble/share/ament_cmake/cmake)
[0.258s] -- Found rclcpp: 16.0.11 (/opt/ros/humble/share/rclcpp/cmake)
[0.295s] -- Found rosidl_generator_c: 3.1.6 (/opt/ros/humble/share/rosidl_generator_c/cmake)
[0.298s] -- Found rosidl_adapter: 3.1.6 (/opt/ros/humble/share/rosidl_adapter/cmake)
[0.308s] -- Found rosidl_generator_cpp: 3.1.6 (/opt/ros/humble/share/rosidl_generator_cpp/cmake)
[0.325s] -- Using all available rosidl_typesupport_c: rosidl_typesupport_fastrtps_c;rosidl_typesupport_introspection_c
[0.340s] -- Using all available rosidl_typesupport_cpp: rosidl_typesupport_fastrtps_cpp;rosidl_typesupport_introspection_cpp
[0.385s] -- Found rmw_implementation_cmake: 6.1.2 (/opt/ros/humble/share/rmw_implementation_cmake/cmake)
[0.388s] -- Found rmw_fastrtps_cpp: 6.2.7 (/opt/ros/humble/share/rmw_fastrtps_cpp/cmake)
[0.478s] -- Using RMW implementation 'rmw_fastrtps_cpp' as default
[0.545s] -- Found turtlesim: 1.4.3 (/home/abc/ws01_plumbing/install/turtlesim/share/turtlesim/cmake)
[0.587s] -- Found base_interfaces_demo: 0.0.0 (/home/abc/ws01_plumbing/install/base_interfaces_demo/share/base_interfaces_demo/cmake)
[0.602s] -- Found geometry_msgs: 4.2.4 (/opt/ros/humble/share/geometry_msgs/cmake)
[0.617s] -- Found rclcpp_action: 16.0.11 (/opt/ros/humble/share/rclcpp_action/cmake)
[0.632s] -- Found ament_lint_auto: 0.12.11 (/opt/ros/humble/share/ament_lint_auto/cmake)
[0.695s] -- Added test 'cppcheck' to perform static code analysis on C / C++ code
[0.696s] -- Configured cppcheck include dirs: $<BUILD_INTERFACE:/home/abc/ws01_plumbing/src/cpp07_exercise/include>
[0.696s] -- Configured cppcheck exclude dirs and/or files: 
[0.696s] -- Added test 'flake8' to check Python code syntax and style conventions
[0.697s] -- Added test 'lint_cmake' to check CMake code style
[0.698s] -- Added test 'pep257' to check Python code against some of the docstring style conventions in PEP 257
[0.699s] -- Added test 'uncrustify' to check C / C++ code style
[0.699s] -- Configured uncrustify additional arguments: 
[0.699s] -- Added test 'xmllint' to check XML markup files
[0.701s] -- Configuring done
[0.740s] -- Generating done
[0.749s] -- Build files have been written to: /home/abc/ws01_plumbing/build/cpp07_exercise
[0.773s] [35m[1mConsolidate compiler generated dependencies of target exer02_server[0m
[0.773s] [35m[1mConsolidate compiler generated dependencies of target exer03_client[0m
[0.778s] [35m[1mConsolidate compiler generated dependencies of target exer01_pub_sub[0m
[0.778s] [35m[1mConsolidate compiler generated dependencies of target exer04_action_server[0m
[0.790s] [ 16%] Built target exer03_client
[0.796s] [ 33%] Built target exer02_server
[0.803s] [ 50%] Built target exer01_pub_sub
[0.808s] [ 66%] Built target exer04_action_server
[0.809s] [35m[1mConsolidate compiler generated dependencies of target exer05_action_client[0m
[0.818s] [ 75%] [32mBuilding CXX object CMakeFiles/exer06_param.dir/src/exer06_param.cpp.o[0m
[0.823s] [ 91%] Built target exer05_action_client
[3.590s] [100%] [32m[1mLinking CXX executable exer06_param[0m
[3.824s] [100%] Built target exer06_param
[3.840s] Invoked command in '/home/abc/ws01_plumbing/build/cpp07_exercise' returned '0': AMENT_PREFIX_PATH=/home/abc/ws01_plumbing/install/turtlesim:/home/abc/ws01_plumbing/install/base_interfaces_demo:${AMENT_PREFIX_PATH} CMAKE_PREFIX_PATH=/home/abc/ws01_plumbing/install/turtlesim:/home/abc/ws01_plumbing/install/base_interfaces_demo:/opt/ros/humble LD_LIBRARY_PATH=/home/abc/ws01_plumbing/install/turtlesim/lib:/home/abc/ws01_plumbing/install/base_interfaces_demo/lib:${LD_LIBRARY_PATH} PYTHONPATH=/home/abc/ws01_plumbing/install/turtlesim/local/lib/python3.10/dist-packages:/home/abc/ws01_plumbing/install/base_interfaces_demo/local/lib/python3.10/dist-packages:${PYTHONPATH} /usr/bin/cmake --build /home/abc/ws01_plumbing/build/cpp07_exercise -- -j4 -l4
[3.854s] Invoking command in '/home/abc/ws01_plumbing/build/cpp07_exercise': AMENT_PREFIX_PATH=/home/abc/ws01_plumbing/install/turtlesim:/home/abc/ws01_plumbing/install/base_interfaces_demo:${AMENT_PREFIX_PATH} CMAKE_PREFIX_PATH=/home/abc/ws01_plumbing/install/turtlesim:/home/abc/ws01_plumbing/install/base_interfaces_demo:/opt/ros/humble LD_LIBRARY_PATH=/home/abc/ws01_plumbing/install/turtlesim/lib:/home/abc/ws01_plumbing/install/base_interfaces_demo/lib:${LD_LIBRARY_PATH} PYTHONPATH=/home/abc/ws01_plumbing/install/turtlesim/local/lib/python3.10/dist-packages:/home/abc/ws01_plumbing/install/base_interfaces_demo/local/lib/python3.10/dist-packages:${PYTHONPATH} /usr/bin/cmake --install /home/abc/ws01_plumbing/build/cpp07_exercise
[3.863s] -- Install configuration: ""
[3.866s] -- Up-to-date: /home/abc/ws01_plumbing/install/cpp07_exercise/lib/cpp07_exercise/exer01_pub_sub
[3.867s] -- Up-to-date: /home/abc/ws01_plumbing/install/cpp07_exercise/lib/cpp07_exercise/exer02_server
[3.868s] -- Up-to-date: /home/abc/ws01_plumbing/install/cpp07_exercise/lib/cpp07_exercise/exer03_client
[3.870s] -- Up-to-date: /home/abc/ws01_plumbing/install/cpp07_exercise/lib/cpp07_exercise/exer04_action_server
[3.871s] -- Up-to-date: /home/abc/ws01_plumbing/install/cpp07_exercise/lib/cpp07_exercise/exer05_action_client
[3.871s] -- Installing: /home/abc/ws01_plumbing/install/cpp07_exercise/lib/cpp07_exercise/exer06_param
[3.872s] -- Set runtime path of "/home/abc/ws01_plumbing/install/cpp07_exercise/lib/cpp07_exercise/exer06_param" to ""
[3.872s] -- Up-to-date: /home/abc/ws01_plumbing/install/cpp07_exercise/share/cpp07_exercise/launch
[3.872s] -- Up-to-date: /home/abc/ws01_plumbing/install/cpp07_exercise/share/cpp07_exercise/launch/exer04_server_launch.py
[3.873s] -- Up-to-date: /home/abc/ws01_plumbing/install/cpp07_exercise/share/cpp07_exercise/launch/exer01_pub_sub_launch.py
[3.873s] -- Up-to-date: /home/abc/ws01_plumbing/install/cpp07_exercise/share/cpp07_exercise/launch/exer05_client_launch.py
[3.873s] -- Up-to-date: /home/abc/ws01_plumbing/install/cpp07_exercise/share/cpp07_exercise/launch/exer02_server_launch.py
[3.873s] -- Installing: /home/abc/ws01_plumbing/install/cpp07_exercise/share/cpp07_exercise/launch/exer06_param_launch.py
[3.873s] -- Up-to-date: /home/abc/ws01_plumbing/install/cpp07_exercise/share/cpp07_exercise/launch/exer03_client_launch.py
[3.873s] -- Up-to-date: /home/abc/ws01_plumbing/install/cpp07_exercise/share/ament_index/resource_index/package_run_dependencies/cpp07_exercise
[3.873s] -- Up-to-date: /home/abc/ws01_plumbing/install/cpp07_exercise/share/ament_index/resource_index/parent_prefix_path/cpp07_exercise
[3.873s] -- Up-to-date: /home/abc/ws01_plumbing/install/cpp07_exercise/share/cpp07_exercise/environment/ament_prefix_path.sh
[3.873s] -- Installing: /home/abc/ws01_plumbing/install/cpp07_exercise/share/cpp07_exercise/environment/ament_prefix_path.dsv
[3.874s] -- Up-to-date: /home/abc/ws01_plumbing/install/cpp07_exercise/share/cpp07_exercise/environment/path.sh
[3.874s] -- Installing: /home/abc/ws01_plumbing/install/cpp07_exercise/share/cpp07_exercise/environment/path.dsv
[3.874s] -- Up-to-date: /home/abc/ws01_plumbing/install/cpp07_exercise/share/cpp07_exercise/local_setup.bash
[3.874s] -- Up-to-date: /home/abc/ws01_plumbing/install/cpp07_exercise/share/cpp07_exercise/local_setup.sh
[3.874s] -- Up-to-date: /home/abc/ws01_plumbing/install/cpp07_exercise/share/cpp07_exercise/local_setup.zsh
[3.874s] -- Installing: /home/abc/ws01_plumbing/install/cpp07_exercise/share/cpp07_exercise/local_setup.dsv
[3.874s] -- Installing: /home/abc/ws01_plumbing/install/cpp07_exercise/share/cpp07_exercise/package.dsv
[3.874s] -- Up-to-date: /home/abc/ws01_plumbing/install/cpp07_exercise/share/ament_index/resource_index/packages/cpp07_exercise
[3.874s] -- Up-to-date: /home/abc/ws01_plumbing/install/cpp07_exercise/share/cpp07_exercise/cmake/cpp07_exerciseConfig.cmake
[3.874s] -- Up-to-date: /home/abc/ws01_plumbing/install/cpp07_exercise/share/cpp07_exercise/cmake/cpp07_exerciseConfig-version.cmake
[3.874s] -- Up-to-date: /home/abc/ws01_plumbing/install/cpp07_exercise/share/cpp07_exercise/package.xml
[3.877s] Invoked command in '/home/abc/ws01_plumbing/build/cpp07_exercise' returned '0': AMENT_PREFIX_PATH=/home/abc/ws01_plumbing/install/turtlesim:/home/abc/ws01_plumbing/install/base_interfaces_demo:${AMENT_PREFIX_PATH} CMAKE_PREFIX_PATH=/home/abc/ws01_plumbing/install/turtlesim:/home/abc/ws01_plumbing/install/base_interfaces_demo:/opt/ros/humble LD_LIBRARY_PATH=/home/abc/ws01_plumbing/install/turtlesim/lib:/home/abc/ws01_plumbing/install/base_interfaces_demo/lib:${LD_LIBRARY_PATH} PYTHONPATH=/home/abc/ws01_plumbing/install/turtlesim/local/lib/python3.10/dist-packages:/home/abc/ws01_plumbing/install/base_interfaces_demo/local/lib/python3.10/dist-packages:${PYTHONPATH} /usr/bin/cmake --install /home/abc/ws01_plumbing/build/cpp07_exercise
