[0.019s] Invoking command in '/home/abc/ROS2_SIM_WS/build/Stage': /usr/bin/cmake /home/abc/ROS2_SIM_WS/src/sim_stage/Stage/Stage -DCMAKE_INSTALL_PREFIX=/home/abc/ROS2_SIM_WS/install/Stage
[0.067s] [0mCMake Deprecation Warning at CMakeLists.txt:1 (cmake_minimum_required):
[0.067s]   Compatibility with CMake < 2.8.12 will be removed from a future version of
[0.067s]   CMake.
[0.067s] 
[0.067s]   Update the VERSION argument <min> value or use a ...<max> suffix to tell
[0.067s]   CMake that the project does not need compatibility with older versions.
[0.067s] 
[0.067s] [0m
[0.200s] -- The C compiler identification is GNU 11.4.0
[0.351s] -- The CXX compiler identification is GNU 11.4.0
[0.364s] -- Detecting C compiler ABI info
[0.430s] -- Detecting C compiler ABI info - done
[0.436s] -- Check for working C compiler: /usr/bin/cc - skipped
[0.438s] -- Detecting C compile features
[0.438s] -- Detecting C compile features - done
[0.443s] -- Detecting CXX compiler ABI info
[0.509s] -- Detecting CXX compiler ABI info - done
[0.515s] -- Check for working CXX compiler: /usr/bin/c++ - skipped
[0.515s] -- Detecting CXX compile features
[0.515s] -- Detecting CXX compile features - done
[0.515s] -- Stage version 4.3.0
[0.515s] -- Operating system is Linux
[0.515s] -- Installing Libraries to /home/abc/ROS2_SIM_WS/install/Stage/lib
[0.516s] -- Installing Plugins to /home/abc/ROS2_SIM_WS/install/Stage/lib/Stage-4.3
[0.516s] -- Build type RELEASE
[0.516s] -- Checking for libtool
[0.522s] -- Checking for required libraries...
[0.547s] -- Found JPEG: /usr/lib/x86_64-linux-gnu/libjpeg.so (found version "80") 
[0.555s] -- Found ZLIB: /usr/lib/x86_64-linux-gnu/libz.so (found version "1.2.11") 
[0.566s] -- Found PNG: /usr/lib/x86_64-linux-gnu/libpng.so (found version "1.6.37") 
[0.571s] [33mCMake Warning (dev) at /usr/share/cmake-3.22/Modules/FindOpenGL.cmake:315 (message):
[0.571s]   Policy CMP0072 is not set: FindOpenGL prefers GLVND by default when
[0.571s]   available.  Run "cmake --help-policy CMP0072" for policy details.  Use the
[0.571s]   cmake_policy command to set the policy and suppress this warning.
[0.571s] 
[0.571s]   FindOpenGL found both a legacy GL library:
[0.571s] 
[0.571s]     OPENGL_gl_LIBRARY: /usr/lib/x86_64-linux-gnu/libGL.so
[0.571s] 
[0.572s]   and GLVND libraries for OpenGL and GLX:
[0.572s] 
[0.572s]     OPENGL_opengl_LIBRARY: /usr/lib/x86_64-linux-gnu/libOpenGL.so
[0.572s]     OPENGL_glx_LIBRARY: /usr/lib/x86_64-linux-gnu/libGLX.so
[0.572s] 
[0.572s]   OpenGL_GL_PREFERENCE has not been set to "GLVND" or "LEGACY", so for
[0.572s]   compatibility with CMake 3.10 and below the legacy GL library will be used.
[0.572s] Call Stack (most recent call first):
[0.572s]   /usr/share/cmake-3.22/Modules/FindFLTK.cmake:87 (find_package)
[0.572s]   CMakeLists.txt:100 (find_package)
[0.572s] This warning is for project developers.  Use -Wno-dev to suppress it.
[0.572s] [0m
[0.572s] -- Found OpenGL: /usr/lib/x86_64-linux-gnu/libOpenGL.so   
[0.652s] -- Found X11: /usr/include   
[0.653s] -- Looking for XOpenDisplay in /usr/lib/x86_64-linux-gnu/libX11.so;/usr/lib/x86_64-linux-gnu/libXext.so
[0.710s] -- Looking for XOpenDisplay in /usr/lib/x86_64-linux-gnu/libX11.so;/usr/lib/x86_64-linux-gnu/libXext.so - found
[0.710s] -- Looking for gethostbyname
[0.761s] -- Looking for gethostbyname - found
[0.762s] -- Looking for connect
[0.815s] -- Looking for connect - found
[0.815s] -- Looking for remove
[0.877s] -- Looking for remove - found
[0.877s] -- Looking for shmat
[0.933s] -- Looking for shmat - found
[0.933s] -- Looking for IceConnectionNumber in ICE
[0.999s] -- Looking for IceConnectionNumber in ICE - found
[1.002s] -- Found FLTK: fltk_images;fltk_forms;fltk_gl;/usr/lib/x86_64-linux-gnu/libGL.so;fltk  
[1.003s] -- Checking for optional libraries...
[1.006s] -- Installation path CMAKE_INSTALL_PREFIX=/home/abc/ROS2_SIM_WS/install/Stage
[1.007s] -- Configuring libstage
[1.017s] -- Found PkgConfig: /usr/bin/pkg-config (found version "0.29.2") 
[1.017s] -- Checking for one of the modules 'playercore>=2.1.0'
[1.019s] --   * Player not detected. If Player is installed but not detected, check your PKG_CONFIG_PATH.
[1.033s] -- Configuring done
[1.060s] -- Generating done
[1.064s] -- Build files have been written to: /home/abc/ROS2_SIM_WS/build/Stage
[1.073s] Invoked command in '/home/abc/ROS2_SIM_WS/build/Stage' returned '0': /usr/bin/cmake /home/abc/ROS2_SIM_WS/src/sim_stage/Stage/Stage -DCMAKE_INSTALL_PREFIX=/home/abc/ROS2_SIM_WS/install/Stage
[1.075s] Invoking command in '/home/abc/ROS2_SIM_WS/build/Stage': /usr/bin/cmake --build /home/abc/ROS2_SIM_WS/build/Stage -- -j4 -l4
[1.114s] [  1%] [32mBuilding CXX object libstage/CMakeFiles/stage.dir/blockgroup.cc.o[0m
[1.115s] [  3%] [32mBuilding CXX object libstage/CMakeFiles/stage.dir/block.cc.o[0m
[2.002s] [  5%] [32mBuilding CXX object libstage/CMakeFiles/stage.dir/color.cc.o[0m
[2.055s] [  6%] [32mBuilding CXX object libstage/CMakeFiles/stage.dir/file_manager.cc.o[0m
[2.700s] [  8%] [32mBuilding CXX object libstage/CMakeFiles/stage.dir/gl.cc.o[0m
[2.754s] [ 10%] [32mBuilding CXX object libstage/CMakeFiles/stage.dir/logentry.cc.o[0m
[3.285s] [ 11%] [32mBuilding CXX object libstage/CMakeFiles/stage.dir/model.cc.o[0m
[3.329s] [ 13%] [32mBuilding CXX object libstage/CMakeFiles/stage.dir/model_actuator.cc.o[0m
[3.982s] [ 15%] [32mBuilding CXX object libstage/CMakeFiles/stage.dir/model_blinkenlight.cc.o[0m
[4.581s] [ 16%] [32mBuilding CXX object libstage/CMakeFiles/stage.dir/model_blobfinder.cc.o[0m
[4.614s] [ 18%] [32mBuilding CXX object libstage/CMakeFiles/stage.dir/model_bumper.cc.o[0m
[5.317s] [ 20%] [32mBuilding CXX object libstage/CMakeFiles/stage.dir/model_camera.cc.o[0m
[6.028s] [ 22%] [32mBuilding CXX object libstage/CMakeFiles/stage.dir/model_draw.cc.o[0m
[6.840s] [ 23%] [32mBuilding CXX object libstage/CMakeFiles/stage.dir/model_fiducial.cc.o[0m
[7.596s] [ 25%] [32mBuilding CXX object libstage/CMakeFiles/stage.dir/model_gripper.cc.o[0m
[8.259s] [ 27%] [32mBuilding CXX object libstage/CMakeFiles/stage.dir/model_lightindicator.cc.o[0m
[8.793s] [ 28%] [32mBuilding CXX object libstage/CMakeFiles/stage.dir/model_position.cc.o[0m
[9.568s] [ 30%] [32mBuilding CXX object libstage/CMakeFiles/stage.dir/model_ranger.cc.o[0m
[10.423s] [ 32%] [32mBuilding CXX object libstage/CMakeFiles/stage.dir/option.cc.o[0m
[10.424s] [ 33%] [32mBuilding CXX object libstage/CMakeFiles/stage.dir/model_callbacks.cc.o[0m
[11.044s] [ 35%] [32mBuilding CXX object libstage/CMakeFiles/stage.dir/powerpack.cc.o[0m
[11.065s] [ 37%] [32mBuilding CXX object libstage/CMakeFiles/stage.dir/region.cc.o[0m
[11.651s] [ 38%] [32mBuilding CXX object libstage/CMakeFiles/stage.dir/stage.cc.o[0m
[11.811s] [ 40%] [32mBuilding CXX object libstage/CMakeFiles/stage.dir/texture_manager.cc.o[0m
[12.354s] [ 42%] [32mBuilding CXX object libstage/CMakeFiles/stage.dir/typetable.cc.o[0m
[12.446s] [ 44%] [32mBuilding CXX object libstage/CMakeFiles/stage.dir/world.cc.o[0m
[13.052s] [ 45%] [32mBuilding CXX object libstage/CMakeFiles/stage.dir/worldfile.cc.o[0m
[13.969s] [ 47%] [32mBuilding CXX object libstage/CMakeFiles/stage.dir/canvas.cc.o[0m
[14.252s] [ 49%] [32mBuilding CXX object libstage/CMakeFiles/stage.dir/options_dlg.cc.o[0m
[14.881s] [ 50%] [32mBuilding CXX object libstage/CMakeFiles/stage.dir/vis_strip.cc.o[0m
[15.052s] [ 52%] [32mBuilding CXX object libstage/CMakeFiles/stage.dir/worldgui.cc.o[0m
[15.515s] [ 54%] [32mBuilding CXX object libstage/CMakeFiles/stage.dir/ancestor.cc.o[0m
[15.987s] [ 55%] [32mBuilding CXX object libstage/CMakeFiles/stage.dir/camera.cc.o[0m
[16.606s] [ 57%] [32m[1mLinking CXX shared library libstage.so[0m
[16.755s] [ 57%] Built target stage
[16.772s] [ 59%] [32mBuilding CXX object libstage/CMakeFiles/stagebinary.dir/main.cc.o[0m
[16.778s] [ 61%] [32mBuilding CXX object examples/ctrl/CMakeFiles/fasr.dir/fasr.cc.o[0m
[17.397s] [ 62%] [32m[1mLinking CXX executable stage[0m
[17.400s] [ 64%] [32m[1mLinking CXX shared module fasr.so[0m
[17.471s] [ 64%] Built target fasr
[17.528s] [ 64%] Built target stagebinary
[17.548s] [ 66%] [32mBuilding CXX object examples/ctrl/CMakeFiles/wander.dir/wander.cc.o[0m
[18.133s] [ 67%] [32m[1mLinking CXX shared module wander.so[0m
[18.193s] [ 67%] Built target wander
[18.208s] [ 69%] [32mBuilding CXX object examples/ctrl/CMakeFiles/pioneer_flocking.dir/pioneer_flocking.cc.o[0m
[18.769s] [ 71%] [32m[1mLinking CXX shared module pioneer_flocking.so[0m
[18.838s] [ 71%] Built target pioneer_flocking
[18.857s] [ 72%] [32mBuilding CXX object examples/ctrl/CMakeFiles/rasterize.dir/rasterize.cc.o[0m
[19.425s] [ 74%] [32m[1mLinking CXX shared module rasterize.so[0m
[19.506s] [ 74%] Built target rasterize
[19.522s] [ 76%] [32mBuilding CXX object examples/ctrl/CMakeFiles/lasernoise.dir/lasernoise.cc.o[0m
[20.117s] [ 77%] [32m[1mLinking CXX shared module lasernoise.so[0m
[20.197s] [ 77%] Built target lasernoise
[20.222s] [ 79%] [32mBuilding CXX object examples/ctrl/CMakeFiles/dynamic.dir/dynamic.cc.o[0m
[20.791s] [ 81%] [32m[1mLinking CXX shared module dynamic.so[0m
[20.844s] [ 81%] Built target dynamic
[20.859s] [ 83%] [32mBuilding CXX object examples/ctrl/CMakeFiles/fasr2.dir/fasr2.cc.o[0m
[21.763s] [ 84%] [32mBuilding CXX object examples/ctrl/CMakeFiles/fasr2.dir/astar/findpath.cpp.o[0m
[22.227s] [ 86%] [32m[1mLinking CXX shared module fasr2.so[0m
[22.304s] [ 86%] Built target fasr2
[22.325s] [ 88%] [32mBuilding CXX object worlds/benchmark/CMakeFiles/expand_swarm.dir/expand_swarm.cc.o[0m
[23.511s] [ 89%] [32m[1mLinking CXX shared module expand_swarm.so[0m
[23.806s] [ 89%] Built target expand_swarm
[23.841s] [ 91%] [32mBuilding CXX object worlds/benchmark/CMakeFiles/expand_pioneer.dir/expand_pioneer.cc.o[0m
[24.543s] [ 93%] [32m[1mLinking CXX shared module expand_pioneer.so[0m
[24.611s] [ 93%] Built target expand_pioneer
[24.627s] [ 94%] [32mBuilding CXX object examples/ctrl/CMakeFiles/source.dir/source.cc.o[0m
[25.225s] [ 96%] [32m[1mLinking CXX shared module source.so[0m
[25.284s] [ 96%] Built target source
[25.296s] [ 98%] [32mBuilding CXX object examples/ctrl/CMakeFiles/sink.dir/sink.cc.o[0m
[25.890s] [100%] [32m[1mLinking CXX shared module sink.so[0m
[25.946s] [100%] Built target sink
[25.957s] Invoked command in '/home/abc/ROS2_SIM_WS/build/Stage' returned '0': /usr/bin/cmake --build /home/abc/ROS2_SIM_WS/build/Stage -- -j4 -l4
[25.959s] Invoking command in '/home/abc/ROS2_SIM_WS/build/Stage': /usr/bin/cmake --install /home/abc/ROS2_SIM_WS/build/Stage
[25.965s] -- Install configuration: "RELEASE"
[25.965s] -- Installing: /home/abc/ROS2_SIM_WS/install/Stage/lib/pkgconfig/stage.pc
[25.965s] -- Installing: /home/abc/ROS2_SIM_WS/install/Stage/lib/cmake/Stage/stage-config.cmake
[25.965s] -- Installing: /home/abc/ROS2_SIM_WS/install/Stage/lib/cmake/Stage/stage-config-version.cmake
[25.965s] -- Installing: /home/abc/ROS2_SIM_WS/install/Stage/bin/stage
[25.966s] -- Set runtime path of "/home/abc/ROS2_SIM_WS/install/Stage/bin/stage" to ""
[25.966s] -- Installing: /home/abc/ROS2_SIM_WS/install/Stage/lib/libstage.so.4.3.0
[25.966s] -- Installing: /home/abc/ROS2_SIM_WS/install/Stage/lib/libstage.so
[25.966s] -- Installing: /home/abc/ROS2_SIM_WS/install/Stage/include/Stage-4.3/stage.hh
[25.967s] -- Installing: /home/abc/ROS2_SIM_WS/install/Stage/lib/Stage-4.3/fasr.so
[25.967s] -- Set runtime path of "/home/abc/ROS2_SIM_WS/install/Stage/lib/Stage-4.3/fasr.so" to ""
[25.967s] -- Installing: /home/abc/ROS2_SIM_WS/install/Stage/lib/Stage-4.3/sink.so
[25.967s] -- Set runtime path of "/home/abc/ROS2_SIM_WS/install/Stage/lib/Stage-4.3/sink.so" to ""
[25.967s] -- Installing: /home/abc/ROS2_SIM_WS/install/Stage/lib/Stage-4.3/source.so
[25.967s] -- Set runtime path of "/home/abc/ROS2_SIM_WS/install/Stage/lib/Stage-4.3/source.so" to ""
[25.967s] -- Installing: /home/abc/ROS2_SIM_WS/install/Stage/lib/Stage-4.3/wander.so
[25.967s] -- Set runtime path of "/home/abc/ROS2_SIM_WS/install/Stage/lib/Stage-4.3/wander.so" to ""
[25.967s] -- Installing: /home/abc/ROS2_SIM_WS/install/Stage/lib/Stage-4.3/pioneer_flocking.so
[25.968s] -- Set runtime path of "/home/abc/ROS2_SIM_WS/install/Stage/lib/Stage-4.3/pioneer_flocking.so" to ""
[25.968s] -- Installing: /home/abc/ROS2_SIM_WS/install/Stage/lib/Stage-4.3/rasterize.so
[25.968s] -- Set runtime path of "/home/abc/ROS2_SIM_WS/install/Stage/lib/Stage-4.3/rasterize.so" to ""
[25.968s] -- Installing: /home/abc/ROS2_SIM_WS/install/Stage/lib/Stage-4.3/lasernoise.so
[25.968s] -- Set runtime path of "/home/abc/ROS2_SIM_WS/install/Stage/lib/Stage-4.3/lasernoise.so" to ""
[25.968s] -- Installing: /home/abc/ROS2_SIM_WS/install/Stage/lib/Stage-4.3/dynamic.so
[25.968s] -- Set runtime path of "/home/abc/ROS2_SIM_WS/install/Stage/lib/Stage-4.3/dynamic.so" to ""
[25.968s] -- Installing: /home/abc/ROS2_SIM_WS/install/Stage/lib/Stage-4.3/fasr2.so
[25.968s] -- Set runtime path of "/home/abc/ROS2_SIM_WS/install/Stage/lib/Stage-4.3/fasr2.so" to ""
[25.968s] -- Installing: /home/abc/ROS2_SIM_WS/install/Stage/share/stage/assets/blue.png
[25.969s] -- Installing: /home/abc/ROS2_SIM_WS/install/Stage/share/stage/assets/death.png
[25.970s] -- Installing: /home/abc/ROS2_SIM_WS/install/Stage/share/stage/assets/green.png
[25.970s] -- Installing: /home/abc/ROS2_SIM_WS/install/Stage/share/stage/assets/logo.png
[25.971s] -- Installing: /home/abc/ROS2_SIM_WS/install/Stage/share/stage/assets/mains.png
[25.971s] -- Installing: /home/abc/ROS2_SIM_WS/install/Stage/share/stage/assets/mainspower.png
[25.972s] -- Installing: /home/abc/ROS2_SIM_WS/install/Stage/share/stage/assets/question_mark.png
[25.973s] -- Installing: /home/abc/ROS2_SIM_WS/install/Stage/share/stage/assets/red.png
[25.973s] -- Installing: /home/abc/ROS2_SIM_WS/install/Stage/share/stage/assets/stagelogo.png
[25.974s] -- Installing: /home/abc/ROS2_SIM_WS/install/Stage/share/stage/assets/stall-old.png
[25.974s] -- Installing: /home/abc/ROS2_SIM_WS/install/Stage/share/stage/assets/stall.png
[25.975s] -- Installing: /home/abc/ROS2_SIM_WS/install/Stage/share/stage/assets/rgb.txt
[25.975s] -- Installing: /home/abc/ROS2_SIM_WS/install/Stage/share/stage/rgb.txt
[25.975s] -- Installing: /home/abc/ROS2_SIM_WS/install/Stage/share/stage/worlds/amcl-sonar.cfg
[25.976s] -- Installing: /home/abc/ROS2_SIM_WS/install/Stage/share/stage/worlds/autolab.cfg
[25.976s] -- Installing: /home/abc/ROS2_SIM_WS/install/Stage/share/stage/worlds/camera.cfg
[25.977s] -- Installing: /home/abc/ROS2_SIM_WS/install/Stage/share/stage/worlds/everything.cfg
[25.977s] -- Installing: /home/abc/ROS2_SIM_WS/install/Stage/share/stage/worlds/lsp_test.cfg
[25.977s] -- Installing: /home/abc/ROS2_SIM_WS/install/Stage/share/stage/worlds/mbicp.cfg
[25.978s] -- Installing: /home/abc/ROS2_SIM_WS/install/Stage/share/stage/worlds/nd.cfg
[25.979s] -- Installing: /home/abc/ROS2_SIM_WS/install/Stage/share/stage/worlds/roomba.cfg
[25.979s] -- Installing: /home/abc/ROS2_SIM_WS/install/Stage/share/stage/worlds/simple.cfg
[25.979s] -- Installing: /home/abc/ROS2_SIM_WS/install/Stage/share/stage/worlds/test.cfg
[25.980s] -- Installing: /home/abc/ROS2_SIM_WS/install/Stage/share/stage/worlds/uoa_robotics_lab.cfg
[25.980s] -- Installing: /home/abc/ROS2_SIM_WS/install/Stage/share/stage/worlds/vfh.cfg
[25.980s] -- Installing: /home/abc/ROS2_SIM_WS/install/Stage/share/stage/worlds/wavefront-remote.cfg
[25.980s] -- Installing: /home/abc/ROS2_SIM_WS/install/Stage/share/stage/worlds/wavefront.cfg
[25.981s] -- Installing: /home/abc/ROS2_SIM_WS/install/Stage/share/stage/worlds/wifi.cfg
[25.981s] -- Installing: /home/abc/ROS2_SIM_WS/install/Stage/share/stage/worlds/SFU.world
[25.981s] -- Installing: /home/abc/ROS2_SIM_WS/install/Stage/share/stage/worlds/autolab.world
[25.982s] -- Installing: /home/abc/ROS2_SIM_WS/install/Stage/share/stage/worlds/camera.world
[25.982s] -- Installing: /home/abc/ROS2_SIM_WS/install/Stage/share/stage/worlds/circuit.world
[25.982s] -- Installing: /home/abc/ROS2_SIM_WS/install/Stage/share/stage/worlds/everything.world
[25.983s] -- Installing: /home/abc/ROS2_SIM_WS/install/Stage/share/stage/worlds/fasr.world
[25.983s] -- Installing: /home/abc/ROS2_SIM_WS/install/Stage/share/stage/worlds/fasr2.world
[25.983s] -- Installing: /home/abc/ROS2_SIM_WS/install/Stage/share/stage/worlds/fasr_plan.world
[25.983s] -- Installing: /home/abc/ROS2_SIM_WS/install/Stage/share/stage/worlds/large.world
[25.984s] -- Installing: /home/abc/ROS2_SIM_WS/install/Stage/share/stage/worlds/lsp_test.world
[25.984s] -- Installing: /home/abc/ROS2_SIM_WS/install/Stage/share/stage/worlds/mbicp.world
[25.984s] -- Installing: /home/abc/ROS2_SIM_WS/install/Stage/share/stage/worlds/pioneer_flocking.world
[25.985s] -- Installing: /home/abc/ROS2_SIM_WS/install/Stage/share/stage/worlds/pioneer_follow.world
[25.985s] -- Installing: /home/abc/ROS2_SIM_WS/install/Stage/share/stage/worlds/pioneer_walle.world
[25.985s] -- Installing: /home/abc/ROS2_SIM_WS/install/Stage/share/stage/worlds/roomba.world
[25.986s] -- Installing: /home/abc/ROS2_SIM_WS/install/Stage/share/stage/worlds/sensor_noise_demo.world
[25.986s] -- Installing: /home/abc/ROS2_SIM_WS/install/Stage/share/stage/worlds/sensor_noise_module_demo.world
[25.986s] -- Installing: /home/abc/ROS2_SIM_WS/install/Stage/share/stage/worlds/simple.world
[25.987s] -- Installing: /home/abc/ROS2_SIM_WS/install/Stage/share/stage/worlds/uoa_robotics_lab.world
[25.987s] -- Installing: /home/abc/ROS2_SIM_WS/install/Stage/share/stage/worlds/wifi.world
[25.987s] -- Installing: /home/abc/ROS2_SIM_WS/install/Stage/share/stage/worlds/beacons.inc
[25.987s] -- Installing: /home/abc/ROS2_SIM_WS/install/Stage/share/stage/worlds/chatterbox.inc
[25.988s] -- Installing: /home/abc/ROS2_SIM_WS/install/Stage/share/stage/worlds/hokuyo.inc
[25.988s] -- Installing: /home/abc/ROS2_SIM_WS/install/Stage/share/stage/worlds/irobot.inc
[25.988s] -- Installing: /home/abc/ROS2_SIM_WS/install/Stage/share/stage/worlds/map.inc
[25.989s] -- Installing: /home/abc/ROS2_SIM_WS/install/Stage/share/stage/worlds/objects.inc
[25.989s] -- Installing: /home/abc/ROS2_SIM_WS/install/Stage/share/stage/worlds/pantilt.inc
[25.989s] -- Installing: /home/abc/ROS2_SIM_WS/install/Stage/share/stage/worlds/pioneer.inc
[25.990s] -- Installing: /home/abc/ROS2_SIM_WS/install/Stage/share/stage/worlds/sick.inc
[25.990s] -- Installing: /home/abc/ROS2_SIM_WS/install/Stage/share/stage/worlds/ubot.inc
[25.990s] -- Installing: /home/abc/ROS2_SIM_WS/install/Stage/share/stage/worlds/uoa_robotics_lab_models.inc
[25.990s] -- Installing: /home/abc/ROS2_SIM_WS/install/Stage/share/stage/worlds/walle.inc
[25.991s] -- Installing: /home/abc/ROS2_SIM_WS/install/Stage/share/stage/worlds/cfggen.sh
[25.991s] -- Installing: /home/abc/ROS2_SIM_WS/install/Stage/share/stage/worlds/test.sh
[25.991s] -- Installing: /home/abc/ROS2_SIM_WS/install/Stage/share/stage/worlds/worldgen.sh
[25.992s] -- Installing: /home/abc/ROS2_SIM_WS/install/Stage/lib/Stage-4.3/expand_swarm.so
[25.992s] -- Set runtime path of "/home/abc/ROS2_SIM_WS/install/Stage/lib/Stage-4.3/expand_swarm.so" to ""
[25.992s] -- Installing: /home/abc/ROS2_SIM_WS/install/Stage/lib/Stage-4.3/expand_pioneer.so
[25.992s] -- Set runtime path of "/home/abc/ROS2_SIM_WS/install/Stage/lib/Stage-4.3/expand_pioneer.so" to ""
[25.992s] -- Installing: /home/abc/ROS2_SIM_WS/install/Stage/share/stage/worlds/bitmaps/889_05.png
[25.993s] -- Installing: /home/abc/ROS2_SIM_WS/install/Stage/share/stage/worlds/bitmaps/SFU_1200x615.png
[25.994s] -- Installing: /home/abc/ROS2_SIM_WS/install/Stage/share/stage/worlds/bitmaps/SRI-AIC-kwing.png
[25.994s] -- Installing: /home/abc/ROS2_SIM_WS/install/Stage/share/stage/worlds/bitmaps/autolab.png
[25.995s] -- Installing: /home/abc/ROS2_SIM_WS/install/Stage/share/stage/worlds/bitmaps/cave.png
[25.995s] -- Installing: /home/abc/ROS2_SIM_WS/install/Stage/share/stage/worlds/bitmaps/cave_compact.png
[25.996s] -- Installing: /home/abc/ROS2_SIM_WS/install/Stage/share/stage/worlds/bitmaps/cave_filled.png
[25.996s] -- Installing: /home/abc/ROS2_SIM_WS/install/Stage/share/stage/worlds/bitmaps/frieburg.png
[25.996s] -- Installing: /home/abc/ROS2_SIM_WS/install/Stage/share/stage/worlds/bitmaps/ghost.png
[25.997s] -- Installing: /home/abc/ROS2_SIM_WS/install/Stage/share/stage/worlds/bitmaps/hospital.png
[25.997s] -- Installing: /home/abc/ROS2_SIM_WS/install/Stage/share/stage/worlds/bitmaps/hospital_section.png
[25.997s] -- Installing: /home/abc/ROS2_SIM_WS/install/Stage/share/stage/worlds/bitmaps/human_outline.png
[25.997s] -- Installing: /home/abc/ROS2_SIM_WS/install/Stage/share/stage/worlds/bitmaps/mbicp.png
[25.997s] -- Installing: /home/abc/ROS2_SIM_WS/install/Stage/share/stage/worlds/bitmaps/rink.png
[25.998s] -- Installing: /home/abc/ROS2_SIM_WS/install/Stage/share/stage/worlds/bitmaps/sal2.png
[25.998s] -- Installing: /home/abc/ROS2_SIM_WS/install/Stage/share/stage/worlds/bitmaps/simple_rooms.png
[25.998s] -- Installing: /home/abc/ROS2_SIM_WS/install/Stage/share/stage/worlds/bitmaps/space_invader.png
[25.998s] -- Installing: /home/abc/ROS2_SIM_WS/install/Stage/share/stage/worlds/bitmaps/submarine.png
[25.999s] -- Installing: /home/abc/ROS2_SIM_WS/install/Stage/share/stage/worlds/bitmaps/submarine_small.png
[25.999s] -- Installing: /home/abc/ROS2_SIM_WS/install/Stage/share/stage/worlds/bitmaps/table.png
[25.999s] -- Installing: /home/abc/ROS2_SIM_WS/install/Stage/share/stage/worlds/bitmaps/uoa_robotics_lab.png
[25.999s] -- Installing: /home/abc/ROS2_SIM_WS/install/Stage/share/stage/worlds/wifi/commando.world
[26.000s] -- Installing: /home/abc/ROS2_SIM_WS/install/Stage/share/stage/worlds/wifi/hosp_wifi.world
[26.000s] -- Installing: /home/abc/ROS2_SIM_WS/install/Stage/share/stage/worlds/wifi/hosp_wifi_5.world
[26.000s] -- Installing: /home/abc/ROS2_SIM_WS/install/Stage/share/stage/worlds/wifi/wifi.world
[26.000s] -- Installing: /home/abc/ROS2_SIM_WS/install/Stage/share/stage/worlds/wifi/wifi_itu.world
[26.001s] -- Installing: /home/abc/ROS2_SIM_WS/install/Stage/share/stage/worlds/wifi/wifi_logdistance.world
[26.001s] -- Installing: /home/abc/ROS2_SIM_WS/install/Stage/share/stage/worlds/wifi/wifi_ray.world
[26.002s] -- Installing: /home/abc/ROS2_SIM_WS/install/Stage/share/stage/worlds/wifi/wifi_simple.world
[26.002s] -- Installing: /home/abc/ROS2_SIM_WS/install/Stage/share/stage/worlds/wifi/map.inc
[26.004s] Invoked command in '/home/abc/ROS2_SIM_WS/build/Stage' returned '0': /usr/bin/cmake --install /home/abc/ROS2_SIM_WS/build/Stage
