[0.025s] Invoking command in '/home/abc/ROS2_SIM_WS/build/mycar_description': CMAKE_PREFIX_PATH=${CMAKE_PREFIX_PATH}:/opt/ros/humble /usr/bin/cmake --build /home/abc/ROS2_SIM_WS/build/mycar_description -- -j4 -l4
[0.143s] Invoked command in '/home/abc/ROS2_SIM_WS/build/mycar_description' returned '0': CMAKE_PREFIX_PATH=${CMAKE_PREFIX_PATH}:/opt/ros/humble /usr/bin/cmake --build /home/abc/ROS2_SIM_WS/build/mycar_description -- -j4 -l4
[0.158s] Invoking command in '/home/abc/ROS2_SIM_WS/build/mycar_description': CMAKE_PREFIX_PATH=${CMAKE_PREFIX_PATH}:/opt/ros/humble /usr/bin/cmake --install /home/abc/ROS2_SIM_WS/build/mycar_description
[0.169s] -- Install configuration: ""
[0.171s] -- Up-to-date: /home/abc/ROS2_SIM_WS/install/mycar_description/share/mycar_description/launch
[0.171s] -- Up-to-date: /home/abc/ROS2_SIM_WS/install/mycar_description/share/mycar_description/launch/mycar_desc_sim.launch.py
[0.172s] -- Up-to-date: /home/abc/ROS2_SIM_WS/install/mycar_description/share/mycar_description/launch/mycar_desc.launch.py
[0.172s] -- Up-to-date: /home/abc/ROS2_SIM_WS/install/mycar_description/share/mycar_description/urdf
[0.173s] -- Up-to-date: /home/abc/ROS2_SIM_WS/install/mycar_description/share/mycar_description/urdf/arduino.urdf
[0.173s] -- Up-to-date: /home/abc/ROS2_SIM_WS/install/mycar_description/share/mycar_description/urdf/stm32_4w.urdf
[0.173s] -- Up-to-date: /home/abc/ROS2_SIM_WS/install/mycar_description/share/mycar_description/urdf/stm32_2w.urdf
[0.173s] -- Up-to-date: /home/abc/ROS2_SIM_WS/install/mycar_description/share/mycar_description/mesh
[0.173s] -- Up-to-date: /home/abc/ROS2_SIM_WS/install/mycar_description/share/mycar_description/mesh/mycar_4w.stl
[0.173s] -- Up-to-date: /home/abc/ROS2_SIM_WS/install/mycar_description/share/mycar_description/mesh/mycar_2w.stl
[0.173s] -- Up-to-date: /home/abc/ROS2_SIM_WS/install/mycar_description/share/ament_index/resource_index/package_run_dependencies/mycar_description
[0.173s] -- Up-to-date: /home/abc/ROS2_SIM_WS/install/mycar_description/share/ament_index/resource_index/parent_prefix_path/mycar_description
[0.173s] -- Up-to-date: /home/abc/ROS2_SIM_WS/install/mycar_description/share/mycar_description/environment/ament_prefix_path.sh
[0.174s] -- Up-to-date: /home/abc/ROS2_SIM_WS/install/mycar_description/share/mycar_description/environment/ament_prefix_path.dsv
[0.174s] -- Up-to-date: /home/abc/ROS2_SIM_WS/install/mycar_description/share/mycar_description/environment/path.sh
[0.174s] -- Up-to-date: /home/abc/ROS2_SIM_WS/install/mycar_description/share/mycar_description/environment/path.dsv
[0.174s] -- Up-to-date: /home/abc/ROS2_SIM_WS/install/mycar_description/share/mycar_description/local_setup.bash
[0.174s] -- Up-to-date: /home/abc/ROS2_SIM_WS/install/mycar_description/share/mycar_description/local_setup.sh
[0.174s] -- Up-to-date: /home/abc/ROS2_SIM_WS/install/mycar_description/share/mycar_description/local_setup.zsh
[0.174s] -- Up-to-date: /home/abc/ROS2_SIM_WS/install/mycar_description/share/mycar_description/local_setup.dsv
[0.175s] -- Installing: /home/abc/ROS2_SIM_WS/install/mycar_description/share/mycar_description/package.dsv
[0.177s] -- Up-to-date: /home/abc/ROS2_SIM_WS/install/mycar_description/share/ament_index/resource_index/packages/mycar_description
[0.179s] -- Up-to-date: /home/abc/ROS2_SIM_WS/install/mycar_description/share/mycar_description/cmake/mycar_descriptionConfig.cmake
[0.179s] -- Up-to-date: /home/abc/ROS2_SIM_WS/install/mycar_description/share/mycar_description/cmake/mycar_descriptionConfig-version.cmake
[0.179s] -- Up-to-date: /home/abc/ROS2_SIM_WS/install/mycar_description/share/mycar_description/package.xml
[0.181s] Invoked command in '/home/abc/ROS2_SIM_WS/build/mycar_description' returned '0': CMAKE_PREFIX_PATH=${CMAKE_PREFIX_PATH}:/opt/ros/humble /usr/bin/cmake --install /home/abc/ROS2_SIM_WS/build/mycar_description
