[0.017s] Invoking command in '/home/abc/ws01_plumbing/build/cpp03_action': AMENT_PREFIX_PATH=/home/abc/ws01_plumbing/install/base_interfaces_demo:${AMENT_PREFIX_PATH} CMAKE_PREFIX_PATH=/home/abc/ws01_plumbing/install/base_interfaces_demo:/opt/ros/humble LD_LIBRARY_PATH=/home/abc/ws01_plumbing/install/base_interfaces_demo/lib:${LD_LIBRARY_PATH} PYTHONPATH=/home/abc/ws01_plumbing/install/base_interfaces_demo/local/lib/python3.10/dist-packages:${PYTHONPATH} /usr/bin/cmake /home/abc/ws01_plumbing/src/cpp03_action -DCMAKE_INSTALL_PREFIX=/home/abc/ws01_plumbing/install/cpp03_action
[0.096s] -- The C compiler identification is GNU 11.4.0
[0.184s] -- The CXX compiler identification is GNU 11.4.0
[0.196s] -- Detecting C compiler ABI info
[0.278s] -- Detecting C compiler ABI info - done
[0.285s] -- Check for working C compiler: /usr/bin/cc - skipped
[0.285s] -- Detecting C compile features
[0.285s] -- Detecting C compile features - done
[0.292s] -- Detecting CXX compiler ABI info
[0.405s] -- Detecting CXX compiler ABI info - done
[0.418s] -- Check for working CXX compiler: /usr/bin/c++ - skipped
[0.418s] -- Detecting CXX compile features
[0.418s] -- Detecting CXX compile features - done
[0.423s] -- Found ament_cmake: 1.3.11 (/opt/ros/humble/share/ament_cmake/cmake)
[0.634s] -- Found Python3: /usr/bin/python3 (found version "3.10.12") found components: Interpreter 
[0.734s] -- Found rclcpp: 16.0.11 (/opt/ros/humble/share/rclcpp/cmake)
[0.761s] -- Found rosidl_generator_c: 3.1.6 (/opt/ros/humble/share/rosidl_generator_c/cmake)
[0.765s] -- Found rosidl_adapter: 3.1.6 (/opt/ros/humble/share/rosidl_adapter/cmake)
[0.771s] -- Found rosidl_generator_cpp: 3.1.6 (/opt/ros/humble/share/rosidl_generator_cpp/cmake)
[0.781s] -- Using all available rosidl_typesupport_c: rosidl_typesupport_fastrtps_c;rosidl_typesupport_introspection_c
[0.791s] -- Using all available rosidl_typesupport_cpp: rosidl_typesupport_fastrtps_cpp;rosidl_typesupport_introspection_cpp
[0.827s] -- Found rmw_implementation_cmake: 6.1.2 (/opt/ros/humble/share/rmw_implementation_cmake/cmake)
[0.828s] -- Found rmw_fastrtps_cpp: 6.2.7 (/opt/ros/humble/share/rmw_fastrtps_cpp/cmake)
[0.929s] -- Found OpenSSL: /usr/lib/x86_64-linux-gnu/libcrypto.so (found version "3.0.2")  
[0.963s] -- Found FastRTPS: /opt/ros/humble/include  
[1.025s] -- Using RMW implementation 'rmw_fastrtps_cpp' as default
[1.035s] -- Looking for pthread.h
[1.174s] -- Looking for pthread.h - found
[1.174s] -- Performing Test CMAKE_HAVE_LIBC_PTHREAD
[1.281s] -- Performing Test CMAKE_HAVE_LIBC_PTHREAD - Success
[1.282s] -- Found Threads: TRUE  
[1.326s] -- Found rclcpp_action: 16.0.11 (/opt/ros/humble/share/rclcpp_action/cmake)
[1.405s] -- Found base_interfaces_demo: 0.0.0 (/home/abc/ws01_plumbing/install/base_interfaces_demo/share/base_interfaces_demo/cmake)
[1.421s] -- Found ament_lint_auto: 0.12.11 (/opt/ros/humble/share/ament_lint_auto/cmake)
[1.608s] -- Added test 'cppcheck' to perform static code analysis on C / C++ code
[1.610s] -- Configured cppcheck include dirs: $<BUILD_INTERFACE:/home/abc/ws01_plumbing/src/cpp03_action/include>
[1.610s] -- Configured cppcheck exclude dirs and/or files: 
[1.620s] -- Added test 'lint_cmake' to check CMake code style
[1.620s] -- Added test 'uncrustify' to check C / C++ code style
[1.620s] -- Configured uncrustify additional arguments: 
[1.620s] -- Added test 'xmllint' to check XML markup files
[1.621s] -- Configuring done
[1.664s] -- Generating done
[1.673s] -- Build files have been written to: /home/abc/ws01_plumbing/build/cpp03_action
[1.751s] Invoked command in '/home/abc/ws01_plumbing/build/cpp03_action' returned '0': AMENT_PREFIX_PATH=/home/abc/ws01_plumbing/install/base_interfaces_demo:${AMENT_PREFIX_PATH} CMAKE_PREFIX_PATH=/home/abc/ws01_plumbing/install/base_interfaces_demo:/opt/ros/humble LD_LIBRARY_PATH=/home/abc/ws01_plumbing/install/base_interfaces_demo/lib:${LD_LIBRARY_PATH} PYTHONPATH=/home/abc/ws01_plumbing/install/base_interfaces_demo/local/lib/python3.10/dist-packages:${PYTHONPATH} /usr/bin/cmake /home/abc/ws01_plumbing/src/cpp03_action -DCMAKE_INSTALL_PREFIX=/home/abc/ws01_plumbing/install/cpp03_action
[1.752s] Invoking command in '/home/abc/ws01_plumbing/build/cpp03_action': AMENT_PREFIX_PATH=/home/abc/ws01_plumbing/install/base_interfaces_demo:${AMENT_PREFIX_PATH} CMAKE_PREFIX_PATH=/home/abc/ws01_plumbing/install/base_interfaces_demo:/opt/ros/humble LD_LIBRARY_PATH=/home/abc/ws01_plumbing/install/base_interfaces_demo/lib:${LD_LIBRARY_PATH} PYTHONPATH=/home/abc/ws01_plumbing/install/base_interfaces_demo/local/lib/python3.10/dist-packages:${PYTHONPATH} /usr/bin/cmake --build /home/abc/ws01_plumbing/build/cpp03_action -- -j4 -l4
[1.961s] [ 25%] [32mBuilding CXX object CMakeFiles/demo01_action_server.dir/src/demo01_action_server.cpp.o[0m
[1.962s] [ 50%] [32mBuilding CXX object CMakeFiles/demo02_action_client.dir/src/demo02_action_client.cpp.o[0m
[22.471s] [ 75%] [32m[1mLinking CXX executable demo01_action_server[0m
[23.747s] [ 75%] Built target demo01_action_server
[29.777s] [100%] [32m[1mLinking CXX executable demo02_action_client[0m
[30.090s] [100%] Built target demo02_action_client
[30.142s] Invoked command in '/home/abc/ws01_plumbing/build/cpp03_action' returned '0': AMENT_PREFIX_PATH=/home/abc/ws01_plumbing/install/base_interfaces_demo:${AMENT_PREFIX_PATH} CMAKE_PREFIX_PATH=/home/abc/ws01_plumbing/install/base_interfaces_demo:/opt/ros/humble LD_LIBRARY_PATH=/home/abc/ws01_plumbing/install/base_interfaces_demo/lib:${LD_LIBRARY_PATH} PYTHONPATH=/home/abc/ws01_plumbing/install/base_interfaces_demo/local/lib/python3.10/dist-packages:${PYTHONPATH} /usr/bin/cmake --build /home/abc/ws01_plumbing/build/cpp03_action -- -j4 -l4
[30.152s] Invoking command in '/home/abc/ws01_plumbing/build/cpp03_action': AMENT_PREFIX_PATH=/home/abc/ws01_plumbing/install/base_interfaces_demo:${AMENT_PREFIX_PATH} CMAKE_PREFIX_PATH=/home/abc/ws01_plumbing/install/base_interfaces_demo:/opt/ros/humble LD_LIBRARY_PATH=/home/abc/ws01_plumbing/install/base_interfaces_demo/lib:${LD_LIBRARY_PATH} PYTHONPATH=/home/abc/ws01_plumbing/install/base_interfaces_demo/local/lib/python3.10/dist-packages:${PYTHONPATH} /usr/bin/cmake --install /home/abc/ws01_plumbing/build/cpp03_action
[30.156s] -- Install configuration: ""
[30.156s] -- Installing: /home/abc/ws01_plumbing/install/cpp03_action/lib/cpp03_action/demo01_action_server
[30.157s] -- Set runtime path of "/home/abc/ws01_plumbing/install/cpp03_action/lib/cpp03_action/demo01_action_server" to ""
[30.157s] -- Installing: /home/abc/ws01_plumbing/install/cpp03_action/lib/cpp03_action/demo02_action_client
[30.157s] -- Set runtime path of "/home/abc/ws01_plumbing/install/cpp03_action/lib/cpp03_action/demo02_action_client" to ""
[30.158s] -- Installing: /home/abc/ws01_plumbing/install/cpp03_action/share/ament_index/resource_index/package_run_dependencies/cpp03_action
[30.158s] -- Installing: /home/abc/ws01_plumbing/install/cpp03_action/share/ament_index/resource_index/parent_prefix_path/cpp03_action
[30.159s] -- Installing: /home/abc/ws01_plumbing/install/cpp03_action/share/cpp03_action/environment/ament_prefix_path.sh
[30.159s] -- Installing: /home/abc/ws01_plumbing/install/cpp03_action/share/cpp03_action/environment/ament_prefix_path.dsv
[30.159s] -- Installing: /home/abc/ws01_plumbing/install/cpp03_action/share/cpp03_action/environment/path.sh
[30.163s] -- Installing: /home/abc/ws01_plumbing/install/cpp03_action/share/cpp03_action/environment/path.dsv
[30.163s] -- Installing: /home/abc/ws01_plumbing/install/cpp03_action/share/cpp03_action/local_setup.bash
[30.163s] -- Installing: /home/abc/ws01_plumbing/install/cpp03_action/share/cpp03_action/local_setup.sh
[30.163s] -- Installing: /home/abc/ws01_plumbing/install/cpp03_action/share/cpp03_action/local_setup.zsh
[30.163s] -- Installing: /home/abc/ws01_plumbing/install/cpp03_action/share/cpp03_action/local_setup.dsv
[30.164s] -- Installing: /home/abc/ws01_plumbing/install/cpp03_action/share/cpp03_action/package.dsv
[30.164s] -- Installing: /home/abc/ws01_plumbing/install/cpp03_action/share/ament_index/resource_index/packages/cpp03_action
[30.164s] -- Installing: /home/abc/ws01_plumbing/install/cpp03_action/share/cpp03_action/cmake/cpp03_actionConfig.cmake
[30.164s] -- Installing: /home/abc/ws01_plumbing/install/cpp03_action/share/cpp03_action/cmake/cpp03_actionConfig-version.cmake
[30.164s] -- Installing: /home/abc/ws01_plumbing/install/cpp03_action/share/cpp03_action/package.xml
[30.169s] Invoked command in '/home/abc/ws01_plumbing/build/cpp03_action' returned '0': AMENT_PREFIX_PATH=/home/abc/ws01_plumbing/install/base_interfaces_demo:${AMENT_PREFIX_PATH} CMAKE_PREFIX_PATH=/home/abc/ws01_plumbing/install/base_interfaces_demo:/opt/ros/humble LD_LIBRARY_PATH=/home/abc/ws01_plumbing/install/base_interfaces_demo/lib:${LD_LIBRARY_PATH} PYTHONPATH=/home/abc/ws01_plumbing/install/base_interfaces_demo/local/lib/python3.10/dist-packages:${PYTHONPATH} /usr/bin/cmake --install /home/abc/ws01_plumbing/build/cpp03_action
