[0.053s] Invoking command in '/home/abc/ws01_plumbing/build/cpp05_names': CMAKE_PREFIX_PATH=/opt/ros/humble /usr/bin/cmake /home/abc/ws01_plumbing/src/cpp05_names -DCMAKE_INSTALL_PREFIX=/home/abc/ws01_plumbing/install/cpp05_names
[0.597s] -- The C compiler identification is GNU 11.4.0
[0.960s] -- The CXX compiler identification is GNU 11.4.0
[1.030s] -- Detecting C compiler ABI info
[1.446s] -- Detecting C compiler ABI info - done
[1.453s] -- Check for working C compiler: /usr/bin/cc - skipped
[1.455s] -- Detecting C compile features
[1.476s] -- Detecting C compile features - done
[1.498s] -- Detecting CXX compiler ABI info
[2.188s] -- Detecting CXX compiler ABI info - done
[2.219s] -- Check for working CXX compiler: /usr/bin/c++ - skipped
[2.219s] -- Detecting CXX compile features
[2.220s] -- Detecting CXX compile features - done
[2.262s] -- Found ament_cmake: 1.3.11 (/opt/ros/humble/share/ament_cmake/cmake)
[2.999s] -- Found Python3: /usr/bin/python3 (found version "3.10.12") found components: Interpreter 
[3.449s] -- Found rclcpp: 16.0.11 (/opt/ros/humble/share/rclcpp/cmake)
[3.682s] -- Found rosidl_generator_c: 3.1.6 (/opt/ros/humble/share/rosidl_generator_c/cmake)
[3.708s] -- Found rosidl_adapter: 3.1.6 (/opt/ros/humble/share/rosidl_adapter/cmake)
[3.727s] -- Found rosidl_generator_cpp: 3.1.6 (/opt/ros/humble/share/rosidl_generator_cpp/cmake)
[3.761s] -- Using all available rosidl_typesupport_c: rosidl_typesupport_fastrtps_c;rosidl_typesupport_introspection_c
[3.794s] -- Using all available rosidl_typesupport_cpp: rosidl_typesupport_fastrtps_cpp;rosidl_typesupport_introspection_cpp
[3.893s] -- Found rmw_implementation_cmake: 6.1.2 (/opt/ros/humble/share/rmw_implementation_cmake/cmake)
[3.901s] -- Found rmw_fastrtps_cpp: 6.2.7 (/opt/ros/humble/share/rmw_fastrtps_cpp/cmake)
[4.474s] -- Found OpenSSL: /usr/lib/x86_64-linux-gnu/libcrypto.so (found version "3.0.2")  
[5.084s] -- Found FastRTPS: /opt/ros/humble/include  
[7.936s] -- Using RMW implementation 'rmw_fastrtps_cpp' as default
[8.199s] -- Looking for pthread.h
[8.880s] -- Looking for pthread.h - found
[8.880s] -- Performing Test CMAKE_HAVE_LIBC_PTHREAD
[9.174s] -- Performing Test CMAKE_HAVE_LIBC_PTHREAD - Success
[9.207s] -- Found Threads: TRUE  
[9.642s] -- Found ament_lint_auto: 0.12.11 (/opt/ros/humble/share/ament_lint_auto/cmake)
[10.101s] -- Added test 'cppcheck' to perform static code analysis on C / C++ code
[10.101s] -- Configured cppcheck include dirs: $<BUILD_INTERFACE:/home/abc/ws01_plumbing/src/cpp05_names/include>
[10.101s] -- Configured cppcheck exclude dirs and/or files: 
[10.101s] -- Added test 'flake8' to check Python code syntax and style conventions
[10.101s] -- Added test 'lint_cmake' to check CMake code style
[10.101s] -- Added test 'pep257' to check Python code against some of the docstring style conventions in PEP 257
[10.101s] -- Added test 'uncrustify' to check C / C++ code style
[10.101s] -- Configured uncrustify additional arguments: 
[10.101s] -- Added test 'xmllint' to check XML markup files
[10.105s] -- Configuring done
[10.224s] -- Generating done
[10.265s] -- Build files have been written to: /home/abc/ws01_plumbing/build/cpp05_names
[10.443s] Invoked command in '/home/abc/ws01_plumbing/build/cpp05_names' returned '0': CMAKE_PREFIX_PATH=/opt/ros/humble /usr/bin/cmake /home/abc/ws01_plumbing/src/cpp05_names -DCMAKE_INSTALL_PREFIX=/home/abc/ws01_plumbing/install/cpp05_names
[10.461s] Invoking command in '/home/abc/ws01_plumbing/build/cpp05_names': CMAKE_PREFIX_PATH=/opt/ros/humble /usr/bin/cmake --build /home/abc/ws01_plumbing/build/cpp05_names -- -j4 -l4
[10.747s] [ 50%] [32mBuilding CXX object CMakeFiles/demo01_names.dir/src/demo01_names.cpp.o[0m
[17.662s] [100%] [32m[1mLinking CXX executable demo01_names[0m
[17.904s] [100%] Built target demo01_names
[18.179s] Invoked command in '/home/abc/ws01_plumbing/build/cpp05_names' returned '0': CMAKE_PREFIX_PATH=/opt/ros/humble /usr/bin/cmake --build /home/abc/ws01_plumbing/build/cpp05_names -- -j4 -l4
[18.185s] Invoking command in '/home/abc/ws01_plumbing/build/cpp05_names': CMAKE_PREFIX_PATH=/opt/ros/humble /usr/bin/cmake --install /home/abc/ws01_plumbing/build/cpp05_names
[18.191s] -- Install configuration: ""
[18.191s] -- Installing: /home/abc/ws01_plumbing/install/cpp05_names/lib/cpp05_names/demo01_names
[18.201s] -- Set runtime path of "/home/abc/ws01_plumbing/install/cpp05_names/lib/cpp05_names/demo01_names" to ""
[18.201s] -- Installing: /home/abc/ws01_plumbing/install/cpp05_names/share/cpp05_names/launch
[18.202s] -- Installing: /home/abc/ws01_plumbing/install/cpp05_names/share/cpp05_names/launch/demo02_names_launch.xml
[18.206s] -- Installing: /home/abc/ws01_plumbing/install/cpp05_names/share/cpp05_names/launch/demo03_names_launch.yaml
[18.209s] -- Installing: /home/abc/ws01_plumbing/install/cpp05_names/share/cpp05_names/launch/demo01_names_launch.py
[18.212s] -- Installing: /home/abc/ws01_plumbing/install/cpp05_names/share/ament_index/resource_index/package_run_dependencies/cpp05_names
[18.212s] -- Installing: /home/abc/ws01_plumbing/install/cpp05_names/share/ament_index/resource_index/parent_prefix_path/cpp05_names
[18.213s] -- Installing: /home/abc/ws01_plumbing/install/cpp05_names/share/cpp05_names/environment/ament_prefix_path.sh
[18.213s] -- Installing: /home/abc/ws01_plumbing/install/cpp05_names/share/cpp05_names/environment/ament_prefix_path.dsv
[18.213s] -- Installing: /home/abc/ws01_plumbing/install/cpp05_names/share/cpp05_names/environment/path.sh
[18.214s] -- Installing: /home/abc/ws01_plumbing/install/cpp05_names/share/cpp05_names/environment/path.dsv
[18.214s] -- Installing: /home/abc/ws01_plumbing/install/cpp05_names/share/cpp05_names/local_setup.bash
[18.216s] -- Installing: /home/abc/ws01_plumbing/install/cpp05_names/share/cpp05_names/local_setup.sh
[18.216s] -- Installing: /home/abc/ws01_plumbing/install/cpp05_names/share/cpp05_names/local_setup.zsh
[18.216s] -- Installing: /home/abc/ws01_plumbing/install/cpp05_names/share/cpp05_names/local_setup.dsv
[18.217s] -- Installing: /home/abc/ws01_plumbing/install/cpp05_names/share/cpp05_names/package.dsv
[18.217s] -- Installing: /home/abc/ws01_plumbing/install/cpp05_names/share/ament_index/resource_index/packages/cpp05_names
[18.217s] -- Installing: /home/abc/ws01_plumbing/install/cpp05_names/share/cpp05_names/cmake/cpp05_namesConfig.cmake
[18.219s] -- Installing: /home/abc/ws01_plumbing/install/cpp05_names/share/cpp05_names/cmake/cpp05_namesConfig-version.cmake
[18.219s] -- Installing: /home/abc/ws01_plumbing/install/cpp05_names/share/cpp05_names/package.xml
[18.228s] Invoked command in '/home/abc/ws01_plumbing/build/cpp05_names' returned '0': CMAKE_PREFIX_PATH=/opt/ros/humble /usr/bin/cmake --install /home/abc/ws01_plumbing/build/cpp05_names
