[0.016s] Invoking command in '/home/abc/ROS2_VOICE_WS/src/build/ros2_xf_bridge': CMAKE_PREFIX_PATH=${CMAKE_PREFIX_PATH}:/opt/ros/humble /usr/bin/cmake --build /home/abc/ROS2_VOICE_WS/src/build/ros2_xf_bridge -- -j4 -l4
[0.065s] -- Found ament_cmake: 1.3.11 (/opt/ros/humble/share/ament_cmake/cmake)
[0.191s] -- Found rclcpp: 16.0.11 (/opt/ros/humble/share/rclcpp/cmake)
[0.231s] -- Found rosidl_generator_c: 3.1.6 (/opt/ros/humble/share/rosidl_generator_c/cmake)
[0.235s] -- Found rosidl_adapter: 3.1.6 (/opt/ros/humble/share/rosidl_adapter/cmake)
[0.242s] -- Found rosidl_generator_cpp: 3.1.6 (/opt/ros/humble/share/rosidl_generator_cpp/cmake)
[0.254s] -- Using all available rosidl_typesupport_c: rosidl_typesupport_fastrtps_c;rosidl_typesupport_introspection_c
[0.267s] -- Using all available rosidl_typesupport_cpp: rosidl_typesupport_fastrtps_cpp;rosidl_typesupport_introspection_cpp
[0.304s] -- Found rmw_implementation_cmake: 6.1.2 (/opt/ros/humble/share/rmw_implementation_cmake/cmake)
[0.306s] -- Found rmw_fastrtps_cpp: 6.2.7 (/opt/ros/humble/share/rmw_fastrtps_cpp/cmake)
[0.390s] -- Using RMW implementation 'rmw_fastrtps_cpp' as default
[0.440s] -- Found geometry_msgs: 4.2.4 (/opt/ros/humble/share/geometry_msgs/cmake)
[0.452s] -- Found ament_lint_auto: 0.12.11 (/opt/ros/humble/share/ament_lint_auto/cmake)
[0.508s] -- Added test 'cppcheck' to perform static code analysis on C / C++ code
[0.509s] -- Configured cppcheck include dirs: $<BUILD_INTERFACE:/home/abc/ROS2_VOICE_WS/src/xf/ros2_xf_bridge/include>
[0.509s] -- Configured cppcheck exclude dirs and/or files: 
[0.509s] -- Added test 'lint_cmake' to check CMake code style
[0.510s] -- Added test 'uncrustify' to check C / C++ code style
[0.510s] -- Configured uncrustify additional arguments: 
[0.510s] -- Added test 'xmllint' to check XML markup files
[0.512s] -- Configuring done
[0.524s] -- Generating done
[0.529s] -- Build files have been written to: /home/abc/ROS2_VOICE_WS/src/build/ros2_xf_bridge
[0.561s] [ 66%] [32mBuilding CXX object CMakeFiles/v2t.dir/src/v2t.cpp.o[0m
[0.561s] [ 66%] [32mBuilding C object CMakeFiles/v2t.dir/src/linuxrec.c.o[0m
[0.561s] [ 66%] [32mBuilding CXX object CMakeFiles/t2v.dir/src/t2v.cpp.o[0m
[0.562s] [ 66%] [32mBuilding C object CMakeFiles/v2t.dir/src/speech_recognizer.c.o[0m
[4.215s] [ 83%] [32m[1mLinking CXX executable v2t[0m
[4.473s] [ 83%] Built target v2t
[7.206s] [100%] [32m[1mLinking CXX executable t2v[0m
[7.484s] [100%] Built target t2v
[7.494s] Invoked command in '/home/abc/ROS2_VOICE_WS/src/build/ros2_xf_bridge' returned '0': CMAKE_PREFIX_PATH=${CMAKE_PREFIX_PATH}:/opt/ros/humble /usr/bin/cmake --build /home/abc/ROS2_VOICE_WS/src/build/ros2_xf_bridge -- -j4 -l4
[7.503s] Invoking command in '/home/abc/ROS2_VOICE_WS/src/build/ros2_xf_bridge': CMAKE_PREFIX_PATH=${CMAKE_PREFIX_PATH}:/opt/ros/humble /usr/bin/cmake --install /home/abc/ROS2_VOICE_WS/src/build/ros2_xf_bridge
[7.509s] -- Install configuration: ""
[7.509s] -- Installing: /home/abc/ROS2_VOICE_WS/src/install/ros2_xf_bridge/lib/ros2_xf_bridge/v2t
[7.509s] -- Set runtime path of "/home/abc/ROS2_VOICE_WS/src/install/ros2_xf_bridge/lib/ros2_xf_bridge/v2t" to ""
[7.509s] -- Installing: /home/abc/ROS2_VOICE_WS/src/install/ros2_xf_bridge/include
[7.509s] -- Installing: /home/abc/ROS2_VOICE_WS/src/install/ros2_xf_bridge/include/ros2_xf_bridge
[7.509s] -- Installing: /home/abc/ROS2_VOICE_WS/src/install/ros2_xf_bridge/include/ros2_xf_bridge/msp_cmn.h
[7.510s] -- Installing: /home/abc/ROS2_VOICE_WS/src/install/ros2_xf_bridge/include/ros2_xf_bridge/qisr.h
[7.510s] -- Installing: /home/abc/ROS2_VOICE_WS/src/install/ros2_xf_bridge/include/ros2_xf_bridge/msp_errors.h
[7.510s] -- Installing: /home/abc/ROS2_VOICE_WS/src/install/ros2_xf_bridge/include/ros2_xf_bridge/msp_types.h
[7.510s] -- Installing: /home/abc/ROS2_VOICE_WS/src/install/ros2_xf_bridge/include/ros2_xf_bridge/qtts.h
[7.510s] -- Installing: /home/abc/ROS2_VOICE_WS/src/install/ros2_xf_bridge/include/ros2_xf_bridge/formats.h
[7.510s] -- Installing: /home/abc/ROS2_VOICE_WS/src/install/ros2_xf_bridge/include/ros2_xf_bridge/speech_recognizer.h
[7.510s] -- Installing: /home/abc/ROS2_VOICE_WS/src/install/ros2_xf_bridge/include/ros2_xf_bridge/linuxrec.h
[7.510s] -- Installing: /home/abc/ROS2_VOICE_WS/src/install/ros2_xf_bridge/include/ros2_xf_bridge/qise.h
[7.511s] -- Installing: /home/abc/ROS2_VOICE_WS/src/install/ros2_xf_bridge/lib/ros2_xf_bridge/t2v
[7.512s] -- Set runtime path of "/home/abc/ROS2_VOICE_WS/src/install/ros2_xf_bridge/lib/ros2_xf_bridge/t2v" to ""
[7.512s] -- Up-to-date: /home/abc/ROS2_VOICE_WS/src/install/ros2_xf_bridge/share/ament_index/resource_index/package_run_dependencies/ros2_xf_bridge
[7.513s] -- Installing: /home/abc/ROS2_VOICE_WS/src/install/ros2_xf_bridge/share/ament_index/resource_index/parent_prefix_path/ros2_xf_bridge
[7.513s] -- Up-to-date: /home/abc/ROS2_VOICE_WS/src/install/ros2_xf_bridge/share/ros2_xf_bridge/environment/ament_prefix_path.sh
[7.513s] -- Installing: /home/abc/ROS2_VOICE_WS/src/install/ros2_xf_bridge/share/ros2_xf_bridge/environment/ament_prefix_path.dsv
[7.513s] -- Up-to-date: /home/abc/ROS2_VOICE_WS/src/install/ros2_xf_bridge/share/ros2_xf_bridge/environment/path.sh
[7.513s] -- Installing: /home/abc/ROS2_VOICE_WS/src/install/ros2_xf_bridge/share/ros2_xf_bridge/environment/path.dsv
[7.513s] -- Up-to-date: /home/abc/ROS2_VOICE_WS/src/install/ros2_xf_bridge/share/ros2_xf_bridge/local_setup.bash
[7.513s] -- Up-to-date: /home/abc/ROS2_VOICE_WS/src/install/ros2_xf_bridge/share/ros2_xf_bridge/local_setup.sh
[7.514s] -- Up-to-date: /home/abc/ROS2_VOICE_WS/src/install/ros2_xf_bridge/share/ros2_xf_bridge/local_setup.zsh
[7.514s] -- Installing: /home/abc/ROS2_VOICE_WS/src/install/ros2_xf_bridge/share/ros2_xf_bridge/local_setup.dsv
[7.514s] -- Installing: /home/abc/ROS2_VOICE_WS/src/install/ros2_xf_bridge/share/ros2_xf_bridge/package.dsv
[7.514s] -- Up-to-date: /home/abc/ROS2_VOICE_WS/src/install/ros2_xf_bridge/share/ament_index/resource_index/packages/ros2_xf_bridge
[7.514s] -- Up-to-date: /home/abc/ROS2_VOICE_WS/src/install/ros2_xf_bridge/share/ros2_xf_bridge/cmake/ros2_xf_bridgeConfig.cmake
[7.514s] -- Up-to-date: /home/abc/ROS2_VOICE_WS/src/install/ros2_xf_bridge/share/ros2_xf_bridge/cmake/ros2_xf_bridgeConfig-version.cmake
[7.515s] -- Installing: /home/abc/ROS2_VOICE_WS/src/install/ros2_xf_bridge/share/ros2_xf_bridge/package.xml
[7.517s] Invoked command in '/home/abc/ROS2_VOICE_WS/src/build/ros2_xf_bridge' returned '0': CMAKE_PREFIX_PATH=${CMAKE_PREFIX_PATH}:/opt/ros/humble /usr/bin/cmake --install /home/abc/ROS2_VOICE_WS/src/build/ros2_xf_bridge
