[0.021s] Invoking command in '/home/abc/ROS2_SIM_WS/build/demo_stage_sim': CMAKE_PREFIX_PATH=${CMAKE_PREFIX_PATH}:/opt/ros/humble /usr/bin/cmake /home/abc/ROS2_SIM_WS/src/sim_stage/demo_stage_sim -DCMAKE_INSTALL_PREFIX=/home/abc/ROS2_SIM_WS/install/demo_stage_sim
[0.103s] -- The C compiler identification is GNU 11.4.0
[0.179s] -- The CXX compiler identification is GNU 11.4.0
[0.187s] -- Detecting C compiler ABI info
[0.252s] -- Detecting C compiler ABI info - done
[0.258s] -- Check for working C compiler: /usr/bin/cc - skipped
[0.259s] -- Detecting C compile features
[0.261s] -- Detecting C compile features - done
[0.266s] -- Detecting CXX compiler ABI info
[0.331s] -- Detecting CXX compiler ABI info - done
[0.335s] -- Check for working CXX compiler: /usr/bin/c++ - skipped
[0.336s] -- Detecting CXX compile features
[0.336s] -- Detecting CXX compile features - done
[0.341s] -- Found ament_cmake: 1.3.11 (/opt/ros/humble/share/ament_cmake/cmake)
[0.459s] -- Found Python3: /usr/bin/python3 (found version "3.10.12") found components: Interpreter 
[0.541s] -- Found stage_ros2: 0.0.1 (/home/abc/ROS2_SIM_WS/install/stage_ros2/share/stage_ros2/cmake)
[0.542s] -- Found ament_lint_auto: 0.12.11 (/opt/ros/humble/share/ament_lint_auto/cmake)
[0.602s] -- Added test 'flake8' to check Python code syntax and style conventions
[0.603s] -- Added test 'lint_cmake' to check CMake code style
[0.603s] -- Added test 'pep257' to check Python code against some of the docstring style conventions in PEP 257
[0.604s] -- Added test 'xmllint' to check XML markup files
[0.606s] -- Configuring done
[0.607s] -- Generating done
[0.608s] -- Build files have been written to: /home/abc/ROS2_SIM_WS/build/demo_stage_sim
[0.613s] Invoked command in '/home/abc/ROS2_SIM_WS/build/demo_stage_sim' returned '0': CMAKE_PREFIX_PATH=${CMAKE_PREFIX_PATH}:/opt/ros/humble /usr/bin/cmake /home/abc/ROS2_SIM_WS/src/sim_stage/demo_stage_sim -DCMAKE_INSTALL_PREFIX=/home/abc/ROS2_SIM_WS/install/demo_stage_sim
[0.614s] Invoking command in '/home/abc/ROS2_SIM_WS/build/demo_stage_sim': CMAKE_PREFIX_PATH=${CMAKE_PREFIX_PATH}:/opt/ros/humble /usr/bin/cmake --build /home/abc/ROS2_SIM_WS/build/demo_stage_sim -- -j4 -l4
[0.644s] Invoked command in '/home/abc/ROS2_SIM_WS/build/demo_stage_sim' returned '0': CMAKE_PREFIX_PATH=${CMAKE_PREFIX_PATH}:/opt/ros/humble /usr/bin/cmake --build /home/abc/ROS2_SIM_WS/build/demo_stage_sim -- -j4 -l4
[0.648s] Invoking command in '/home/abc/ROS2_SIM_WS/build/demo_stage_sim': CMAKE_PREFIX_PATH=${CMAKE_PREFIX_PATH}:/opt/ros/humble /usr/bin/cmake --install /home/abc/ROS2_SIM_WS/build/demo_stage_sim
[0.653s] -- Install configuration: ""
[0.653s] -- Installing: /home/abc/ROS2_SIM_WS/install/demo_stage_sim/share/demo_stage_sim/launch
[0.653s] -- Installing: /home/abc/ROS2_SIM_WS/install/demo_stage_sim/share/demo_stage_sim/launch/sim.launch.py
[0.654s] -- Installing: /home/abc/ROS2_SIM_WS/install/demo_stage_sim/share/demo_stage_sim/world
[0.654s] -- Installing: /home/abc/ROS2_SIM_WS/install/demo_stage_sim/share/demo_stage_sim/world/sim_world
[0.654s] -- Installing: /home/abc/ROS2_SIM_WS/install/demo_stage_sim/share/ament_index/resource_index/package_run_dependencies/demo_stage_sim
[0.654s] -- Installing: /home/abc/ROS2_SIM_WS/install/demo_stage_sim/share/ament_index/resource_index/parent_prefix_path/demo_stage_sim
[0.654s] -- Installing: /home/abc/ROS2_SIM_WS/install/demo_stage_sim/share/demo_stage_sim/environment/ament_prefix_path.sh
[0.654s] -- Installing: /home/abc/ROS2_SIM_WS/install/demo_stage_sim/share/demo_stage_sim/environment/ament_prefix_path.dsv
[0.654s] -- Installing: /home/abc/ROS2_SIM_WS/install/demo_stage_sim/share/demo_stage_sim/environment/path.sh
[0.654s] -- Installing: /home/abc/ROS2_SIM_WS/install/demo_stage_sim/share/demo_stage_sim/environment/path.dsv
[0.654s] -- Installing: /home/abc/ROS2_SIM_WS/install/demo_stage_sim/share/demo_stage_sim/local_setup.bash
[0.654s] -- Installing: /home/abc/ROS2_SIM_WS/install/demo_stage_sim/share/demo_stage_sim/local_setup.sh
[0.654s] -- Installing: /home/abc/ROS2_SIM_WS/install/demo_stage_sim/share/demo_stage_sim/local_setup.zsh
[0.654s] -- Installing: /home/abc/ROS2_SIM_WS/install/demo_stage_sim/share/demo_stage_sim/local_setup.dsv
[0.654s] -- Installing: /home/abc/ROS2_SIM_WS/install/demo_stage_sim/share/demo_stage_sim/package.dsv
[0.654s] -- Installing: /home/abc/ROS2_SIM_WS/install/demo_stage_sim/share/ament_index/resource_index/packages/demo_stage_sim
[0.654s] -- Installing: /home/abc/ROS2_SIM_WS/install/demo_stage_sim/share/demo_stage_sim/cmake/demo_stage_simConfig.cmake
[0.654s] -- Installing: /home/abc/ROS2_SIM_WS/install/demo_stage_sim/share/demo_stage_sim/cmake/demo_stage_simConfig-version.cmake
[0.654s] -- Installing: /home/abc/ROS2_SIM_WS/install/demo_stage_sim/share/demo_stage_sim/package.xml
[0.655s] Invoked command in '/home/abc/ROS2_SIM_WS/build/demo_stage_sim' returned '0': CMAKE_PREFIX_PATH=${CMAKE_PREFIX_PATH}:/opt/ros/humble /usr/bin/cmake --install /home/abc/ROS2_SIM_WS/build/demo_stage_sim
