[0.759s] Invoking command in '/home/abc/ws01_plumbing/src/py05_names': PYTHONPATH=/home/abc/ws01_plumbing/build/py05_names/prefix_override:/usr/lib/python3/dist-packages/colcon_core/task/python/colcon_distutils_commands:/home/abc/ws01_plumbing/install/py05_names/lib/python3.10/site-packages:${PYTHONPATH} /usr/bin/python3 -W ignore:setup.py install is deprecated -W ignore:easy_install command is deprecated setup.py egg_info --egg-base ../../build/py05_names build --build-base /home/abc/ws01_plumbing/build/py05_names/build install --record /home/abc/ws01_plumbing/build/py05_names/install.log --single-version-externally-managed install_data
[0.941s] running egg_info
[0.942s] creating ../../build/py05_names/py05_names.egg-info
[0.942s] writing ../../build/py05_names/py05_names.egg-info/PKG-INFO
[0.942s] writing dependency_links to ../../build/py05_names/py05_names.egg-info/dependency_links.txt
[0.942s] writing entry points to ../../build/py05_names/py05_names.egg-info/entry_points.txt
[0.942s] writing requirements to ../../build/py05_names/py05_names.egg-info/requires.txt
[0.942s] writing top-level names to ../../build/py05_names/py05_names.egg-info/top_level.txt
[0.942s] writing manifest file '../../build/py05_names/py05_names.egg-info/SOURCES.txt'
[0.944s] reading manifest file '../../build/py05_names/py05_names.egg-info/SOURCES.txt'
[0.944s] writing manifest file '../../build/py05_names/py05_names.egg-info/SOURCES.txt'
[0.944s] running build
[0.944s] running build_py
[0.944s] creating /home/abc/ws01_plumbing/build/py05_names/build
[0.944s] creating /home/abc/ws01_plumbing/build/py05_names/build/lib
[0.944s] creating /home/abc/ws01_plumbing/build/py05_names/build/lib/py05_names
[0.944s] copying py05_names/demo1_names_py.py -> /home/abc/ws01_plumbing/build/py05_names/build/lib/py05_names
[0.946s] copying py05_names/__init__.py -> /home/abc/ws01_plumbing/build/py05_names/build/lib/py05_names
[0.946s] running install
[0.947s] running install_lib
[0.947s] creating /home/abc/ws01_plumbing/install/py05_names/lib/python3.10/site-packages/py05_names
[0.947s] copying /home/abc/ws01_plumbing/build/py05_names/build/lib/py05_names/demo1_names_py.py -> /home/abc/ws01_plumbing/install/py05_names/lib/python3.10/site-packages/py05_names
[0.947s] copying /home/abc/ws01_plumbing/build/py05_names/build/lib/py05_names/__init__.py -> /home/abc/ws01_plumbing/install/py05_names/lib/python3.10/site-packages/py05_names
[0.948s] byte-compiling /home/abc/ws01_plumbing/install/py05_names/lib/python3.10/site-packages/py05_names/demo1_names_py.py to demo1_names_py.cpython-310.pyc
[0.948s] byte-compiling /home/abc/ws01_plumbing/install/py05_names/lib/python3.10/site-packages/py05_names/__init__.py to __init__.cpython-310.pyc
[0.948s] running install_data
[0.948s] creating /home/abc/ws01_plumbing/install/py05_names/share/ament_index
[0.948s] creating /home/abc/ws01_plumbing/install/py05_names/share/ament_index/resource_index
[0.948s] creating /home/abc/ws01_plumbing/install/py05_names/share/ament_index/resource_index/packages
[0.948s] copying resource/py05_names -> /home/abc/ws01_plumbing/install/py05_names/share/ament_index/resource_index/packages
[0.948s] copying package.xml -> /home/abc/ws01_plumbing/install/py05_names/share/py05_names
[0.949s] running install_egg_info
[0.952s] Copying ../../build/py05_names/py05_names.egg-info to /home/abc/ws01_plumbing/install/py05_names/lib/python3.10/site-packages/py05_names-0.0.0-py3.10.egg-info
[0.952s] running install_scripts
[0.974s] Installing demo1_names_py script to /home/abc/ws01_plumbing/install/py05_names/lib/py05_names
[0.975s] writing list of installed files to '/home/abc/ws01_plumbing/build/py05_names/install.log'
[1.015s] Invoked command in '/home/abc/ws01_plumbing/src/py05_names' returned '0': PYTHONPATH=/home/abc/ws01_plumbing/build/py05_names/prefix_override:/usr/lib/python3/dist-packages/colcon_core/task/python/colcon_distutils_commands:/home/abc/ws01_plumbing/install/py05_names/lib/python3.10/site-packages:${PYTHONPATH} /usr/bin/python3 -W ignore:setup.py install is deprecated -W ignore:easy_install command is deprecated setup.py egg_info --egg-base ../../build/py05_names build --build-base /home/abc/ws01_plumbing/build/py05_names/build install --record /home/abc/ws01_plumbing/build/py05_names/install.log --single-version-externally-managed install_data
