[0.012s] Invoking command in '/home/abc/ROS2_SIM_WS/build/demo_gazebo_sim': CMAKE_PREFIX_PATH=/opt/ros/humble /usr/bin/cmake /home/abc/ROS2_SIM_WS/src/sim_gazebo/demo_gazebo_sim -DCMAKE_INSTALL_PREFIX=/home/abc/ROS2_SIM_WS/install/demo_gazebo_sim
[0.184s] -- The C compiler identification is GNU 11.4.0
[0.294s] -- The CXX compiler identification is GNU 11.4.0
[0.307s] -- Detecting C compiler ABI info
[0.380s] -- Detecting C compiler ABI info - done
[0.384s] -- Check for working C compiler: /usr/bin/cc - skipped
[0.385s] -- Detecting C compile features
[0.386s] -- Detecting C compile features - done
[0.390s] -- Detecting CXX compiler ABI info
[0.456s] -- Detecting CXX compiler ABI info - done
[0.461s] -- Check for working CXX compiler: /usr/bin/c++ - skipped
[0.461s] -- Detecting CXX compile features
[0.461s] -- Detecting CXX compile features - done
[0.470s] -- Found ament_cmake: 1.3.11 (/opt/ros/humble/share/ament_cmake/cmake)
[0.591s] -- Found Python3: /usr/bin/python3 (found version "3.10.12") found components: Interpreter 
[0.711s] [31mCMake Error at CMakeLists.txt:14 (install):
[0.711s]   install does not recognize sub-command DIRECTOY
[0.711s] 
[0.711s] [0m
[0.712s] -- Found ament_lint_auto: 0.12.11 (/opt/ros/humble/share/ament_lint_auto/cmake)
[0.785s] -- Added test 'lint_cmake' to check CMake code style
[0.787s] -- Added test 'xmllint' to check XML markup files
[0.790s] -- Configuring incomplete, errors occurred!
[0.790s] See also "/home/abc/ROS2_SIM_WS/build/demo_gazebo_sim/CMakeFiles/CMakeOutput.log".
[0.793s] Invoked command in '/home/abc/ROS2_SIM_WS/build/demo_gazebo_sim' returned '1': CMAKE_PREFIX_PATH=/opt/ros/humble /usr/bin/cmake /home/abc/ROS2_SIM_WS/src/sim_gazebo/demo_gazebo_sim -DCMAKE_INSTALL_PREFIX=/home/abc/ROS2_SIM_WS/install/demo_gazebo_sim
