[0.031s] Invoking command in '/home/abc/ROS2_SIM_WS/build/demo_stage_sim': AMENT_PREFIX_PATH=/home/abc/ROS2_SIM_WS/install/stage_ros2:${AMENT_PREFIX_PATH} CMAKE_PREFIX_PATH=/home/abc/ROS2_SIM_WS/install/stage_ros2:/home/abc/ROS2_SIM_WS/install/Stage:/opt/ros/humble LD_LIBRARY_PATH=/home/abc/ROS2_SIM_WS/install/stage_ros2/lib:/home/abc/ROS2_SIM_WS/install/Stage/lib:${LD_LIBRARY_PATH} PATH=/home/abc/ROS2_SIM_WS/install/Stage/bin:${PATH} /usr/bin/cmake --build /home/abc/ROS2_SIM_WS/build/demo_stage_sim -- -j4 -l4
[0.084s] Invoked command in '/home/abc/ROS2_SIM_WS/build/demo_stage_sim' returned '0': AMENT_PREFIX_PATH=/home/abc/ROS2_SIM_WS/install/stage_ros2:${AMENT_PREFIX_PATH} CMAKE_PREFIX_PATH=/home/abc/ROS2_SIM_WS/install/stage_ros2:/home/abc/ROS2_SIM_WS/install/Stage:/opt/ros/humble LD_LIBRARY_PATH=/home/abc/ROS2_SIM_WS/install/stage_ros2/lib:/home/abc/ROS2_SIM_WS/install/Stage/lib:${LD_LIBRARY_PATH} PATH=/home/abc/ROS2_SIM_WS/install/Stage/bin:${PATH} /usr/bin/cmake --build /home/abc/ROS2_SIM_WS/build/demo_stage_sim -- -j4 -l4
[0.094s] Invoking command in '/home/abc/ROS2_SIM_WS/build/demo_stage_sim': AMENT_PREFIX_PATH=/home/abc/ROS2_SIM_WS/install/stage_ros2:${AMENT_PREFIX_PATH} CMAKE_PREFIX_PATH=/home/abc/ROS2_SIM_WS/install/stage_ros2:/home/abc/ROS2_SIM_WS/install/Stage:/opt/ros/humble LD_LIBRARY_PATH=/home/abc/ROS2_SIM_WS/install/stage_ros2/lib:/home/abc/ROS2_SIM_WS/install/Stage/lib:${LD_LIBRARY_PATH} PATH=/home/abc/ROS2_SIM_WS/install/Stage/bin:${PATH} /usr/bin/cmake --install /home/abc/ROS2_SIM_WS/build/demo_stage_sim
[0.100s] -- Install configuration: ""
[0.100s] -- Up-to-date: /home/abc/ROS2_SIM_WS/install/demo_stage_sim/share/demo_stage_sim/launch
[0.100s] -- Up-to-date: /home/abc/ROS2_SIM_WS/install/demo_stage_sim/share/demo_stage_sim/launch/sim.launch.py
[0.100s] -- Up-to-date: /home/abc/ROS2_SIM_WS/install/demo_stage_sim/share/demo_stage_sim/world
[0.100s] -- Installing: /home/abc/ROS2_SIM_WS/install/demo_stage_sim/share/demo_stage_sim/world/sim_world
[0.100s] -- Up-to-date: /home/abc/ROS2_SIM_WS/install/demo_stage_sim/share/ament_index/resource_index/package_run_dependencies/demo_stage_sim
[0.100s] -- Up-to-date: /home/abc/ROS2_SIM_WS/install/demo_stage_sim/share/ament_index/resource_index/parent_prefix_path/demo_stage_sim
[0.100s] -- Up-to-date: /home/abc/ROS2_SIM_WS/install/demo_stage_sim/share/demo_stage_sim/environment/ament_prefix_path.sh
[0.101s] -- Up-to-date: /home/abc/ROS2_SIM_WS/install/demo_stage_sim/share/demo_stage_sim/environment/ament_prefix_path.dsv
[0.101s] -- Up-to-date: /home/abc/ROS2_SIM_WS/install/demo_stage_sim/share/demo_stage_sim/environment/path.sh
[0.101s] -- Up-to-date: /home/abc/ROS2_SIM_WS/install/demo_stage_sim/share/demo_stage_sim/environment/path.dsv
[0.101s] -- Up-to-date: /home/abc/ROS2_SIM_WS/install/demo_stage_sim/share/demo_stage_sim/local_setup.bash
[0.101s] -- Up-to-date: /home/abc/ROS2_SIM_WS/install/demo_stage_sim/share/demo_stage_sim/local_setup.sh
[0.101s] -- Up-to-date: /home/abc/ROS2_SIM_WS/install/demo_stage_sim/share/demo_stage_sim/local_setup.zsh
[0.101s] -- Up-to-date: /home/abc/ROS2_SIM_WS/install/demo_stage_sim/share/demo_stage_sim/local_setup.dsv
[0.101s] -- Installing: /home/abc/ROS2_SIM_WS/install/demo_stage_sim/share/demo_stage_sim/package.dsv
[0.102s] -- Up-to-date: /home/abc/ROS2_SIM_WS/install/demo_stage_sim/share/ament_index/resource_index/packages/demo_stage_sim
[0.102s] -- Up-to-date: /home/abc/ROS2_SIM_WS/install/demo_stage_sim/share/demo_stage_sim/cmake/demo_stage_simConfig.cmake
[0.102s] -- Up-to-date: /home/abc/ROS2_SIM_WS/install/demo_stage_sim/share/demo_stage_sim/cmake/demo_stage_simConfig-version.cmake
[0.102s] -- Up-to-date: /home/abc/ROS2_SIM_WS/install/demo_stage_sim/share/demo_stage_sim/package.xml
[0.104s] Invoked command in '/home/abc/ROS2_SIM_WS/build/demo_stage_sim' returned '0': AMENT_PREFIX_PATH=/home/abc/ROS2_SIM_WS/install/stage_ros2:${AMENT_PREFIX_PATH} CMAKE_PREFIX_PATH=/home/abc/ROS2_SIM_WS/install/stage_ros2:/home/abc/ROS2_SIM_WS/install/Stage:/opt/ros/humble LD_LIBRARY_PATH=/home/abc/ROS2_SIM_WS/install/stage_ros2/lib:/home/abc/ROS2_SIM_WS/install/Stage/lib:${LD_LIBRARY_PATH} PATH=/home/abc/ROS2_SIM_WS/install/Stage/bin:${PATH} /usr/bin/cmake --install /home/abc/ROS2_SIM_WS/build/demo_stage_sim
