[0.007s] Invoking command in '/home/abc/ROS2_SIM_WS/build/demo_gazebo_sim': CMAKE_PREFIX_PATH=/opt/ros/humble /usr/bin/cmake /home/abc/ROS2_SIM_WS/src/sim_gazebo/demo_gazebo_sim -DCMAKE_INSTALL_PREFIX=/home/abc/ROS2_SIM_WS/install/demo_gazebo_sim
[0.016s] -- Found ament_cmake: 1.3.11 (/opt/ros/humble/share/ament_cmake/cmake)
[0.098s] -- Found ament_lint_auto: 0.12.11 (/opt/ros/humble/share/ament_lint_auto/cmake)
[0.145s] -- Added test 'flake8' to check Python code syntax and style conventions
[0.145s] -- Added test 'lint_cmake' to check CMake code style
[0.145s] -- Added test 'pep257' to check Python code against some of the docstring style conventions in PEP 257
[0.146s] -- Added test 'xmllint' to check XML markup files
[0.146s] -- Configuring done
[0.149s] -- Generating done
[0.151s] -- Build files have been written to: /home/abc/ROS2_SIM_WS/build/demo_gazebo_sim
[0.153s] Invoked command in '/home/abc/ROS2_SIM_WS/build/demo_gazebo_sim' returned '0': CMAKE_PREFIX_PATH=/opt/ros/humble /usr/bin/cmake /home/abc/ROS2_SIM_WS/src/sim_gazebo/demo_gazebo_sim -DCMAKE_INSTALL_PREFIX=/home/abc/ROS2_SIM_WS/install/demo_gazebo_sim
[0.155s] Invoking command in '/home/abc/ROS2_SIM_WS/build/demo_gazebo_sim': CMAKE_PREFIX_PATH=/opt/ros/humble /usr/bin/cmake --build /home/abc/ROS2_SIM_WS/build/demo_gazebo_sim -- -j4 -l4
[0.178s] Invoked command in '/home/abc/ROS2_SIM_WS/build/demo_gazebo_sim' returned '0': CMAKE_PREFIX_PATH=/opt/ros/humble /usr/bin/cmake --build /home/abc/ROS2_SIM_WS/build/demo_gazebo_sim -- -j4 -l4
[0.185s] Invoking command in '/home/abc/ROS2_SIM_WS/build/demo_gazebo_sim': CMAKE_PREFIX_PATH=/opt/ros/humble /usr/bin/cmake --install /home/abc/ROS2_SIM_WS/build/demo_gazebo_sim
[0.190s] -- Install configuration: ""
[0.190s] -- Installing: /home/abc/ROS2_SIM_WS/install/demo_gazebo_sim/share/demo_gazebo_sim/launch
[0.190s] -- Installing: /home/abc/ROS2_SIM_WS/install/demo_gazebo_sim/share/demo_gazebo_sim/launch/gazebo_sim_demo.launch.py
[0.190s] -- Installing: /home/abc/ROS2_SIM_WS/install/demo_gazebo_sim/share/demo_gazebo_sim/rviz
[0.190s] -- Installing: /home/abc/ROS2_SIM_WS/install/demo_gazebo_sim/share/demo_gazebo_sim/rviz/sim.rviz
[0.190s] -- Installing: /home/abc/ROS2_SIM_WS/install/demo_gazebo_sim/share/demo_gazebo_sim/world
[0.191s] -- Installing: /home/abc/ROS2_SIM_WS/install/demo_gazebo_sim/share/demo_gazebo_sim/world/visualize_lidar.sdf
[0.191s] -- Installing: /home/abc/ROS2_SIM_WS/install/demo_gazebo_sim/share/ament_index/resource_index/package_run_dependencies/demo_gazebo_sim
[0.191s] -- Installing: /home/abc/ROS2_SIM_WS/install/demo_gazebo_sim/share/ament_index/resource_index/parent_prefix_path/demo_gazebo_sim
[0.191s] -- Installing: /home/abc/ROS2_SIM_WS/install/demo_gazebo_sim/share/demo_gazebo_sim/environment/ament_prefix_path.sh
[0.191s] -- Installing: /home/abc/ROS2_SIM_WS/install/demo_gazebo_sim/share/demo_gazebo_sim/environment/ament_prefix_path.dsv
[0.191s] -- Installing: /home/abc/ROS2_SIM_WS/install/demo_gazebo_sim/share/demo_gazebo_sim/environment/path.sh
[0.191s] -- Installing: /home/abc/ROS2_SIM_WS/install/demo_gazebo_sim/share/demo_gazebo_sim/environment/path.dsv
[0.191s] -- Installing: /home/abc/ROS2_SIM_WS/install/demo_gazebo_sim/share/demo_gazebo_sim/local_setup.bash
[0.191s] -- Installing: /home/abc/ROS2_SIM_WS/install/demo_gazebo_sim/share/demo_gazebo_sim/local_setup.sh
[0.191s] -- Installing: /home/abc/ROS2_SIM_WS/install/demo_gazebo_sim/share/demo_gazebo_sim/local_setup.zsh
[0.191s] -- Installing: /home/abc/ROS2_SIM_WS/install/demo_gazebo_sim/share/demo_gazebo_sim/local_setup.dsv
[0.191s] -- Installing: /home/abc/ROS2_SIM_WS/install/demo_gazebo_sim/share/demo_gazebo_sim/package.dsv
[0.192s] -- Installing: /home/abc/ROS2_SIM_WS/install/demo_gazebo_sim/share/ament_index/resource_index/packages/demo_gazebo_sim
[0.192s] -- Installing: /home/abc/ROS2_SIM_WS/install/demo_gazebo_sim/share/demo_gazebo_sim/cmake/demo_gazebo_simConfig.cmake
[0.192s] -- Installing: /home/abc/ROS2_SIM_WS/install/demo_gazebo_sim/share/demo_gazebo_sim/cmake/demo_gazebo_simConfig-version.cmake
[0.193s] -- Installing: /home/abc/ROS2_SIM_WS/install/demo_gazebo_sim/share/demo_gazebo_sim/package.xml
[0.193s] Invoked command in '/home/abc/ROS2_SIM_WS/build/demo_gazebo_sim' returned '0': CMAKE_PREFIX_PATH=/opt/ros/humble /usr/bin/cmake --install /home/abc/ROS2_SIM_WS/build/demo_gazebo_sim
