[0.074s] DEBUG:colcon:Command line arguments: ['/usr/bin/colcon', 'build']
[0.074s] DEBUG:colcon:Parsed command line arguments: Namespace(log_base=None, log_level=None, verb_name='build', build_base='build', install_base='install', merge_install=False, symlink_install=False, test_result_base=None, continue_on_error=False, executor='parallel', parallel_workers=4, event_handlers=None, ignore_user_meta=False, metas=['./colcon.meta'], base_paths=['.'], packages_ignore=None, packages_ignore_regex=None, paths=None, packages_up_to=None, packages_up_to_regex=None, packages_above=None, packages_above_and_dependencies=None, packages_above_depth=None, packages_select_by_dep=None, packages_skip_by_dep=None, packages_skip_up_to=None, packages_select_build_failed=False, packages_skip_build_finished=False, packages_select_test_failures=False, packages_skip_test_passed=False, packages_select=None, packages_skip=None, packages_select_regex=None, packages_skip_regex=None, packages_start=None, packages_end=None, allow_overriding=[], cmake_args=None, cmake_target=None, cmake_target_skip_unavailable=False, cmake_clean_cache=False, cmake_clean_first=False, cmake_force_configure=False, ament_cmake_args=None, catkin_cmake_args=None, catkin_skip_building_tests=False, verb_parser=<colcon_defaults.argument_parser.defaults.DefaultArgumentsDecorator object at 0x79b64693a7d0>, verb_extension=<colcon_core.verb.build.BuildVerb object at 0x79b646a2bd00>, main=<bound method BuildVerb.main of <colcon_core.verb.build.BuildVerb object at 0x79b646a2bd00>>)
[0.179s] Level 1:colcon.colcon_core.package_discovery:discover_packages(colcon_meta) check parameters
[0.180s] Level 1:colcon.colcon_core.package_discovery:discover_packages(recursive) check parameters
[0.180s] Level 1:colcon.colcon_core.package_discovery:discover_packages(ignore) check parameters
[0.180s] Level 1:colcon.colcon_core.package_discovery:discover_packages(path) check parameters
[0.180s] Level 1:colcon.colcon_core.package_discovery:discover_packages(colcon_meta) discover
[0.180s] Level 1:colcon.colcon_core.package_discovery:discover_packages(recursive) discover
[0.180s] INFO:colcon.colcon_core.package_discovery:Crawling recursively for packages in '/home/abc/ROS2_VOICE_WS/src'
[0.180s] Level 1:colcon.colcon_core.package_identification:_identify(.) by extensions ['ignore', 'ignore_ament_install']
[0.180s] Level 1:colcon.colcon_core.package_identification:_identify(.) by extension 'ignore'
[0.180s] Level 1:colcon.colcon_core.package_identification:_identify(.) by extension 'ignore_ament_install'
[0.180s] Level 1:colcon.colcon_core.package_identification:_identify(.) by extensions ['colcon_pkg']
[0.180s] Level 1:colcon.colcon_core.package_identification:_identify(.) by extension 'colcon_pkg'
[0.180s] Level 1:colcon.colcon_core.package_identification:_identify(.) by extensions ['colcon_meta']
[0.180s] Level 1:colcon.colcon_core.package_identification:_identify(.) by extension 'colcon_meta'
[0.180s] Level 1:colcon.colcon_core.package_identification:_identify(.) by extensions ['ros']
[0.180s] Level 1:colcon.colcon_core.package_identification:_identify(.) by extension 'ros'
[0.187s] Level 1:colcon.colcon_core.package_identification:_identify(.) by extensions ['cmake', 'python']
[0.188s] Level 1:colcon.colcon_core.package_identification:_identify(.) by extension 'cmake'
[0.188s] Level 1:colcon.colcon_core.package_identification:_identify(.) by extension 'python'
[0.188s] Level 1:colcon.colcon_core.package_identification:_identify(.) by extensions ['python_setup_py']
[0.188s] Level 1:colcon.colcon_core.package_identification:_identify(.) by extension 'python_setup_py'
[0.188s] Level 1:colcon.colcon_core.package_identification:_identify(baidu) by extensions ['ignore', 'ignore_ament_install']
[0.188s] Level 1:colcon.colcon_core.package_identification:_identify(baidu) by extension 'ignore'
[0.188s] Level 1:colcon.colcon_core.package_identification:_identify(baidu) by extension 'ignore_ament_install'
[0.188s] Level 1:colcon.colcon_core.package_identification:_identify(baidu) by extensions ['colcon_pkg']
[0.188s] Level 1:colcon.colcon_core.package_identification:_identify(baidu) by extension 'colcon_pkg'
[0.188s] Level 1:colcon.colcon_core.package_identification:_identify(baidu) by extensions ['colcon_meta']
[0.188s] Level 1:colcon.colcon_core.package_identification:_identify(baidu) by extension 'colcon_meta'
[0.188s] Level 1:colcon.colcon_core.package_identification:_identify(baidu) by extensions ['ros']
[0.188s] Level 1:colcon.colcon_core.package_identification:_identify(baidu) by extension 'ros'
[0.188s] Level 1:colcon.colcon_core.package_identification:_identify(baidu) by extensions ['cmake', 'python']
[0.188s] Level 1:colcon.colcon_core.package_identification:_identify(baidu) by extension 'cmake'
[0.188s] Level 1:colcon.colcon_core.package_identification:_identify(baidu) by extension 'python'
[0.188s] Level 1:colcon.colcon_core.package_identification:_identify(baidu) by extensions ['python_setup_py']
[0.188s] Level 1:colcon.colcon_core.package_identification:_identify(baidu) by extension 'python_setup_py'
[0.188s] Level 1:colcon.colcon_core.package_identification:_identify(build) by extensions ['ignore', 'ignore_ament_install']
[0.188s] Level 1:colcon.colcon_core.package_identification:_identify(build) by extension 'ignore'
[0.188s] Level 1:colcon.colcon_core.package_identification:_identify(build) ignored
[0.188s] Level 1:colcon.colcon_core.package_identification:_identify(install) by extensions ['ignore', 'ignore_ament_install']
[0.188s] Level 1:colcon.colcon_core.package_identification:_identify(install) by extension 'ignore'
[0.188s] Level 1:colcon.colcon_core.package_identification:_identify(install) ignored
[0.188s] Level 1:colcon.colcon_core.package_identification:_identify(log) by extensions ['ignore', 'ignore_ament_install']
[0.188s] Level 1:colcon.colcon_core.package_identification:_identify(log) by extension 'ignore'
[0.188s] Level 1:colcon.colcon_core.package_identification:_identify(log) ignored
[0.188s] Level 1:colcon.colcon_core.package_identification:_identify(msc) by extensions ['ignore', 'ignore_ament_install']
[0.189s] Level 1:colcon.colcon_core.package_identification:_identify(msc) by extension 'ignore'
[0.189s] Level 1:colcon.colcon_core.package_identification:_identify(msc) by extension 'ignore_ament_install'
[0.189s] Level 1:colcon.colcon_core.package_identification:_identify(msc) by extensions ['colcon_pkg']
[0.189s] Level 1:colcon.colcon_core.package_identification:_identify(msc) by extension 'colcon_pkg'
[0.189s] Level 1:colcon.colcon_core.package_identification:_identify(msc) by extensions ['colcon_meta']
[0.189s] Level 1:colcon.colcon_core.package_identification:_identify(msc) by extension 'colcon_meta'
[0.189s] Level 1:colcon.colcon_core.package_identification:_identify(msc) by extensions ['ros']
[0.189s] Level 1:colcon.colcon_core.package_identification:_identify(msc) by extension 'ros'
[0.189s] Level 1:colcon.colcon_core.package_identification:_identify(msc) by extensions ['cmake', 'python']
[0.189s] Level 1:colcon.colcon_core.package_identification:_identify(msc) by extension 'cmake'
[0.189s] Level 1:colcon.colcon_core.package_identification:_identify(msc) by extension 'python'
[0.189s] Level 1:colcon.colcon_core.package_identification:_identify(msc) by extensions ['python_setup_py']
[0.189s] Level 1:colcon.colcon_core.package_identification:_identify(msc) by extension 'python_setup_py'
[0.189s] Level 1:colcon.colcon_core.package_identification:_identify(msc/3da94ea01b9b345d89bec771ebefa916) by extensions ['ignore', 'ignore_ament_install']
[0.189s] Level 1:colcon.colcon_core.package_identification:_identify(msc/3da94ea01b9b345d89bec771ebefa916) by extension 'ignore'
[0.189s] Level 1:colcon.colcon_core.package_identification:_identify(msc/3da94ea01b9b345d89bec771ebefa916) by extension 'ignore_ament_install'
[0.189s] Level 1:colcon.colcon_core.package_identification:_identify(msc/3da94ea01b9b345d89bec771ebefa916) by extensions ['colcon_pkg']
[0.189s] Level 1:colcon.colcon_core.package_identification:_identify(msc/3da94ea01b9b345d89bec771ebefa916) by extension 'colcon_pkg'
[0.189s] Level 1:colcon.colcon_core.package_identification:_identify(msc/3da94ea01b9b345d89bec771ebefa916) by extensions ['colcon_meta']
[0.189s] Level 1:colcon.colcon_core.package_identification:_identify(msc/3da94ea01b9b345d89bec771ebefa916) by extension 'colcon_meta'
[0.189s] Level 1:colcon.colcon_core.package_identification:_identify(msc/3da94ea01b9b345d89bec771ebefa916) by extensions ['ros']
[0.189s] Level 1:colcon.colcon_core.package_identification:_identify(msc/3da94ea01b9b345d89bec771ebefa916) by extension 'ros'
[0.189s] Level 1:colcon.colcon_core.package_identification:_identify(msc/3da94ea01b9b345d89bec771ebefa916) by extensions ['cmake', 'python']
[0.189s] Level 1:colcon.colcon_core.package_identification:_identify(msc/3da94ea01b9b345d89bec771ebefa916) by extension 'cmake'
[0.189s] Level 1:colcon.colcon_core.package_identification:_identify(msc/3da94ea01b9b345d89bec771ebefa916) by extension 'python'
[0.189s] Level 1:colcon.colcon_core.package_identification:_identify(msc/3da94ea01b9b345d89bec771ebefa916) by extensions ['python_setup_py']
[0.189s] Level 1:colcon.colcon_core.package_identification:_identify(msc/3da94ea01b9b345d89bec771ebefa916) by extension 'python_setup_py'
[0.189s] Level 1:colcon.colcon_core.package_identification:_identify(voice_case) by extensions ['ignore', 'ignore_ament_install']
[0.189s] Level 1:colcon.colcon_core.package_identification:_identify(voice_case) by extension 'ignore'
[0.189s] Level 1:colcon.colcon_core.package_identification:_identify(voice_case) by extension 'ignore_ament_install'
[0.189s] Level 1:colcon.colcon_core.package_identification:_identify(voice_case) by extensions ['colcon_pkg']
[0.189s] Level 1:colcon.colcon_core.package_identification:_identify(voice_case) by extension 'colcon_pkg'
[0.189s] Level 1:colcon.colcon_core.package_identification:_identify(voice_case) by extensions ['colcon_meta']
[0.189s] Level 1:colcon.colcon_core.package_identification:_identify(voice_case) by extension 'colcon_meta'
[0.189s] Level 1:colcon.colcon_core.package_identification:_identify(voice_case) by extensions ['ros']
[0.189s] Level 1:colcon.colcon_core.package_identification:_identify(voice_case) by extension 'ros'
[0.191s] DEBUG:colcon.colcon_core.package_identification:Package 'voice_case' with type 'ros.ament_cmake' and name 'voice_case'
[0.191s] Level 1:colcon.colcon_core.package_identification:_identify(xf) by extensions ['ignore', 'ignore_ament_install']
[0.191s] Level 1:colcon.colcon_core.package_identification:_identify(xf) by extension 'ignore'
[0.191s] Level 1:colcon.colcon_core.package_identification:_identify(xf) by extension 'ignore_ament_install'
[0.192s] Level 1:colcon.colcon_core.package_identification:_identify(xf) by extensions ['colcon_pkg']
[0.192s] Level 1:colcon.colcon_core.package_identification:_identify(xf) by extension 'colcon_pkg'
[0.192s] Level 1:colcon.colcon_core.package_identification:_identify(xf) by extensions ['colcon_meta']
[0.192s] Level 1:colcon.colcon_core.package_identification:_identify(xf) by extension 'colcon_meta'
[0.192s] Level 1:colcon.colcon_core.package_identification:_identify(xf) by extensions ['ros']
[0.192s] Level 1:colcon.colcon_core.package_identification:_identify(xf) by extension 'ros'
[0.192s] Level 1:colcon.colcon_core.package_identification:_identify(xf) by extensions ['cmake', 'python']
[0.192s] Level 1:colcon.colcon_core.package_identification:_identify(xf) by extension 'cmake'
[0.192s] Level 1:colcon.colcon_core.package_identification:_identify(xf) by extension 'python'
[0.192s] Level 1:colcon.colcon_core.package_identification:_identify(xf) by extensions ['python_setup_py']
[0.192s] Level 1:colcon.colcon_core.package_identification:_identify(xf) by extension 'python_setup_py'
[0.192s] Level 1:colcon.colcon_core.package_identification:_identify(xf/ros2_xf_bridge) by extensions ['ignore', 'ignore_ament_install']
[0.192s] Level 1:colcon.colcon_core.package_identification:_identify(xf/ros2_xf_bridge) by extension 'ignore'
[0.192s] Level 1:colcon.colcon_core.package_identification:_identify(xf/ros2_xf_bridge) by extension 'ignore_ament_install'
[0.192s] Level 1:colcon.colcon_core.package_identification:_identify(xf/ros2_xf_bridge) by extensions ['colcon_pkg']
[0.192s] Level 1:colcon.colcon_core.package_identification:_identify(xf/ros2_xf_bridge) by extension 'colcon_pkg'
[0.192s] Level 1:colcon.colcon_core.package_identification:_identify(xf/ros2_xf_bridge) by extensions ['colcon_meta']
[0.192s] Level 1:colcon.colcon_core.package_identification:_identify(xf/ros2_xf_bridge) by extension 'colcon_meta'
[0.192s] Level 1:colcon.colcon_core.package_identification:_identify(xf/ros2_xf_bridge) by extensions ['ros']
[0.192s] Level 1:colcon.colcon_core.package_identification:_identify(xf/ros2_xf_bridge) by extension 'ros'
[0.193s] DEBUG:colcon.colcon_core.package_identification:Package 'xf/ros2_xf_bridge' with type 'ros.ament_cmake' and name 'ros2_xf_bridge'
[0.193s] Level 1:colcon.colcon_core.package_discovery:discover_packages(recursive) using defaults
[0.193s] Level 1:colcon.colcon_core.package_discovery:discover_packages(ignore) discover
[0.193s] Level 1:colcon.colcon_core.package_discovery:discover_packages(ignore) using defaults
[0.193s] Level 1:colcon.colcon_core.package_discovery:discover_packages(path) discover
[0.193s] Level 1:colcon.colcon_core.package_discovery:discover_packages(path) using defaults
[0.216s] Level 1:colcon.colcon_core.package_discovery:discover_packages(prefix_path) check parameters
[0.216s] Level 1:colcon.colcon_core.package_discovery:discover_packages(prefix_path) discover
[0.217s] DEBUG:colcon.colcon_installed_package_information.package_discovery:Found 337 installed packages in /opt/ros/humble
[0.218s] Level 1:colcon.colcon_core.package_discovery:discover_packages(prefix_path) using defaults
[0.243s] Level 5:colcon.colcon_core.verb:set package 'ros2_xf_bridge' build argument 'cmake_args' from command line to 'None'
[0.243s] Level 5:colcon.colcon_core.verb:set package 'ros2_xf_bridge' build argument 'cmake_target' from command line to 'None'
[0.243s] Level 5:colcon.colcon_core.verb:set package 'ros2_xf_bridge' build argument 'cmake_target_skip_unavailable' from command line to 'False'
[0.243s] Level 5:colcon.colcon_core.verb:set package 'ros2_xf_bridge' build argument 'cmake_clean_cache' from command line to 'False'
[0.243s] Level 5:colcon.colcon_core.verb:set package 'ros2_xf_bridge' build argument 'cmake_clean_first' from command line to 'False'
[0.243s] Level 5:colcon.colcon_core.verb:set package 'ros2_xf_bridge' build argument 'cmake_force_configure' from command line to 'False'
[0.243s] Level 5:colcon.colcon_core.verb:set package 'ros2_xf_bridge' build argument 'ament_cmake_args' from command line to 'None'
[0.243s] Level 5:colcon.colcon_core.verb:set package 'ros2_xf_bridge' build argument 'catkin_cmake_args' from command line to 'None'
[0.243s] Level 5:colcon.colcon_core.verb:set package 'ros2_xf_bridge' build argument 'catkin_skip_building_tests' from command line to 'False'
[0.243s] DEBUG:colcon.colcon_core.verb:Building package 'ros2_xf_bridge' with the following arguments: {'ament_cmake_args': None, 'build_base': '/home/abc/ROS2_VOICE_WS/src/build/ros2_xf_bridge', 'catkin_cmake_args': None, 'catkin_skip_building_tests': False, 'cmake_args': None, 'cmake_clean_cache': False, 'cmake_clean_first': False, 'cmake_force_configure': False, 'cmake_target': None, 'cmake_target_skip_unavailable': False, 'install_base': '/home/abc/ROS2_VOICE_WS/src/install/ros2_xf_bridge', 'merge_install': False, 'path': '/home/abc/ROS2_VOICE_WS/src/xf/ros2_xf_bridge', 'symlink_install': False, 'test_result_base': None}
[0.243s] Level 5:colcon.colcon_core.verb:set package 'voice_case' build argument 'cmake_args' from command line to 'None'
[0.243s] Level 5:colcon.colcon_core.verb:set package 'voice_case' build argument 'cmake_target' from command line to 'None'
[0.243s] Level 5:colcon.colcon_core.verb:set package 'voice_case' build argument 'cmake_target_skip_unavailable' from command line to 'False'
[0.243s] Level 5:colcon.colcon_core.verb:set package 'voice_case' build argument 'cmake_clean_cache' from command line to 'False'
[0.243s] Level 5:colcon.colcon_core.verb:set package 'voice_case' build argument 'cmake_clean_first' from command line to 'False'
[0.243s] Level 5:colcon.colcon_core.verb:set package 'voice_case' build argument 'cmake_force_configure' from command line to 'False'
[0.243s] Level 5:colcon.colcon_core.verb:set package 'voice_case' build argument 'ament_cmake_args' from command line to 'None'
[0.243s] Level 5:colcon.colcon_core.verb:set package 'voice_case' build argument 'catkin_cmake_args' from command line to 'None'
[0.243s] Level 5:colcon.colcon_core.verb:set package 'voice_case' build argument 'catkin_skip_building_tests' from command line to 'False'
[0.243s] DEBUG:colcon.colcon_core.verb:Building package 'voice_case' with the following arguments: {'ament_cmake_args': None, 'build_base': '/home/abc/ROS2_VOICE_WS/src/build/voice_case', 'catkin_cmake_args': None, 'catkin_skip_building_tests': False, 'cmake_args': None, 'cmake_clean_cache': False, 'cmake_clean_first': False, 'cmake_force_configure': False, 'cmake_target': None, 'cmake_target_skip_unavailable': False, 'install_base': '/home/abc/ROS2_VOICE_WS/src/install/voice_case', 'merge_install': False, 'path': '/home/abc/ROS2_VOICE_WS/src/voice_case', 'symlink_install': False, 'test_result_base': None}
[0.244s] INFO:colcon.colcon_core.executor:Executing jobs using 'parallel' executor
[0.244s] DEBUG:colcon.colcon_parallel_executor.executor.parallel:run_until_complete
[0.245s] INFO:colcon.colcon_ros.task.ament_cmake.build:Building ROS package in '/home/abc/ROS2_VOICE_WS/src/xf/ros2_xf_bridge' with build type 'ament_cmake'
[0.245s] INFO:colcon.colcon_cmake.task.cmake.build:Building CMake package in '/home/abc/ROS2_VOICE_WS/src/xf/ros2_xf_bridge'
[0.246s] INFO:colcon.colcon_core.plugin_system:Skipping extension 'colcon_core.shell.bat': Not used on non-Windows systems
[0.247s] INFO:colcon.colcon_core.shell:Skip shell extension 'powershell' for command environment: Not usable outside of PowerShell
[0.247s] DEBUG:colcon.colcon_core.shell:Skip shell extension 'dsv' for command environment
[0.249s] INFO:colcon.colcon_ros.task.ament_cmake.build:Building ROS package in '/home/abc/ROS2_VOICE_WS/src/voice_case' with build type 'ament_cmake'
[0.249s] INFO:colcon.colcon_cmake.task.cmake.build:Building CMake package in '/home/abc/ROS2_VOICE_WS/src/voice_case'
[0.249s] INFO:colcon.colcon_core.shell:Skip shell extension 'powershell' for command environment: Not usable outside of PowerShell
[0.249s] DEBUG:colcon.colcon_core.shell:Skip shell extension 'dsv' for command environment
[0.255s] DEBUG:colcon.colcon_core.event_handler.log_command:Invoking command in '/home/abc/ROS2_VOICE_WS/src/build/ros2_xf_bridge': CMAKE_PREFIX_PATH=/opt/ros/humble /usr/bin/cmake --build /home/abc/ROS2_VOICE_WS/src/build/ros2_xf_bridge -- -j4 -l4
[0.260s] DEBUG:colcon.colcon_core.event_handler.log_command:Invoking command in '/home/abc/ROS2_VOICE_WS/src/build/voice_case': CMAKE_PREFIX_PATH=/opt/ros/humble /usr/bin/cmake --build /home/abc/ROS2_VOICE_WS/src/build/voice_case -- -j4 -l4
[0.314s] DEBUG:colcon.colcon_core.event_handler.log_command:Invoked command in '/home/abc/ROS2_VOICE_WS/src/build/ros2_xf_bridge' returned '0': CMAKE_PREFIX_PATH=/opt/ros/humble /usr/bin/cmake --build /home/abc/ROS2_VOICE_WS/src/build/ros2_xf_bridge -- -j4 -l4
[0.321s] DEBUG:colcon.colcon_core.event_handler.log_command:Invoking command in '/home/abc/ROS2_VOICE_WS/src/build/ros2_xf_bridge': CMAKE_PREFIX_PATH=/opt/ros/humble /usr/bin/cmake --install /home/abc/ROS2_VOICE_WS/src/build/ros2_xf_bridge
[0.331s] Level 1:colcon.colcon_core.environment:create_environment_scripts_only(ros2_xf_bridge)
[0.334s] Level 1:colcon.colcon_core.environment:checking '/home/abc/ROS2_VOICE_WS/src/install/ros2_xf_bridge' for CMake module files
[0.335s] Level 1:colcon.colcon_core.environment:checking '/home/abc/ROS2_VOICE_WS/src/install/ros2_xf_bridge' for CMake config files
[0.335s] Level 1:colcon.colcon_core.shell:create_environment_hook('ros2_xf_bridge', 'cmake_prefix_path')
[0.335s] INFO:colcon.colcon_core.shell:Creating environment hook '/home/abc/ROS2_VOICE_WS/src/install/ros2_xf_bridge/share/ros2_xf_bridge/hook/cmake_prefix_path.ps1'
[0.336s] INFO:colcon.colcon_core.shell:Creating environment descriptor '/home/abc/ROS2_VOICE_WS/src/install/ros2_xf_bridge/share/ros2_xf_bridge/hook/cmake_prefix_path.dsv'
[0.337s] INFO:colcon.colcon_core.shell:Creating environment hook '/home/abc/ROS2_VOICE_WS/src/install/ros2_xf_bridge/share/ros2_xf_bridge/hook/cmake_prefix_path.sh'
[0.338s] Level 1:colcon.colcon_core.environment:checking '/home/abc/ROS2_VOICE_WS/src/install/ros2_xf_bridge/lib'
[0.338s] Level 1:colcon.colcon_core.environment:checking '/home/abc/ROS2_VOICE_WS/src/install/ros2_xf_bridge/bin'
[0.338s] Level 1:colcon.colcon_core.environment:checking '/home/abc/ROS2_VOICE_WS/src/install/ros2_xf_bridge/lib/pkgconfig/ros2_xf_bridge.pc'
[0.338s] Level 1:colcon.colcon_core.environment:checking '/home/abc/ROS2_VOICE_WS/src/install/ros2_xf_bridge/lib/python3.10/site-packages'
[0.338s] Level 1:colcon.colcon_core.environment:checking '/home/abc/ROS2_VOICE_WS/src/install/ros2_xf_bridge/bin'
[0.338s] INFO:colcon.colcon_core.shell:Creating package script '/home/abc/ROS2_VOICE_WS/src/install/ros2_xf_bridge/share/ros2_xf_bridge/package.ps1'
[0.340s] DEBUG:colcon.colcon_core.event_handler.log_command:Invoked command in '/home/abc/ROS2_VOICE_WS/src/build/ros2_xf_bridge' returned '0': CMAKE_PREFIX_PATH=/opt/ros/humble /usr/bin/cmake --install /home/abc/ROS2_VOICE_WS/src/build/ros2_xf_bridge
[0.340s] INFO:colcon.colcon_core.shell:Creating package descriptor '/home/abc/ROS2_VOICE_WS/src/install/ros2_xf_bridge/share/ros2_xf_bridge/package.dsv'
[0.340s] INFO:colcon.colcon_core.shell:Creating package script '/home/abc/ROS2_VOICE_WS/src/install/ros2_xf_bridge/share/ros2_xf_bridge/package.sh'
[0.341s] INFO:colcon.colcon_core.shell:Creating package script '/home/abc/ROS2_VOICE_WS/src/install/ros2_xf_bridge/share/ros2_xf_bridge/package.bash'
[0.341s] INFO:colcon.colcon_core.shell:Creating package script '/home/abc/ROS2_VOICE_WS/src/install/ros2_xf_bridge/share/ros2_xf_bridge/package.zsh'
[0.342s] Level 1:colcon.colcon_core.environment:create_file_with_runtime_dependencies(/home/abc/ROS2_VOICE_WS/src/install/ros2_xf_bridge/share/colcon-core/packages/ros2_xf_bridge)
[0.342s] Level 1:colcon.colcon_core.environment:create_environment_scripts_only(ros2_xf_bridge)
[0.343s] Level 1:colcon.colcon_core.environment:checking '/home/abc/ROS2_VOICE_WS/src/install/ros2_xf_bridge' for CMake module files
[0.343s] Level 1:colcon.colcon_core.environment:checking '/home/abc/ROS2_VOICE_WS/src/install/ros2_xf_bridge' for CMake config files
[0.343s] Level 1:colcon.colcon_core.shell:create_environment_hook('ros2_xf_bridge', 'cmake_prefix_path')
[0.343s] INFO:colcon.colcon_core.shell:Creating environment hook '/home/abc/ROS2_VOICE_WS/src/install/ros2_xf_bridge/share/ros2_xf_bridge/hook/cmake_prefix_path.ps1'
[0.343s] INFO:colcon.colcon_core.shell:Creating environment descriptor '/home/abc/ROS2_VOICE_WS/src/install/ros2_xf_bridge/share/ros2_xf_bridge/hook/cmake_prefix_path.dsv'
[0.344s] INFO:colcon.colcon_core.shell:Creating environment hook '/home/abc/ROS2_VOICE_WS/src/install/ros2_xf_bridge/share/ros2_xf_bridge/hook/cmake_prefix_path.sh'
[0.344s] Level 1:colcon.colcon_core.environment:checking '/home/abc/ROS2_VOICE_WS/src/install/ros2_xf_bridge/lib'
[0.344s] Level 1:colcon.colcon_core.environment:checking '/home/abc/ROS2_VOICE_WS/src/install/ros2_xf_bridge/bin'
[0.344s] Level 1:colcon.colcon_core.environment:checking '/home/abc/ROS2_VOICE_WS/src/install/ros2_xf_bridge/lib/pkgconfig/ros2_xf_bridge.pc'
[0.344s] Level 1:colcon.colcon_core.environment:checking '/home/abc/ROS2_VOICE_WS/src/install/ros2_xf_bridge/lib/python3.10/site-packages'
[0.345s] Level 1:colcon.colcon_core.environment:checking '/home/abc/ROS2_VOICE_WS/src/install/ros2_xf_bridge/bin'
[0.345s] INFO:colcon.colcon_core.shell:Creating package script '/home/abc/ROS2_VOICE_WS/src/install/ros2_xf_bridge/share/ros2_xf_bridge/package.ps1'
[0.345s] INFO:colcon.colcon_core.shell:Creating package descriptor '/home/abc/ROS2_VOICE_WS/src/install/ros2_xf_bridge/share/ros2_xf_bridge/package.dsv'
[0.346s] INFO:colcon.colcon_core.shell:Creating package script '/home/abc/ROS2_VOICE_WS/src/install/ros2_xf_bridge/share/ros2_xf_bridge/package.sh'
[0.346s] INFO:colcon.colcon_core.shell:Creating package script '/home/abc/ROS2_VOICE_WS/src/install/ros2_xf_bridge/share/ros2_xf_bridge/package.bash'
[0.347s] INFO:colcon.colcon_core.shell:Creating package script '/home/abc/ROS2_VOICE_WS/src/install/ros2_xf_bridge/share/ros2_xf_bridge/package.zsh'
[0.347s] Level 1:colcon.colcon_core.environment:create_file_with_runtime_dependencies(/home/abc/ROS2_VOICE_WS/src/install/ros2_xf_bridge/share/colcon-core/packages/ros2_xf_bridge)
[7.912s] DEBUG:colcon.colcon_core.event_handler.log_command:Invoked command in '/home/abc/ROS2_VOICE_WS/src/build/voice_case' returned '0': CMAKE_PREFIX_PATH=/opt/ros/humble /usr/bin/cmake --build /home/abc/ROS2_VOICE_WS/src/build/voice_case -- -j4 -l4
[7.914s] DEBUG:colcon.colcon_core.event_handler.log_command:Invoking command in '/home/abc/ROS2_VOICE_WS/src/build/voice_case': CMAKE_PREFIX_PATH=/opt/ros/humble /usr/bin/cmake --install /home/abc/ROS2_VOICE_WS/src/build/voice_case
[7.932s] Level 1:colcon.colcon_core.environment:create_environment_scripts_only(voice_case)
[7.933s] Level 1:colcon.colcon_core.environment:checking '/home/abc/ROS2_VOICE_WS/src/install/voice_case' for CMake module files
[7.933s] DEBUG:colcon.colcon_core.event_handler.log_command:Invoked command in '/home/abc/ROS2_VOICE_WS/src/build/voice_case' returned '0': CMAKE_PREFIX_PATH=/opt/ros/humble /usr/bin/cmake --install /home/abc/ROS2_VOICE_WS/src/build/voice_case
[7.933s] Level 1:colcon.colcon_core.environment:checking '/home/abc/ROS2_VOICE_WS/src/install/voice_case' for CMake config files
[7.934s] Level 1:colcon.colcon_core.shell:create_environment_hook('voice_case', 'cmake_prefix_path')
[7.934s] INFO:colcon.colcon_core.shell:Creating environment hook '/home/abc/ROS2_VOICE_WS/src/install/voice_case/share/voice_case/hook/cmake_prefix_path.ps1'
[7.935s] INFO:colcon.colcon_core.shell:Creating environment descriptor '/home/abc/ROS2_VOICE_WS/src/install/voice_case/share/voice_case/hook/cmake_prefix_path.dsv'
[7.935s] INFO:colcon.colcon_core.shell:Creating environment hook '/home/abc/ROS2_VOICE_WS/src/install/voice_case/share/voice_case/hook/cmake_prefix_path.sh'
[7.935s] Level 1:colcon.colcon_core.environment:checking '/home/abc/ROS2_VOICE_WS/src/install/voice_case/lib'
[7.935s] Level 1:colcon.colcon_core.environment:checking '/home/abc/ROS2_VOICE_WS/src/install/voice_case/bin'
[7.935s] Level 1:colcon.colcon_core.environment:checking '/home/abc/ROS2_VOICE_WS/src/install/voice_case/lib/pkgconfig/voice_case.pc'
[7.936s] Level 1:colcon.colcon_core.environment:checking '/home/abc/ROS2_VOICE_WS/src/install/voice_case/lib/python3.10/site-packages'
[7.936s] Level 1:colcon.colcon_core.environment:checking '/home/abc/ROS2_VOICE_WS/src/install/voice_case/bin'
[7.936s] INFO:colcon.colcon_core.shell:Creating package script '/home/abc/ROS2_VOICE_WS/src/install/voice_case/share/voice_case/package.ps1'
[7.937s] INFO:colcon.colcon_core.shell:Creating package descriptor '/home/abc/ROS2_VOICE_WS/src/install/voice_case/share/voice_case/package.dsv'
[7.937s] INFO:colcon.colcon_core.shell:Creating package script '/home/abc/ROS2_VOICE_WS/src/install/voice_case/share/voice_case/package.sh'
[7.938s] INFO:colcon.colcon_core.shell:Creating package script '/home/abc/ROS2_VOICE_WS/src/install/voice_case/share/voice_case/package.bash'
[7.938s] INFO:colcon.colcon_core.shell:Creating package script '/home/abc/ROS2_VOICE_WS/src/install/voice_case/share/voice_case/package.zsh'
[7.938s] Level 1:colcon.colcon_core.environment:create_file_with_runtime_dependencies(/home/abc/ROS2_VOICE_WS/src/install/voice_case/share/colcon-core/packages/voice_case)
[7.939s] Level 1:colcon.colcon_core.environment:create_environment_scripts_only(voice_case)
[7.939s] Level 1:colcon.colcon_core.environment:checking '/home/abc/ROS2_VOICE_WS/src/install/voice_case' for CMake module files
[7.939s] Level 1:colcon.colcon_core.environment:checking '/home/abc/ROS2_VOICE_WS/src/install/voice_case' for CMake config files
[7.940s] Level 1:colcon.colcon_core.shell:create_environment_hook('voice_case', 'cmake_prefix_path')
[7.940s] INFO:colcon.colcon_core.shell:Creating environment hook '/home/abc/ROS2_VOICE_WS/src/install/voice_case/share/voice_case/hook/cmake_prefix_path.ps1'
[7.940s] INFO:colcon.colcon_core.shell:Creating environment descriptor '/home/abc/ROS2_VOICE_WS/src/install/voice_case/share/voice_case/hook/cmake_prefix_path.dsv'
[7.940s] INFO:colcon.colcon_core.shell:Creating environment hook '/home/abc/ROS2_VOICE_WS/src/install/voice_case/share/voice_case/hook/cmake_prefix_path.sh'
[7.941s] Level 1:colcon.colcon_core.environment:checking '/home/abc/ROS2_VOICE_WS/src/install/voice_case/lib'
[7.941s] Level 1:colcon.colcon_core.environment:checking '/home/abc/ROS2_VOICE_WS/src/install/voice_case/bin'
[7.941s] Level 1:colcon.colcon_core.environment:checking '/home/abc/ROS2_VOICE_WS/src/install/voice_case/lib/pkgconfig/voice_case.pc'
[7.941s] Level 1:colcon.colcon_core.environment:checking '/home/abc/ROS2_VOICE_WS/src/install/voice_case/lib/python3.10/site-packages'
[7.941s] Level 1:colcon.colcon_core.environment:checking '/home/abc/ROS2_VOICE_WS/src/install/voice_case/bin'
[7.942s] INFO:colcon.colcon_core.shell:Creating package script '/home/abc/ROS2_VOICE_WS/src/install/voice_case/share/voice_case/package.ps1'
[7.942s] INFO:colcon.colcon_core.shell:Creating package descriptor '/home/abc/ROS2_VOICE_WS/src/install/voice_case/share/voice_case/package.dsv'
[7.942s] INFO:colcon.colcon_core.shell:Creating package script '/home/abc/ROS2_VOICE_WS/src/install/voice_case/share/voice_case/package.sh'
[7.943s] INFO:colcon.colcon_core.shell:Creating package script '/home/abc/ROS2_VOICE_WS/src/install/voice_case/share/voice_case/package.bash'
[7.943s] INFO:colcon.colcon_core.shell:Creating package script '/home/abc/ROS2_VOICE_WS/src/install/voice_case/share/voice_case/package.zsh'
[7.943s] Level 1:colcon.colcon_core.environment:create_file_with_runtime_dependencies(/home/abc/ROS2_VOICE_WS/src/install/voice_case/share/colcon-core/packages/voice_case)
[7.944s] DEBUG:colcon.colcon_parallel_executor.executor.parallel:closing loop
[7.944s] DEBUG:colcon.colcon_parallel_executor.executor.parallel:loop closed
[7.944s] DEBUG:colcon.colcon_parallel_executor.executor.parallel:run_until_complete finished with '0'
[7.945s] DEBUG:colcon.colcon_core.event_reactor:joining thread
[7.949s] INFO:colcon.colcon_core.plugin_system:Skipping extension 'colcon_notification.desktop_notification.terminal_notifier': Not used on non-Darwin systems
[7.949s] INFO:colcon.colcon_core.plugin_system:Skipping extension 'colcon_notification.desktop_notification.win32': Not used on non-Windows systems
[7.949s] INFO:colcon.colcon_notification.desktop_notification:Sending desktop notification using 'notify2'
[7.976s] DEBUG:colcon.colcon_core.event_reactor:joined thread
[7.977s] INFO:colcon.colcon_core.shell:Creating prefix script '/home/abc/ROS2_VOICE_WS/src/install/local_setup.ps1'
[7.978s] INFO:colcon.colcon_core.shell:Creating prefix util module '/home/abc/ROS2_VOICE_WS/src/install/_local_setup_util_ps1.py'
[7.979s] INFO:colcon.colcon_core.shell:Creating prefix chain script '/home/abc/ROS2_VOICE_WS/src/install/setup.ps1'
[7.980s] INFO:colcon.colcon_core.shell:Creating prefix script '/home/abc/ROS2_VOICE_WS/src/install/local_setup.sh'
[7.980s] INFO:colcon.colcon_core.shell:Creating prefix util module '/home/abc/ROS2_VOICE_WS/src/install/_local_setup_util_sh.py'
[7.981s] INFO:colcon.colcon_core.shell:Creating prefix chain script '/home/abc/ROS2_VOICE_WS/src/install/setup.sh'
[7.982s] INFO:colcon.colcon_core.shell:Creating prefix script '/home/abc/ROS2_VOICE_WS/src/install/local_setup.bash'
[7.984s] INFO:colcon.colcon_core.shell:Creating prefix chain script '/home/abc/ROS2_VOICE_WS/src/install/setup.bash'
[7.985s] INFO:colcon.colcon_core.shell:Creating prefix script '/home/abc/ROS2_VOICE_WS/src/install/local_setup.zsh'
[7.985s] INFO:colcon.colcon_core.shell:Creating prefix chain script '/home/abc/ROS2_VOICE_WS/src/install/setup.zsh'
