[0.023s] Invoking command in '/home/abc/ROS2_SIM_WS/build/ira_laser_tools': CMAKE_PREFIX_PATH=/opt/ros/humble /usr/bin/cmake /home/abc/ROS2_SIM_WS/src/sim_stage/ira_laser_tools -DCMAKE_INSTALL_PREFIX=/home/abc/ROS2_SIM_WS/install/ira_laser_tools
[0.045s] -- Found ament_cmake: 1.3.13 (/opt/ros/humble/share/ament_cmake/cmake)
[0.207s] -- Found rclcpp: 16.0.18 (/opt/ros/humble/share/rclcpp/cmake)
[0.253s] -- Found rosidl_generator_c: 3.1.8 (/opt/ros/humble/share/rosidl_generator_c/cmake)
[0.257s] -- Found rosidl_adapter: 3.1.8 (/opt/ros/humble/share/rosidl_adapter/cmake)
[0.267s] -- Found rosidl_generator_cpp: 3.1.8 (/opt/ros/humble/share/rosidl_generator_cpp/cmake)
[0.281s] -- Using all available rosidl_typesupport_c: rosidl_typesupport_fastrtps_c;rosidl_typesupport_introspection_c
[0.298s] -- Using all available rosidl_typesupport_cpp: rosidl_typesupport_fastrtps_cpp;rosidl_typesupport_introspection_cpp
[0.342s] -- Found rmw_implementation_cmake: 6.1.2 (/opt/ros/humble/share/rmw_implementation_cmake/cmake)
[0.346s] -- Found rmw_fastrtps_cpp: 6.2.10 (/opt/ros/humble/share/rmw_fastrtps_cpp/cmake)
[0.435s] -- Using RMW implementation 'rmw_fastrtps_cpp' as default
[0.502s] -- Found rclcpp_action: 16.0.18 (/opt/ros/humble/share/rclcpp_action/cmake)
[0.543s] -- Found rclcpp_lifecycle: 16.0.18 (/opt/ros/humble/share/rclcpp_lifecycle/cmake)
[0.567s] -- Found geometry_msgs: 4.9.1 (/opt/ros/humble/share/geometry_msgs/cmake)
[0.584s] -- Found sensor_msgs: 4.9.1 (/opt/ros/humble/share/sensor_msgs/cmake)
[0.603s] -- Found laser_geometry: 2.4.1 (/opt/ros/humble/share/laser_geometry/cmake)
[0.616s] -- Found tf2_ros: 0.25.19 (/opt/ros/humble/share/tf2_ros/cmake)
[0.661s] -- Found pcl_ros: 2.4.5 (/opt/ros/humble/share/pcl_ros/cmake)
[0.703s] -- Checking for module 'eigen3'
[0.712s] --   Found eigen3, version 3.4.0
[0.734s] -- Found Eigen: /usr/include/eigen3 (Required is at least version "3.1") 
[0.734s] -- Eigen found (include: /usr/include/eigen3, version: 3.4.0)
[0.771s] -- Checking for module 'flann'
[0.780s] --   Found flann, version 1.9.1
[0.806s] -- Found FLANN: /usr/lib/x86_64-linux-gnu/libflann_cpp.so  
[0.806s] -- FLANN found (include: /usr/include, lib: /usr/lib/x86_64-linux-gnu/libflann_cpp.so)
[1.573s] -- Checking for module 'libusb-1.0'
[1.581s] --   Found libusb-1.0, version 1.0.25
[1.603s] -- Found libusb: /usr/lib/x86_64-linux-gnu/libusb-1.0.so  
[1.605s] -- OpenNI found (version: 1.5.4.0, include: /usr/include/ni, lib: /usr/lib/libOpenNI.so;libusb::libusb)
[1.641s] -- OpenNI2 found (version: 2.2.0.33, include: /usr/include/openni2, lib: /usr/lib/x86_64-linux-gnu/libOpenNI2.so;libusb::libusb)
[1.743s] -- Eigen found (include: /usr/include/eigen3, version: 3.4.0)
[1.748s] -- OpenNI found (version: 1.5.4.0, include: /usr/include/ni, lib: /usr/lib/libOpenNI.so;libusb::libusb)
[1.752s] -- OpenNI2 found (version: 2.2.0.33, include: /usr/include/openni2, lib: /usr/lib/x86_64-linux-gnu/libOpenNI2.so;libusb::libusb)
[1.849s] -- Found Qhull version 8.0.2
[1.951s] -- OpenNI found (version: 1.5.4.0, include: /usr/include/ni, lib: /usr/lib/libOpenNI.so;libusb::libusb)
[2.044s] -- Found PCL_COMMON: /usr/lib/x86_64-linux-gnu/libpcl_common.so  
[2.045s] -- Found PCL_KDTREE: /usr/lib/x86_64-linux-gnu/libpcl_kdtree.so  
[2.046s] -- Found PCL_OCTREE: /usr/lib/x86_64-linux-gnu/libpcl_octree.so  
[2.048s] -- Found PCL_SEARCH: /usr/lib/x86_64-linux-gnu/libpcl_search.so  
[2.049s] -- Found PCL_SAMPLE_CONSENSUS: /usr/lib/x86_64-linux-gnu/libpcl_sample_consensus.so  
[2.049s] -- Found PCL_FILTERS: /usr/lib/x86_64-linux-gnu/libpcl_filters.so  
[2.050s] -- Found PCL_2D: /usr/include/pcl-1.12  
[2.050s] -- Found PCL_GEOMETRY: /usr/include/pcl-1.12  
[2.050s] -- Found PCL_IO: /usr/lib/x86_64-linux-gnu/libpcl_io.so  
[2.051s] -- Found PCL_FEATURES: /usr/lib/x86_64-linux-gnu/libpcl_features.so  
[2.052s] -- Found PCL_ML: /usr/lib/x86_64-linux-gnu/libpcl_ml.so  
[2.052s] -- Found PCL_SEGMENTATION: /usr/lib/x86_64-linux-gnu/libpcl_segmentation.so  
[2.053s] -- Found PCL_VISUALIZATION: /usr/lib/x86_64-linux-gnu/libpcl_visualization.so  
[2.054s] -- Found PCL_SURFACE: /usr/lib/x86_64-linux-gnu/libpcl_surface.so  
[2.055s] -- Found PCL_REGISTRATION: /usr/lib/x86_64-linux-gnu/libpcl_registration.so  
[2.055s] -- Found PCL_KEYPOINTS: /usr/lib/x86_64-linux-gnu/libpcl_keypoints.so  
[2.056s] -- Found PCL_TRACKING: /usr/lib/x86_64-linux-gnu/libpcl_tracking.so  
[2.057s] -- Found PCL_RECOGNITION: /usr/lib/x86_64-linux-gnu/libpcl_recognition.so  
[2.057s] -- Found PCL_STEREO: /usr/lib/x86_64-linux-gnu/libpcl_stereo.so  
[2.058s] -- Found PCL_APPS: /usr/lib/x86_64-linux-gnu/libpcl_apps.so  
[2.058s] -- Found PCL_IN_HAND_SCANNER: /usr/include/pcl-1.12  
[2.059s] -- Found PCL_MODELER: /usr/include/pcl-1.12  
[2.059s] -- Found PCL_POINT_CLOUD_EDITOR: /usr/include/pcl-1.12  
[2.060s] -- Found PCL_OUTOFCORE: /usr/lib/x86_64-linux-gnu/libpcl_outofcore.so  
[2.061s] -- Found PCL_PEOPLE: /usr/lib/x86_64-linux-gnu/libpcl_people.so  
[2.076s] -- Found Eigen3: TRUE (found version "3.4.0") 
[2.076s] -- Ensuring Eigen3 include directory is part of orocos-kdl CMake target
[2.079s] [33mCMake Warning (dev) at CMakeLists.txt:27 (find_package):
[2.079s]   Policy CMP0074 is not set: find_package uses <PackageName>_ROOT variables.
[2.079s]   Run "cmake --help-policy CMP0074" for policy details.  Use the cmake_policy
[2.079s]   command to set the policy and suppress this warning.
[2.079s] 
[2.079s]   CMake variable PCL_ROOT is set to:
[2.079s] 
[2.079s]     /usr
[2.079s] 
[2.079s]   For compatibility, CMake is ignoring the variable.
[2.079s] This warning is for project developers.  Use -Wno-dev to suppress it.
[2.079s] [0m
[2.135s] -- Configuring done
[2.240s] -- Generating done
[2.254s] -- Build files have been written to: /home/abc/ROS2_SIM_WS/build/ira_laser_tools
