[0.008s] Invoking command in '/home/abc/ROS2_VOICE_WS/src/build/ros2_xf_bridge': CMAKE_PREFIX_PATH=/opt/ros/humble /usr/bin/cmake /home/abc/ROS2_VOICE_WS/src/xf/ros2_xf_bridge -DCMAKE_INSTALL_PREFIX=/home/abc/ROS2_VOICE_WS/src/install/ros2_xf_bridge
[0.072s] -- The C compiler identification is GNU 11.4.0
[0.168s] -- The CXX compiler identification is GNU 11.4.0
[0.184s] -- Detecting C compiler ABI info
[0.251s] -- Detecting C compiler ABI info - done
[0.255s] -- Check for working C compiler: /usr/bin/cc - skipped
[0.256s] -- Detecting C compile features
[0.257s] -- Detecting C compile features - done
[0.261s] -- Detecting CXX compiler ABI info
[0.328s] -- Detecting CXX compiler ABI info - done
[0.332s] -- Check for working CXX compiler: /usr/bin/c++ - skipped
[0.332s] -- Detecting CXX compile features
[0.332s] -- Detecting CXX compile features - done
[0.338s] -- Found ament_cmake: 1.3.11 (/opt/ros/humble/share/ament_cmake/cmake)
[0.447s] -- Found Python3: /usr/bin/python3 (found version "3.10.12") found components: Interpreter 
[0.534s] -- Found rclcpp: 16.0.11 (/opt/ros/humble/share/rclcpp/cmake)
[0.579s] -- Found rosidl_generator_c: 3.1.6 (/opt/ros/humble/share/rosidl_generator_c/cmake)
[0.584s] -- Found rosidl_adapter: 3.1.6 (/opt/ros/humble/share/rosidl_adapter/cmake)
[0.594s] -- Found rosidl_generator_cpp: 3.1.6 (/opt/ros/humble/share/rosidl_generator_cpp/cmake)
[0.610s] -- Using all available rosidl_typesupport_c: rosidl_typesupport_fastrtps_c;rosidl_typesupport_introspection_c
[0.633s] -- Using all available rosidl_typesupport_cpp: rosidl_typesupport_fastrtps_cpp;rosidl_typesupport_introspection_cpp
[0.686s] -- Found rmw_implementation_cmake: 6.1.2 (/opt/ros/humble/share/rmw_implementation_cmake/cmake)
[0.689s] -- Found rmw_fastrtps_cpp: 6.2.7 (/opt/ros/humble/share/rmw_fastrtps_cpp/cmake)
[0.765s] -- Found OpenSSL: /usr/lib/x86_64-linux-gnu/libcrypto.so (found version "3.0.2")  
[0.785s] -- Found FastRTPS: /opt/ros/humble/include  
[0.816s] -- Using RMW implementation 'rmw_fastrtps_cpp' as default
[0.828s] -- Looking for pthread.h
[0.878s] -- Looking for pthread.h - found
[0.878s] -- Performing Test CMAKE_HAVE_LIBC_PTHREAD
[0.931s] -- Performing Test CMAKE_HAVE_LIBC_PTHREAD - Success
[0.932s] -- Found Threads: TRUE  
[0.990s] -- Found geometry_msgs: 4.2.4 (/opt/ros/humble/share/geometry_msgs/cmake)
[1.004s] -- Found ament_lint_auto: 0.12.11 (/opt/ros/humble/share/ament_lint_auto/cmake)
[1.071s] -- Added test 'cppcheck' to perform static code analysis on C / C++ code
[1.071s] -- Configured cppcheck include dirs: 
[1.071s] -- Configured cppcheck exclude dirs and/or files: 
[1.072s] -- Added test 'lint_cmake' to check CMake code style
[1.073s] -- Added test 'uncrustify' to check C / C++ code style
[1.073s] -- Configured uncrustify additional arguments: 
[1.074s] -- Added test 'xmllint' to check XML markup files
[1.075s] -- Configuring done
[1.078s] -- Generating done
[1.079s] -- Build files have been written to: /home/abc/ROS2_VOICE_WS/src/build/ros2_xf_bridge
[1.087s] Invoked command in '/home/abc/ROS2_VOICE_WS/src/build/ros2_xf_bridge' returned '0': CMAKE_PREFIX_PATH=/opt/ros/humble /usr/bin/cmake /home/abc/ROS2_VOICE_WS/src/xf/ros2_xf_bridge -DCMAKE_INSTALL_PREFIX=/home/abc/ROS2_VOICE_WS/src/install/ros2_xf_bridge
[1.089s] Invoking command in '/home/abc/ROS2_VOICE_WS/src/build/ros2_xf_bridge': CMAKE_PREFIX_PATH=/opt/ros/humble /usr/bin/cmake --build /home/abc/ROS2_VOICE_WS/src/build/ros2_xf_bridge -- -j4 -l4
[1.120s] Invoked command in '/home/abc/ROS2_VOICE_WS/src/build/ros2_xf_bridge' returned '0': CMAKE_PREFIX_PATH=/opt/ros/humble /usr/bin/cmake --build /home/abc/ROS2_VOICE_WS/src/build/ros2_xf_bridge -- -j4 -l4
[1.135s] Invoking command in '/home/abc/ROS2_VOICE_WS/src/build/ros2_xf_bridge': CMAKE_PREFIX_PATH=/opt/ros/humble /usr/bin/cmake --install /home/abc/ROS2_VOICE_WS/src/build/ros2_xf_bridge
[1.137s] -- Install configuration: ""
[1.137s] -- Installing: /home/abc/ROS2_VOICE_WS/src/install/ros2_xf_bridge/share/ament_index/resource_index/package_run_dependencies/ros2_xf_bridge
[1.138s] -- Installing: /home/abc/ROS2_VOICE_WS/src/install/ros2_xf_bridge/share/ament_index/resource_index/parent_prefix_path/ros2_xf_bridge
[1.138s] -- Installing: /home/abc/ROS2_VOICE_WS/src/install/ros2_xf_bridge/share/ros2_xf_bridge/environment/ament_prefix_path.sh
[1.138s] -- Installing: /home/abc/ROS2_VOICE_WS/src/install/ros2_xf_bridge/share/ros2_xf_bridge/environment/ament_prefix_path.dsv
[1.138s] -- Installing: /home/abc/ROS2_VOICE_WS/src/install/ros2_xf_bridge/share/ros2_xf_bridge/environment/path.sh
[1.138s] -- Installing: /home/abc/ROS2_VOICE_WS/src/install/ros2_xf_bridge/share/ros2_xf_bridge/environment/path.dsv
[1.139s] -- Installing: /home/abc/ROS2_VOICE_WS/src/install/ros2_xf_bridge/share/ros2_xf_bridge/local_setup.bash
[1.139s] -- Installing: /home/abc/ROS2_VOICE_WS/src/install/ros2_xf_bridge/share/ros2_xf_bridge/local_setup.sh
[1.139s] -- Installing: /home/abc/ROS2_VOICE_WS/src/install/ros2_xf_bridge/share/ros2_xf_bridge/local_setup.zsh
[1.139s] -- Installing: /home/abc/ROS2_VOICE_WS/src/install/ros2_xf_bridge/share/ros2_xf_bridge/local_setup.dsv
[1.139s] -- Installing: /home/abc/ROS2_VOICE_WS/src/install/ros2_xf_bridge/share/ros2_xf_bridge/package.dsv
[1.139s] -- Installing: /home/abc/ROS2_VOICE_WS/src/install/ros2_xf_bridge/share/ament_index/resource_index/packages/ros2_xf_bridge
[1.139s] -- Installing: /home/abc/ROS2_VOICE_WS/src/install/ros2_xf_bridge/share/ros2_xf_bridge/cmake/ros2_xf_bridgeConfig.cmake
[1.139s] -- Installing: /home/abc/ROS2_VOICE_WS/src/install/ros2_xf_bridge/share/ros2_xf_bridge/cmake/ros2_xf_bridgeConfig-version.cmake
[1.139s] -- Installing: /home/abc/ROS2_VOICE_WS/src/install/ros2_xf_bridge/share/ros2_xf_bridge/package.xml
[1.141s] Invoked command in '/home/abc/ROS2_VOICE_WS/src/build/ros2_xf_bridge' returned '0': CMAKE_PREFIX_PATH=/opt/ros/humble /usr/bin/cmake --install /home/abc/ROS2_VOICE_WS/src/build/ros2_xf_bridge
