[0.014s] Invoking command in '/home/abc/ROS2_VOICE_WS/build/ros2_xf_bridge': CMAKE_PREFIX_PATH=/opt/ros/humble /usr/bin/cmake /home/abc/ROS2_VOICE_WS/src/xf/ros2_xf_bridge -DCMAKE_INSTALL_PREFIX=/home/abc/ROS2_VOICE_WS/install/ros2_xf_bridge
[0.096s] -- The C compiler identification is GNU 11.4.0
[0.145s] -- The CXX compiler identification is GNU 11.4.0
[0.158s] -- Detecting C compiler ABI info
[0.222s] -- Detecting C compiler ABI info - done
[0.226s] -- Check for working C compiler: /usr/bin/cc - skipped
[0.228s] -- Detecting C compile features
[0.229s] -- Detecting C compile features - done
[0.232s] -- Detecting CXX compiler ABI info
[0.297s] -- Detecting CXX compiler ABI info - done
[0.302s] -- Check for working CXX compiler: /usr/bin/c++ - skipped
[0.302s] -- Detecting CXX compile features
[0.303s] -- Detecting CXX compile features - done
[0.306s] -- Found ament_cmake: 1.3.11 (/opt/ros/humble/share/ament_cmake/cmake)
[0.430s] -- Found Python3: /usr/bin/python3 (found version "3.10.12") found components: Interpreter 
[0.508s] -- Found rclcpp: 16.0.11 (/opt/ros/humble/share/rclcpp/cmake)
[0.557s] -- Found rosidl_generator_c: 3.1.6 (/opt/ros/humble/share/rosidl_generator_c/cmake)
[0.561s] -- Found rosidl_adapter: 3.1.6 (/opt/ros/humble/share/rosidl_adapter/cmake)
[0.571s] -- Found rosidl_generator_cpp: 3.1.6 (/opt/ros/humble/share/rosidl_generator_cpp/cmake)
[0.582s] -- Using all available rosidl_typesupport_c: rosidl_typesupport_fastrtps_c;rosidl_typesupport_introspection_c
[0.598s] -- Using all available rosidl_typesupport_cpp: rosidl_typesupport_fastrtps_cpp;rosidl_typesupport_introspection_cpp
[0.648s] -- Found rmw_implementation_cmake: 6.1.2 (/opt/ros/humble/share/rmw_implementation_cmake/cmake)
[0.651s] -- Found rmw_fastrtps_cpp: 6.2.7 (/opt/ros/humble/share/rmw_fastrtps_cpp/cmake)
[0.748s] -- Found OpenSSL: /usr/lib/x86_64-linux-gnu/libcrypto.so (found version "3.0.2")  
[0.768s] -- Found FastRTPS: /opt/ros/humble/include  
[0.795s] -- Using RMW implementation 'rmw_fastrtps_cpp' as default
[0.805s] -- Looking for pthread.h
[0.869s] -- Looking for pthread.h - found
[0.870s] -- Performing Test CMAKE_HAVE_LIBC_PTHREAD
[0.945s] -- Performing Test CMAKE_HAVE_LIBC_PTHREAD - Success
[0.945s] -- Found Threads: TRUE  
[0.997s] -- Found geometry_msgs: 4.2.4 (/opt/ros/humble/share/geometry_msgs/cmake)
[1.010s] -- Found ament_lint_auto: 0.12.11 (/opt/ros/humble/share/ament_lint_auto/cmake)
[1.071s] -- Added test 'cppcheck' to perform static code analysis on C / C++ code
[1.071s] -- Configured cppcheck include dirs: $<BUILD_INTERFACE:/home/abc/ROS2_VOICE_WS/src/xf/ros2_xf_bridge/include>
[1.071s] -- Configured cppcheck exclude dirs and/or files: 
[1.072s] -- Added test 'lint_cmake' to check CMake code style
[1.072s] -- Added test 'uncrustify' to check C / C++ code style
[1.073s] -- Configured uncrustify additional arguments: 
[1.073s] -- Added test 'xmllint' to check XML markup files
[1.075s] -- Configuring done
[1.085s] -- Generating done
[1.088s] -- Build files have been written to: /home/abc/ROS2_VOICE_WS/build/ros2_xf_bridge
[1.095s] Invoked command in '/home/abc/ROS2_VOICE_WS/build/ros2_xf_bridge' returned '0': CMAKE_PREFIX_PATH=/opt/ros/humble /usr/bin/cmake /home/abc/ROS2_VOICE_WS/src/xf/ros2_xf_bridge -DCMAKE_INSTALL_PREFIX=/home/abc/ROS2_VOICE_WS/install/ros2_xf_bridge
[1.097s] Invoking command in '/home/abc/ROS2_VOICE_WS/build/ros2_xf_bridge': CMAKE_PREFIX_PATH=/opt/ros/humble /usr/bin/cmake --build /home/abc/ROS2_VOICE_WS/build/ros2_xf_bridge -- -j4 -l4
[1.136s] [ 66%] [32mBuilding CXX object CMakeFiles/v2t.dir/src/v2t.cpp.o[0m
[1.136s] [ 66%] [32mBuilding CXX object CMakeFiles/t2v.dir/src/t2v.cpp.o[0m
[1.136s] [ 66%] [32mBuilding C object CMakeFiles/v2t.dir/src/linuxrec.c.o[0m
[1.136s] [ 66%] [32mBuilding C object CMakeFiles/v2t.dir/src/speech_recognizer.c.o[0m
[4.549s] [ 83%] [32m[1mLinking CXX executable v2t[0m
[4.797s] [ 83%] Built target v2t
[7.586s] [100%] [32m[1mLinking CXX executable t2v[0m
[7.914s] [100%] Built target t2v
[7.926s] Invoked command in '/home/abc/ROS2_VOICE_WS/build/ros2_xf_bridge' returned '0': CMAKE_PREFIX_PATH=/opt/ros/humble /usr/bin/cmake --build /home/abc/ROS2_VOICE_WS/build/ros2_xf_bridge -- -j4 -l4
[7.937s] Invoking command in '/home/abc/ROS2_VOICE_WS/build/ros2_xf_bridge': CMAKE_PREFIX_PATH=/opt/ros/humble /usr/bin/cmake --install /home/abc/ROS2_VOICE_WS/build/ros2_xf_bridge
[7.942s] -- Install configuration: ""
[7.942s] -- Installing: /home/abc/ROS2_VOICE_WS/install/ros2_xf_bridge/lib/ros2_xf_bridge/v2t
[7.943s] -- Set runtime path of "/home/abc/ROS2_VOICE_WS/install/ros2_xf_bridge/lib/ros2_xf_bridge/v2t" to ""
[7.943s] -- Installing: /home/abc/ROS2_VOICE_WS/install/ros2_xf_bridge/include
[7.943s] -- Installing: /home/abc/ROS2_VOICE_WS/install/ros2_xf_bridge/include/ros2_xf_bridge
[7.944s] -- Installing: /home/abc/ROS2_VOICE_WS/install/ros2_xf_bridge/include/ros2_xf_bridge/msp_cmn.h
[7.944s] -- Installing: /home/abc/ROS2_VOICE_WS/install/ros2_xf_bridge/include/ros2_xf_bridge/qisr.h
[7.944s] -- Installing: /home/abc/ROS2_VOICE_WS/install/ros2_xf_bridge/include/ros2_xf_bridge/msp_errors.h
[7.944s] -- Installing: /home/abc/ROS2_VOICE_WS/install/ros2_xf_bridge/include/ros2_xf_bridge/msp_types.h
[7.944s] -- Installing: /home/abc/ROS2_VOICE_WS/install/ros2_xf_bridge/include/ros2_xf_bridge/qtts.h
[7.948s] -- Installing: /home/abc/ROS2_VOICE_WS/install/ros2_xf_bridge/include/ros2_xf_bridge/formats.h
[7.948s] -- Installing: /home/abc/ROS2_VOICE_WS/install/ros2_xf_bridge/include/ros2_xf_bridge/speech_recognizer.h
[7.948s] -- Installing: /home/abc/ROS2_VOICE_WS/install/ros2_xf_bridge/include/ros2_xf_bridge/linuxrec.h
[7.948s] -- Installing: /home/abc/ROS2_VOICE_WS/install/ros2_xf_bridge/include/ros2_xf_bridge/qise.h
[7.949s] -- Installing: /home/abc/ROS2_VOICE_WS/install/ros2_xf_bridge/lib/ros2_xf_bridge/t2v
[7.951s] -- Set runtime path of "/home/abc/ROS2_VOICE_WS/install/ros2_xf_bridge/lib/ros2_xf_bridge/t2v" to ""
[7.951s] -- Installing: /home/abc/ROS2_VOICE_WS/install/ros2_xf_bridge/share/ament_index/resource_index/package_run_dependencies/ros2_xf_bridge
[7.952s] -- Installing: /home/abc/ROS2_VOICE_WS/install/ros2_xf_bridge/share/ament_index/resource_index/parent_prefix_path/ros2_xf_bridge
[7.952s] -- Installing: /home/abc/ROS2_VOICE_WS/install/ros2_xf_bridge/share/ros2_xf_bridge/environment/ament_prefix_path.sh
[7.952s] -- Installing: /home/abc/ROS2_VOICE_WS/install/ros2_xf_bridge/share/ros2_xf_bridge/environment/ament_prefix_path.dsv
[7.952s] -- Installing: /home/abc/ROS2_VOICE_WS/install/ros2_xf_bridge/share/ros2_xf_bridge/environment/path.sh
[7.952s] -- Installing: /home/abc/ROS2_VOICE_WS/install/ros2_xf_bridge/share/ros2_xf_bridge/environment/path.dsv
[7.952s] -- Installing: /home/abc/ROS2_VOICE_WS/install/ros2_xf_bridge/share/ros2_xf_bridge/local_setup.bash
[7.952s] -- Installing: /home/abc/ROS2_VOICE_WS/install/ros2_xf_bridge/share/ros2_xf_bridge/local_setup.sh
[7.952s] -- Installing: /home/abc/ROS2_VOICE_WS/install/ros2_xf_bridge/share/ros2_xf_bridge/local_setup.zsh
[7.952s] -- Installing: /home/abc/ROS2_VOICE_WS/install/ros2_xf_bridge/share/ros2_xf_bridge/local_setup.dsv
[7.952s] -- Installing: /home/abc/ROS2_VOICE_WS/install/ros2_xf_bridge/share/ros2_xf_bridge/package.dsv
[7.952s] -- Installing: /home/abc/ROS2_VOICE_WS/install/ros2_xf_bridge/share/ament_index/resource_index/packages/ros2_xf_bridge
[7.952s] -- Installing: /home/abc/ROS2_VOICE_WS/install/ros2_xf_bridge/share/ros2_xf_bridge/cmake/ros2_xf_bridgeConfig.cmake
[7.952s] -- Installing: /home/abc/ROS2_VOICE_WS/install/ros2_xf_bridge/share/ros2_xf_bridge/cmake/ros2_xf_bridgeConfig-version.cmake
[7.953s] -- Installing: /home/abc/ROS2_VOICE_WS/install/ros2_xf_bridge/share/ros2_xf_bridge/package.xml
[7.954s] Invoked command in '/home/abc/ROS2_VOICE_WS/build/ros2_xf_bridge' returned '0': CMAKE_PREFIX_PATH=/opt/ros/humble /usr/bin/cmake --install /home/abc/ROS2_VOICE_WS/build/ros2_xf_bridge
