[0.015s] Invoking command in '/home/abc/ROS2_SIM_WS/build/demo_stage_sim': CMAKE_PREFIX_PATH=/home/abc/ROS2_SIM_WS/install/stage_ros2:/home/abc/ROS2_SIM_WS/install/Stage:/home/abc/ROS2_SIM_WS/install/demo_stage_sim:/opt/ros/humble /usr/bin/cmake --build /home/abc/ROS2_SIM_WS/build/demo_stage_sim -- -j4 -l4
[0.047s] Invoked command in '/home/abc/ROS2_SIM_WS/build/demo_stage_sim' returned '0': CMAKE_PREFIX_PATH=/home/abc/ROS2_SIM_WS/install/stage_ros2:/home/abc/ROS2_SIM_WS/install/Stage:/home/abc/ROS2_SIM_WS/install/demo_stage_sim:/opt/ros/humble /usr/bin/cmake --build /home/abc/ROS2_SIM_WS/build/demo_stage_sim -- -j4 -l4
[0.055s] Invoking command in '/home/abc/ROS2_SIM_WS/build/demo_stage_sim': CMAKE_PREFIX_PATH=/home/abc/ROS2_SIM_WS/install/stage_ros2:/home/abc/ROS2_SIM_WS/install/Stage:/home/abc/ROS2_SIM_WS/install/demo_stage_sim:/opt/ros/humble /usr/bin/cmake --install /home/abc/ROS2_SIM_WS/build/demo_stage_sim
[0.062s] -- Install configuration: ""
[0.062s] -- Up-to-date: /home/abc/ROS2_SIM_WS/install/demo_stage_sim/share/demo_stage_sim/launch
[0.062s] -- Up-to-date: /home/abc/ROS2_SIM_WS/install/demo_stage_sim/share/demo_stage_sim/launch/sim.launch.py
[0.062s] -- Up-to-date: /home/abc/ROS2_SIM_WS/install/demo_stage_sim/share/demo_stage_sim/world
[0.062s] -- Up-to-date: /home/abc/ROS2_SIM_WS/install/demo_stage_sim/share/demo_stage_sim/world/sim_world
[0.062s] -- Up-to-date: /home/abc/ROS2_SIM_WS/install/demo_stage_sim/share/demo_stage_sim/world/maps
[0.062s] -- Up-to-date: /home/abc/ROS2_SIM_WS/install/demo_stage_sim/share/demo_stage_sim/world/robot
[0.062s] -- Up-to-date: /home/abc/ROS2_SIM_WS/install/demo_stage_sim/share/demo_stage_sim/world/robot/laser.inc
[0.063s] -- Up-to-date: /home/abc/ROS2_SIM_WS/install/demo_stage_sim/share/demo_stage_sim/world/robot/car_base.inc
[0.064s] -- Up-to-date: /home/abc/ROS2_SIM_WS/install/demo_stage_sim/share/demo_stage_sim/world/robot/camera.inc
[0.064s] -- Up-to-date: /home/abc/ROS2_SIM_WS/install/demo_stage_sim/share/demo_stage_sim/world/robot/mycar.inc
[0.064s] -- Up-to-date: /home/abc/ROS2_SIM_WS/install/demo_stage_sim/share/ament_index/resource_index/package_run_dependencies/demo_stage_sim
[0.064s] -- Up-to-date: /home/abc/ROS2_SIM_WS/install/demo_stage_sim/share/ament_index/resource_index/parent_prefix_path/demo_stage_sim
[0.064s] -- Up-to-date: /home/abc/ROS2_SIM_WS/install/demo_stage_sim/share/demo_stage_sim/environment/ament_prefix_path.sh
[0.065s] -- Up-to-date: /home/abc/ROS2_SIM_WS/install/demo_stage_sim/share/demo_stage_sim/environment/ament_prefix_path.dsv
[0.065s] -- Up-to-date: /home/abc/ROS2_SIM_WS/install/demo_stage_sim/share/demo_stage_sim/environment/path.sh
[0.065s] -- Up-to-date: /home/abc/ROS2_SIM_WS/install/demo_stage_sim/share/demo_stage_sim/environment/path.dsv
[0.065s] -- Up-to-date: /home/abc/ROS2_SIM_WS/install/demo_stage_sim/share/demo_stage_sim/local_setup.bash
[0.065s] -- Up-to-date: /home/abc/ROS2_SIM_WS/install/demo_stage_sim/share/demo_stage_sim/local_setup.sh
[0.065s] -- Up-to-date: /home/abc/ROS2_SIM_WS/install/demo_stage_sim/share/demo_stage_sim/local_setup.zsh
[0.065s] -- Up-to-date: /home/abc/ROS2_SIM_WS/install/demo_stage_sim/share/demo_stage_sim/local_setup.dsv
[0.065s] -- Installing: /home/abc/ROS2_SIM_WS/install/demo_stage_sim/share/demo_stage_sim/package.dsv
[0.065s] -- Up-to-date: /home/abc/ROS2_SIM_WS/install/demo_stage_sim/share/ament_index/resource_index/packages/demo_stage_sim
[0.065s] -- Up-to-date: /home/abc/ROS2_SIM_WS/install/demo_stage_sim/share/demo_stage_sim/cmake/demo_stage_simConfig.cmake
[0.066s] -- Up-to-date: /home/abc/ROS2_SIM_WS/install/demo_stage_sim/share/demo_stage_sim/cmake/demo_stage_simConfig-version.cmake
[0.066s] -- Up-to-date: /home/abc/ROS2_SIM_WS/install/demo_stage_sim/share/demo_stage_sim/package.xml
[0.066s] Invoked command in '/home/abc/ROS2_SIM_WS/build/demo_stage_sim' returned '0': CMAKE_PREFIX_PATH=/home/abc/ROS2_SIM_WS/install/stage_ros2:/home/abc/ROS2_SIM_WS/install/Stage:/home/abc/ROS2_SIM_WS/install/demo_stage_sim:/opt/ros/humble /usr/bin/cmake --install /home/abc/ROS2_SIM_WS/build/demo_stage_sim
