[0.191s] DEBUG:colcon:Command line arguments: ['/usr/bin/colcon', 'build']
[0.191s] DEBUG:colcon:Parsed command line arguments: Namespace(log_base=None, log_level=None, verb_name='build', build_base='build', install_base='install', merge_install=False, symlink_install=False, test_result_base=None, continue_on_error=False, executor='parallel', parallel_workers=4, event_handlers=None, ignore_user_meta=False, metas=['./colcon.meta'], base_paths=['.'], packages_ignore=None, packages_ignore_regex=None, paths=None, packages_up_to=None, packages_up_to_regex=None, packages_above=None, packages_above_and_dependencies=None, packages_above_depth=None, packages_select_by_dep=None, packages_skip_by_dep=None, packages_skip_up_to=None, packages_select_build_failed=False, packages_skip_build_finished=False, packages_select_test_failures=False, packages_skip_test_passed=False, packages_select=None, packages_skip=None, packages_select_regex=None, packages_skip_regex=None, packages_start=None, packages_end=None, allow_overriding=[], cmake_args=None, cmake_target=None, cmake_target_skip_unavailable=False, cmake_clean_cache=False, cmake_clean_first=False, cmake_force_configure=False, ament_cmake_args=None, catkin_cmake_args=None, catkin_skip_building_tests=False, verb_parser=<colcon_defaults.argument_parser.defaults.DefaultArgumentsDecorator object at 0x72590a7ce7d0>, verb_extension=<colcon_core.verb.build.BuildVerb object at 0x72590a91bd00>, main=<bound method BuildVerb.main of <colcon_core.verb.build.BuildVerb object at 0x72590a91bd00>>)
[0.378s] Level 1:colcon.colcon_core.package_discovery:discover_packages(colcon_meta) check parameters
[0.378s] Level 1:colcon.colcon_core.package_discovery:discover_packages(recursive) check parameters
[0.378s] Level 1:colcon.colcon_core.package_discovery:discover_packages(ignore) check parameters
[0.378s] Level 1:colcon.colcon_core.package_discovery:discover_packages(path) check parameters
[0.378s] Level 1:colcon.colcon_core.package_discovery:discover_packages(colcon_meta) discover
[0.378s] Level 1:colcon.colcon_core.package_discovery:discover_packages(recursive) discover
[0.378s] INFO:colcon.colcon_core.package_discovery:Crawling recursively for packages in '/home/abc/ROS2_VOICE_WS/src'
[0.379s] Level 1:colcon.colcon_core.package_identification:_identify(.) by extensions ['ignore', 'ignore_ament_install']
[0.379s] Level 1:colcon.colcon_core.package_identification:_identify(.) by extension 'ignore'
[0.379s] Level 1:colcon.colcon_core.package_identification:_identify(.) by extension 'ignore_ament_install'
[0.379s] Level 1:colcon.colcon_core.package_identification:_identify(.) by extensions ['colcon_pkg']
[0.379s] Level 1:colcon.colcon_core.package_identification:_identify(.) by extension 'colcon_pkg'
[0.379s] Level 1:colcon.colcon_core.package_identification:_identify(.) by extensions ['colcon_meta']
[0.379s] Level 1:colcon.colcon_core.package_identification:_identify(.) by extension 'colcon_meta'
[0.379s] Level 1:colcon.colcon_core.package_identification:_identify(.) by extensions ['ros']
[0.379s] Level 1:colcon.colcon_core.package_identification:_identify(.) by extension 'ros'
[0.389s] Level 1:colcon.colcon_core.package_identification:_identify(.) by extensions ['cmake', 'python']
[0.389s] Level 1:colcon.colcon_core.package_identification:_identify(.) by extension 'cmake'
[0.390s] Level 1:colcon.colcon_core.package_identification:_identify(.) by extension 'python'
[0.390s] Level 1:colcon.colcon_core.package_identification:_identify(.) by extensions ['python_setup_py']
[0.390s] Level 1:colcon.colcon_core.package_identification:_identify(.) by extension 'python_setup_py'
[0.390s] Level 1:colcon.colcon_core.package_identification:_identify(baidu) by extensions ['ignore', 'ignore_ament_install']
[0.390s] Level 1:colcon.colcon_core.package_identification:_identify(baidu) by extension 'ignore'
[0.390s] Level 1:colcon.colcon_core.package_identification:_identify(baidu) by extension 'ignore_ament_install'
[0.390s] Level 1:colcon.colcon_core.package_identification:_identify(baidu) by extensions ['colcon_pkg']
[0.390s] Level 1:colcon.colcon_core.package_identification:_identify(baidu) by extension 'colcon_pkg'
[0.390s] Level 1:colcon.colcon_core.package_identification:_identify(baidu) by extensions ['colcon_meta']
[0.390s] Level 1:colcon.colcon_core.package_identification:_identify(baidu) by extension 'colcon_meta'
[0.390s] Level 1:colcon.colcon_core.package_identification:_identify(baidu) by extensions ['ros']
[0.390s] Level 1:colcon.colcon_core.package_identification:_identify(baidu) by extension 'ros'
[0.390s] Level 1:colcon.colcon_core.package_identification:_identify(baidu) by extensions ['cmake', 'python']
[0.390s] Level 1:colcon.colcon_core.package_identification:_identify(baidu) by extension 'cmake'
[0.390s] Level 1:colcon.colcon_core.package_identification:_identify(baidu) by extension 'python'
[0.390s] Level 1:colcon.colcon_core.package_identification:_identify(baidu) by extensions ['python_setup_py']
[0.390s] Level 1:colcon.colcon_core.package_identification:_identify(baidu) by extension 'python_setup_py'
[0.391s] Level 1:colcon.colcon_core.package_identification:_identify(build) by extensions ['ignore', 'ignore_ament_install']
[0.391s] Level 1:colcon.colcon_core.package_identification:_identify(build) by extension 'ignore'
[0.391s] Level 1:colcon.colcon_core.package_identification:_identify(build) ignored
[0.391s] Level 1:colcon.colcon_core.package_identification:_identify(install) by extensions ['ignore', 'ignore_ament_install']
[0.391s] Level 1:colcon.colcon_core.package_identification:_identify(install) by extension 'ignore'
[0.391s] Level 1:colcon.colcon_core.package_identification:_identify(install) ignored
[0.391s] Level 1:colcon.colcon_core.package_identification:_identify(log) by extensions ['ignore', 'ignore_ament_install']
[0.391s] Level 1:colcon.colcon_core.package_identification:_identify(log) by extension 'ignore'
[0.391s] Level 1:colcon.colcon_core.package_identification:_identify(log) ignored
[0.392s] Level 1:colcon.colcon_core.package_identification:_identify(msc) by extensions ['ignore', 'ignore_ament_install']
[0.392s] Level 1:colcon.colcon_core.package_identification:_identify(msc) by extension 'ignore'
[0.392s] Level 1:colcon.colcon_core.package_identification:_identify(msc) by extension 'ignore_ament_install'
[0.392s] Level 1:colcon.colcon_core.package_identification:_identify(msc) by extensions ['colcon_pkg']
[0.392s] Level 1:colcon.colcon_core.package_identification:_identify(msc) by extension 'colcon_pkg'
[0.392s] Level 1:colcon.colcon_core.package_identification:_identify(msc) by extensions ['colcon_meta']
[0.392s] Level 1:colcon.colcon_core.package_identification:_identify(msc) by extension 'colcon_meta'
[0.392s] Level 1:colcon.colcon_core.package_identification:_identify(msc) by extensions ['ros']
[0.392s] Level 1:colcon.colcon_core.package_identification:_identify(msc) by extension 'ros'
[0.392s] Level 1:colcon.colcon_core.package_identification:_identify(msc) by extensions ['cmake', 'python']
[0.392s] Level 1:colcon.colcon_core.package_identification:_identify(msc) by extension 'cmake'
[0.392s] Level 1:colcon.colcon_core.package_identification:_identify(msc) by extension 'python'
[0.392s] Level 1:colcon.colcon_core.package_identification:_identify(msc) by extensions ['python_setup_py']
[0.392s] Level 1:colcon.colcon_core.package_identification:_identify(msc) by extension 'python_setup_py'
[0.392s] Level 1:colcon.colcon_core.package_identification:_identify(msc/3da94ea01b9b345d89bec771ebefa916) by extensions ['ignore', 'ignore_ament_install']
[0.392s] Level 1:colcon.colcon_core.package_identification:_identify(msc/3da94ea01b9b345d89bec771ebefa916) by extension 'ignore'
[0.392s] Level 1:colcon.colcon_core.package_identification:_identify(msc/3da94ea01b9b345d89bec771ebefa916) by extension 'ignore_ament_install'
[0.392s] Level 1:colcon.colcon_core.package_identification:_identify(msc/3da94ea01b9b345d89bec771ebefa916) by extensions ['colcon_pkg']
[0.392s] Level 1:colcon.colcon_core.package_identification:_identify(msc/3da94ea01b9b345d89bec771ebefa916) by extension 'colcon_pkg'
[0.393s] Level 1:colcon.colcon_core.package_identification:_identify(msc/3da94ea01b9b345d89bec771ebefa916) by extensions ['colcon_meta']
[0.393s] Level 1:colcon.colcon_core.package_identification:_identify(msc/3da94ea01b9b345d89bec771ebefa916) by extension 'colcon_meta'
[0.393s] Level 1:colcon.colcon_core.package_identification:_identify(msc/3da94ea01b9b345d89bec771ebefa916) by extensions ['ros']
[0.393s] Level 1:colcon.colcon_core.package_identification:_identify(msc/3da94ea01b9b345d89bec771ebefa916) by extension 'ros'
[0.393s] Level 1:colcon.colcon_core.package_identification:_identify(msc/3da94ea01b9b345d89bec771ebefa916) by extensions ['cmake', 'python']
[0.393s] Level 1:colcon.colcon_core.package_identification:_identify(msc/3da94ea01b9b345d89bec771ebefa916) by extension 'cmake'
[0.393s] Level 1:colcon.colcon_core.package_identification:_identify(msc/3da94ea01b9b345d89bec771ebefa916) by extension 'python'
[0.393s] Level 1:colcon.colcon_core.package_identification:_identify(msc/3da94ea01b9b345d89bec771ebefa916) by extensions ['python_setup_py']
[0.393s] Level 1:colcon.colcon_core.package_identification:_identify(msc/3da94ea01b9b345d89bec771ebefa916) by extension 'python_setup_py'
[0.393s] Level 1:colcon.colcon_core.package_identification:_identify(voice_case) by extensions ['ignore', 'ignore_ament_install']
[0.393s] Level 1:colcon.colcon_core.package_identification:_identify(voice_case) by extension 'ignore'
[0.393s] Level 1:colcon.colcon_core.package_identification:_identify(voice_case) by extension 'ignore_ament_install'
[0.393s] Level 1:colcon.colcon_core.package_identification:_identify(voice_case) by extensions ['colcon_pkg']
[0.393s] Level 1:colcon.colcon_core.package_identification:_identify(voice_case) by extension 'colcon_pkg'
[0.393s] Level 1:colcon.colcon_core.package_identification:_identify(voice_case) by extensions ['colcon_meta']
[0.393s] Level 1:colcon.colcon_core.package_identification:_identify(voice_case) by extension 'colcon_meta'
[0.393s] Level 1:colcon.colcon_core.package_identification:_identify(voice_case) by extensions ['ros']
[0.393s] Level 1:colcon.colcon_core.package_identification:_identify(voice_case) by extension 'ros'
[0.396s] DEBUG:colcon.colcon_core.package_identification:Package 'voice_case' with type 'ros.ament_cmake' and name 'voice_case'
[0.397s] Level 1:colcon.colcon_core.package_identification:_identify(xf) by extensions ['ignore', 'ignore_ament_install']
[0.397s] Level 1:colcon.colcon_core.package_identification:_identify(xf) by extension 'ignore'
[0.397s] Level 1:colcon.colcon_core.package_identification:_identify(xf) by extension 'ignore_ament_install'
[0.397s] Level 1:colcon.colcon_core.package_identification:_identify(xf) by extensions ['colcon_pkg']
[0.397s] Level 1:colcon.colcon_core.package_identification:_identify(xf) by extension 'colcon_pkg'
[0.397s] Level 1:colcon.colcon_core.package_identification:_identify(xf) by extensions ['colcon_meta']
[0.397s] Level 1:colcon.colcon_core.package_identification:_identify(xf) by extension 'colcon_meta'
[0.397s] Level 1:colcon.colcon_core.package_identification:_identify(xf) by extensions ['ros']
[0.397s] Level 1:colcon.colcon_core.package_identification:_identify(xf) by extension 'ros'
[0.397s] Level 1:colcon.colcon_core.package_identification:_identify(xf) by extensions ['cmake', 'python']
[0.397s] Level 1:colcon.colcon_core.package_identification:_identify(xf) by extension 'cmake'
[0.397s] Level 1:colcon.colcon_core.package_identification:_identify(xf) by extension 'python'
[0.397s] Level 1:colcon.colcon_core.package_identification:_identify(xf) by extensions ['python_setup_py']
[0.397s] Level 1:colcon.colcon_core.package_identification:_identify(xf) by extension 'python_setup_py'
[0.397s] Level 1:colcon.colcon_core.package_identification:_identify(xf/ros2_xf_bridge) by extensions ['ignore', 'ignore_ament_install']
[0.397s] Level 1:colcon.colcon_core.package_identification:_identify(xf/ros2_xf_bridge) by extension 'ignore'
[0.398s] Level 1:colcon.colcon_core.package_identification:_identify(xf/ros2_xf_bridge) by extension 'ignore_ament_install'
[0.398s] Level 1:colcon.colcon_core.package_identification:_identify(xf/ros2_xf_bridge) by extensions ['colcon_pkg']
[0.398s] Level 1:colcon.colcon_core.package_identification:_identify(xf/ros2_xf_bridge) by extension 'colcon_pkg'
[0.398s] Level 1:colcon.colcon_core.package_identification:_identify(xf/ros2_xf_bridge) by extensions ['colcon_meta']
[0.398s] Level 1:colcon.colcon_core.package_identification:_identify(xf/ros2_xf_bridge) by extension 'colcon_meta'
[0.398s] Level 1:colcon.colcon_core.package_identification:_identify(xf/ros2_xf_bridge) by extensions ['ros']
[0.398s] Level 1:colcon.colcon_core.package_identification:_identify(xf/ros2_xf_bridge) by extension 'ros'
[0.399s] DEBUG:colcon.colcon_core.package_identification:Package 'xf/ros2_xf_bridge' with type 'ros.ament_cmake' and name 'ros2_xf_bridge'
[0.399s] Level 1:colcon.colcon_core.package_discovery:discover_packages(recursive) using defaults
[0.399s] Level 1:colcon.colcon_core.package_discovery:discover_packages(ignore) discover
[0.399s] Level 1:colcon.colcon_core.package_discovery:discover_packages(ignore) using defaults
[0.399s] Level 1:colcon.colcon_core.package_discovery:discover_packages(path) discover
[0.399s] Level 1:colcon.colcon_core.package_discovery:discover_packages(path) using defaults
[0.431s] Level 1:colcon.colcon_core.package_discovery:discover_packages(prefix_path) check parameters
[0.431s] Level 1:colcon.colcon_core.package_discovery:discover_packages(prefix_path) discover
[0.434s] DEBUG:colcon.colcon_installed_package_information.package_discovery:Found 337 installed packages in /opt/ros/humble
[0.436s] Level 1:colcon.colcon_core.package_discovery:discover_packages(prefix_path) using defaults
[0.492s] Level 5:colcon.colcon_core.verb:set package 'ros2_xf_bridge' build argument 'cmake_args' from command line to 'None'
[0.492s] Level 5:colcon.colcon_core.verb:set package 'ros2_xf_bridge' build argument 'cmake_target' from command line to 'None'
[0.492s] Level 5:colcon.colcon_core.verb:set package 'ros2_xf_bridge' build argument 'cmake_target_skip_unavailable' from command line to 'False'
[0.492s] Level 5:colcon.colcon_core.verb:set package 'ros2_xf_bridge' build argument 'cmake_clean_cache' from command line to 'False'
[0.492s] Level 5:colcon.colcon_core.verb:set package 'ros2_xf_bridge' build argument 'cmake_clean_first' from command line to 'False'
[0.492s] Level 5:colcon.colcon_core.verb:set package 'ros2_xf_bridge' build argument 'cmake_force_configure' from command line to 'False'
[0.492s] Level 5:colcon.colcon_core.verb:set package 'ros2_xf_bridge' build argument 'ament_cmake_args' from command line to 'None'
[0.492s] Level 5:colcon.colcon_core.verb:set package 'ros2_xf_bridge' build argument 'catkin_cmake_args' from command line to 'None'
[0.492s] Level 5:colcon.colcon_core.verb:set package 'ros2_xf_bridge' build argument 'catkin_skip_building_tests' from command line to 'False'
[0.492s] DEBUG:colcon.colcon_core.verb:Building package 'ros2_xf_bridge' with the following arguments: {'ament_cmake_args': None, 'build_base': '/home/abc/ROS2_VOICE_WS/src/build/ros2_xf_bridge', 'catkin_cmake_args': None, 'catkin_skip_building_tests': False, 'cmake_args': None, 'cmake_clean_cache': False, 'cmake_clean_first': False, 'cmake_force_configure': False, 'cmake_target': None, 'cmake_target_skip_unavailable': False, 'install_base': '/home/abc/ROS2_VOICE_WS/src/install/ros2_xf_bridge', 'merge_install': False, 'path': '/home/abc/ROS2_VOICE_WS/src/xf/ros2_xf_bridge', 'symlink_install': False, 'test_result_base': None}
[0.493s] Level 5:colcon.colcon_core.verb:set package 'voice_case' build argument 'cmake_args' from command line to 'None'
[0.493s] Level 5:colcon.colcon_core.verb:set package 'voice_case' build argument 'cmake_target' from command line to 'None'
[0.493s] Level 5:colcon.colcon_core.verb:set package 'voice_case' build argument 'cmake_target_skip_unavailable' from command line to 'False'
[0.493s] Level 5:colcon.colcon_core.verb:set package 'voice_case' build argument 'cmake_clean_cache' from command line to 'False'
[0.493s] Level 5:colcon.colcon_core.verb:set package 'voice_case' build argument 'cmake_clean_first' from command line to 'False'
[0.493s] Level 5:colcon.colcon_core.verb:set package 'voice_case' build argument 'cmake_force_configure' from command line to 'False'
[0.493s] Level 5:colcon.colcon_core.verb:set package 'voice_case' build argument 'ament_cmake_args' from command line to 'None'
[0.493s] Level 5:colcon.colcon_core.verb:set package 'voice_case' build argument 'catkin_cmake_args' from command line to 'None'
[0.493s] Level 5:colcon.colcon_core.verb:set package 'voice_case' build argument 'catkin_skip_building_tests' from command line to 'False'
[0.493s] DEBUG:colcon.colcon_core.verb:Building package 'voice_case' with the following arguments: {'ament_cmake_args': None, 'build_base': '/home/abc/ROS2_VOICE_WS/src/build/voice_case', 'catkin_cmake_args': None, 'catkin_skip_building_tests': False, 'cmake_args': None, 'cmake_clean_cache': False, 'cmake_clean_first': False, 'cmake_force_configure': False, 'cmake_target': None, 'cmake_target_skip_unavailable': False, 'install_base': '/home/abc/ROS2_VOICE_WS/src/install/voice_case', 'merge_install': False, 'path': '/home/abc/ROS2_VOICE_WS/src/voice_case', 'symlink_install': False, 'test_result_base': None}
[0.493s] INFO:colcon.colcon_core.executor:Executing jobs using 'parallel' executor
[0.494s] DEBUG:colcon.colcon_parallel_executor.executor.parallel:run_until_complete
[0.494s] INFO:colcon.colcon_ros.task.ament_cmake.build:Building ROS package in '/home/abc/ROS2_VOICE_WS/src/xf/ros2_xf_bridge' with build type 'ament_cmake'
[0.494s] INFO:colcon.colcon_cmake.task.cmake.build:Building CMake package in '/home/abc/ROS2_VOICE_WS/src/xf/ros2_xf_bridge'
[0.498s] INFO:colcon.colcon_core.plugin_system:Skipping extension 'colcon_core.shell.bat': Not used on non-Windows systems
[0.498s] INFO:colcon.colcon_core.shell:Skip shell extension 'powershell' for command environment: Not usable outside of PowerShell
[0.498s] DEBUG:colcon.colcon_core.shell:Skip shell extension 'dsv' for command environment
[0.504s] INFO:colcon.colcon_ros.task.ament_cmake.build:Building ROS package in '/home/abc/ROS2_VOICE_WS/src/voice_case' with build type 'ament_cmake'
[0.504s] INFO:colcon.colcon_cmake.task.cmake.build:Building CMake package in '/home/abc/ROS2_VOICE_WS/src/voice_case'
[0.504s] INFO:colcon.colcon_core.shell:Skip shell extension 'powershell' for command environment: Not usable outside of PowerShell
[0.504s] DEBUG:colcon.colcon_core.shell:Skip shell extension 'dsv' for command environment
[0.514s] DEBUG:colcon.colcon_core.event_handler.log_command:Invoking command in '/home/abc/ROS2_VOICE_WS/src/build/ros2_xf_bridge': CMAKE_PREFIX_PATH=/opt/ros/humble /usr/bin/cmake --build /home/abc/ROS2_VOICE_WS/src/build/ros2_xf_bridge -- -j4 -l4
[0.521s] DEBUG:colcon.colcon_core.event_handler.log_command:Invoking command in '/home/abc/ROS2_VOICE_WS/src/build/voice_case': CMAKE_PREFIX_PATH=/opt/ros/humble /usr/bin/cmake --build /home/abc/ROS2_VOICE_WS/src/build/voice_case -- -j4 -l4
[0.666s] DEBUG:colcon.colcon_core.event_handler.log_command:Invoked command in '/home/abc/ROS2_VOICE_WS/src/build/ros2_xf_bridge' returned '0': CMAKE_PREFIX_PATH=/opt/ros/humble /usr/bin/cmake --build /home/abc/ROS2_VOICE_WS/src/build/ros2_xf_bridge -- -j4 -l4
[0.678s] DEBUG:colcon.colcon_core.event_handler.log_command:Invoking command in '/home/abc/ROS2_VOICE_WS/src/build/ros2_xf_bridge': CMAKE_PREFIX_PATH=/opt/ros/humble /usr/bin/cmake --install /home/abc/ROS2_VOICE_WS/src/build/ros2_xf_bridge
[0.691s] Level 1:colcon.colcon_core.environment:create_environment_scripts_only(ros2_xf_bridge)
[0.692s] DEBUG:colcon.colcon_core.event_handler.log_command:Invoked command in '/home/abc/ROS2_VOICE_WS/src/build/ros2_xf_bridge' returned '0': CMAKE_PREFIX_PATH=/opt/ros/humble /usr/bin/cmake --install /home/abc/ROS2_VOICE_WS/src/build/ros2_xf_bridge
[0.697s] Level 1:colcon.colcon_core.environment:checking '/home/abc/ROS2_VOICE_WS/src/install/ros2_xf_bridge' for CMake module files
[0.698s] Level 1:colcon.colcon_core.environment:checking '/home/abc/ROS2_VOICE_WS/src/install/ros2_xf_bridge' for CMake config files
[0.698s] Level 1:colcon.colcon_core.shell:create_environment_hook('ros2_xf_bridge', 'cmake_prefix_path')
[0.698s] INFO:colcon.colcon_core.shell:Creating environment hook '/home/abc/ROS2_VOICE_WS/src/install/ros2_xf_bridge/share/ros2_xf_bridge/hook/cmake_prefix_path.ps1'
[0.699s] INFO:colcon.colcon_core.shell:Creating environment descriptor '/home/abc/ROS2_VOICE_WS/src/install/ros2_xf_bridge/share/ros2_xf_bridge/hook/cmake_prefix_path.dsv'
[0.699s] INFO:colcon.colcon_core.shell:Creating environment hook '/home/abc/ROS2_VOICE_WS/src/install/ros2_xf_bridge/share/ros2_xf_bridge/hook/cmake_prefix_path.sh'
[0.700s] Level 1:colcon.colcon_core.environment:checking '/home/abc/ROS2_VOICE_WS/src/install/ros2_xf_bridge/lib'
[0.700s] Level 1:colcon.colcon_core.environment:checking '/home/abc/ROS2_VOICE_WS/src/install/ros2_xf_bridge/bin'
[0.701s] Level 1:colcon.colcon_core.environment:checking '/home/abc/ROS2_VOICE_WS/src/install/ros2_xf_bridge/lib/pkgconfig/ros2_xf_bridge.pc'
[0.701s] Level 1:colcon.colcon_core.environment:checking '/home/abc/ROS2_VOICE_WS/src/install/ros2_xf_bridge/lib/python3.10/site-packages'
[0.701s] Level 1:colcon.colcon_core.environment:checking '/home/abc/ROS2_VOICE_WS/src/install/ros2_xf_bridge/bin'
[0.701s] INFO:colcon.colcon_core.shell:Creating package script '/home/abc/ROS2_VOICE_WS/src/install/ros2_xf_bridge/share/ros2_xf_bridge/package.ps1'
[0.702s] INFO:colcon.colcon_core.shell:Creating package descriptor '/home/abc/ROS2_VOICE_WS/src/install/ros2_xf_bridge/share/ros2_xf_bridge/package.dsv'
[0.703s] INFO:colcon.colcon_core.shell:Creating package script '/home/abc/ROS2_VOICE_WS/src/install/ros2_xf_bridge/share/ros2_xf_bridge/package.sh'
[0.704s] INFO:colcon.colcon_core.shell:Creating package script '/home/abc/ROS2_VOICE_WS/src/install/ros2_xf_bridge/share/ros2_xf_bridge/package.bash'
[0.705s] INFO:colcon.colcon_core.shell:Creating package script '/home/abc/ROS2_VOICE_WS/src/install/ros2_xf_bridge/share/ros2_xf_bridge/package.zsh'
[0.706s] Level 1:colcon.colcon_core.environment:create_file_with_runtime_dependencies(/home/abc/ROS2_VOICE_WS/src/install/ros2_xf_bridge/share/colcon-core/packages/ros2_xf_bridge)
[0.707s] Level 1:colcon.colcon_core.environment:create_environment_scripts_only(ros2_xf_bridge)
[0.707s] Level 1:colcon.colcon_core.environment:checking '/home/abc/ROS2_VOICE_WS/src/install/ros2_xf_bridge' for CMake module files
[0.707s] Level 1:colcon.colcon_core.environment:checking '/home/abc/ROS2_VOICE_WS/src/install/ros2_xf_bridge' for CMake config files
[0.707s] Level 1:colcon.colcon_core.shell:create_environment_hook('ros2_xf_bridge', 'cmake_prefix_path')
[0.707s] INFO:colcon.colcon_core.shell:Creating environment hook '/home/abc/ROS2_VOICE_WS/src/install/ros2_xf_bridge/share/ros2_xf_bridge/hook/cmake_prefix_path.ps1'
[0.708s] INFO:colcon.colcon_core.shell:Creating environment descriptor '/home/abc/ROS2_VOICE_WS/src/install/ros2_xf_bridge/share/ros2_xf_bridge/hook/cmake_prefix_path.dsv'
[0.708s] INFO:colcon.colcon_core.shell:Creating environment hook '/home/abc/ROS2_VOICE_WS/src/install/ros2_xf_bridge/share/ros2_xf_bridge/hook/cmake_prefix_path.sh'
[0.709s] Level 1:colcon.colcon_core.environment:checking '/home/abc/ROS2_VOICE_WS/src/install/ros2_xf_bridge/lib'
[0.709s] Level 1:colcon.colcon_core.environment:checking '/home/abc/ROS2_VOICE_WS/src/install/ros2_xf_bridge/bin'
[0.709s] Level 1:colcon.colcon_core.environment:checking '/home/abc/ROS2_VOICE_WS/src/install/ros2_xf_bridge/lib/pkgconfig/ros2_xf_bridge.pc'
[0.709s] Level 1:colcon.colcon_core.environment:checking '/home/abc/ROS2_VOICE_WS/src/install/ros2_xf_bridge/lib/python3.10/site-packages'
[0.710s] Level 1:colcon.colcon_core.environment:checking '/home/abc/ROS2_VOICE_WS/src/install/ros2_xf_bridge/bin'
[0.710s] INFO:colcon.colcon_core.shell:Creating package script '/home/abc/ROS2_VOICE_WS/src/install/ros2_xf_bridge/share/ros2_xf_bridge/package.ps1'
[0.710s] INFO:colcon.colcon_core.shell:Creating package descriptor '/home/abc/ROS2_VOICE_WS/src/install/ros2_xf_bridge/share/ros2_xf_bridge/package.dsv'
[0.711s] INFO:colcon.colcon_core.shell:Creating package script '/home/abc/ROS2_VOICE_WS/src/install/ros2_xf_bridge/share/ros2_xf_bridge/package.sh'
[0.711s] INFO:colcon.colcon_core.shell:Creating package script '/home/abc/ROS2_VOICE_WS/src/install/ros2_xf_bridge/share/ros2_xf_bridge/package.bash'
[0.712s] INFO:colcon.colcon_core.shell:Creating package script '/home/abc/ROS2_VOICE_WS/src/install/ros2_xf_bridge/share/ros2_xf_bridge/package.zsh'
[0.712s] Level 1:colcon.colcon_core.environment:create_file_with_runtime_dependencies(/home/abc/ROS2_VOICE_WS/src/install/ros2_xf_bridge/share/colcon-core/packages/ros2_xf_bridge)
[0.820s] DEBUG:colcon.colcon_core.event_handler.log_command:Invoked command in '/home/abc/ROS2_VOICE_WS/src/build/voice_case' returned '2': CMAKE_PREFIX_PATH=/opt/ros/humble /usr/bin/cmake --build /home/abc/ROS2_VOICE_WS/src/build/voice_case -- -j4 -l4
[0.821s] Level 1:colcon.colcon_core.environment:create_environment_scripts_only(voice_case)
[0.822s] Level 1:colcon.colcon_core.environment:checking '/home/abc/ROS2_VOICE_WS/src/install/voice_case' for CMake module files
[0.822s] Level 1:colcon.colcon_core.environment:checking '/home/abc/ROS2_VOICE_WS/src/install/voice_case' for CMake config files
[0.822s] Level 1:colcon.colcon_core.environment:checking '/home/abc/ROS2_VOICE_WS/src/install/voice_case/bin'
[0.823s] Level 1:colcon.colcon_core.environment:checking '/home/abc/ROS2_VOICE_WS/src/install/voice_case/lib/pkgconfig/voice_case.pc'
[0.823s] Level 1:colcon.colcon_core.environment:checking '/home/abc/ROS2_VOICE_WS/src/install/voice_case/lib/python3.10/site-packages'
[0.823s] Level 1:colcon.colcon_core.environment:checking '/home/abc/ROS2_VOICE_WS/src/install/voice_case/bin'
[0.823s] INFO:colcon.colcon_core.shell:Creating package script '/home/abc/ROS2_VOICE_WS/src/install/voice_case/share/voice_case/package.ps1'
[0.825s] INFO:colcon.colcon_core.shell:Creating package descriptor '/home/abc/ROS2_VOICE_WS/src/install/voice_case/share/voice_case/package.dsv'
[0.826s] INFO:colcon.colcon_core.shell:Creating package script '/home/abc/ROS2_VOICE_WS/src/install/voice_case/share/voice_case/package.sh'
[0.827s] INFO:colcon.colcon_core.shell:Creating package script '/home/abc/ROS2_VOICE_WS/src/install/voice_case/share/voice_case/package.bash'
[0.827s] INFO:colcon.colcon_core.shell:Creating package script '/home/abc/ROS2_VOICE_WS/src/install/voice_case/share/voice_case/package.zsh'
[0.828s] Level 1:colcon.colcon_core.environment:create_file_with_runtime_dependencies(/home/abc/ROS2_VOICE_WS/src/install/voice_case/share/colcon-core/packages/voice_case)
[0.840s] DEBUG:colcon.colcon_parallel_executor.executor.parallel:closing loop
[0.840s] DEBUG:colcon.colcon_parallel_executor.executor.parallel:loop closed
[0.840s] DEBUG:colcon.colcon_parallel_executor.executor.parallel:run_until_complete finished with '2'
[0.840s] DEBUG:colcon.colcon_core.event_reactor:joining thread
[0.852s] INFO:colcon.colcon_core.plugin_system:Skipping extension 'colcon_notification.desktop_notification.terminal_notifier': Not used on non-Darwin systems
[0.852s] INFO:colcon.colcon_core.plugin_system:Skipping extension 'colcon_notification.desktop_notification.win32': Not used on non-Windows systems
[0.852s] INFO:colcon.colcon_notification.desktop_notification:Sending desktop notification using 'notify2'
[0.958s] DEBUG:colcon.colcon_core.event_reactor:joined thread
[0.959s] INFO:colcon.colcon_core.shell:Creating prefix script '/home/abc/ROS2_VOICE_WS/src/install/local_setup.ps1'
[0.960s] INFO:colcon.colcon_core.shell:Creating prefix util module '/home/abc/ROS2_VOICE_WS/src/install/_local_setup_util_ps1.py'
[0.962s] INFO:colcon.colcon_core.shell:Creating prefix chain script '/home/abc/ROS2_VOICE_WS/src/install/setup.ps1'
[0.963s] INFO:colcon.colcon_core.shell:Creating prefix script '/home/abc/ROS2_VOICE_WS/src/install/local_setup.sh'
[0.963s] INFO:colcon.colcon_core.shell:Creating prefix util module '/home/abc/ROS2_VOICE_WS/src/install/_local_setup_util_sh.py'
[0.964s] INFO:colcon.colcon_core.shell:Creating prefix chain script '/home/abc/ROS2_VOICE_WS/src/install/setup.sh'
[0.965s] INFO:colcon.colcon_core.shell:Creating prefix script '/home/abc/ROS2_VOICE_WS/src/install/local_setup.bash'
[0.966s] INFO:colcon.colcon_core.shell:Creating prefix chain script '/home/abc/ROS2_VOICE_WS/src/install/setup.bash'
[0.967s] INFO:colcon.colcon_core.shell:Creating prefix script '/home/abc/ROS2_VOICE_WS/src/install/local_setup.zsh'
[0.968s] INFO:colcon.colcon_core.shell:Creating prefix chain script '/home/abc/ROS2_VOICE_WS/src/install/setup.zsh'
